-- Logs begin at Mon 2019-01-28 20:55:42 UTC, end at Mon 2019-01-28 21:02:46 UTC. --
Jan 28 20:55:42 localhost systemd-journal[87]: Runtime journal is using 8.0M (max allowed 99.9M, trying to leave 149.9M free of 991.5M available â†’ current limit 99.9M).
Jan 28 20:55:42 localhost kernel: Initializing cgroup subsys cpuset
Jan 28 20:55:42 localhost kernel: Initializing cgroup subsys cpu
Jan 28 20:55:42 localhost kernel: Initializing cgroup subsys cpuacct
Jan 28 20:55:42 localhost kernel: Linux version 3.10.0-957.el7.x86_64 (mockbuild@kbuilder.bsys.centos.org) (gcc version 4.8.5 20150623 (Red Hat 4.8.5-36) (GCC) ) #1 SMP Thu Nov 8 23:39:32 UTC 2018
Jan 28 20:55:42 localhost kernel: Command line: method=http://mirror.centos.org/centos/7/os/x86_64/ ks=file:/CentOS-7-x86_64-hvm.ks console=tty0 console=ttyS0,115200 
Jan 28 20:55:42 localhost kernel: Disabled fast string operations
Jan 28 20:55:42 localhost kernel: e820: BIOS-provided physical RAM map:
Jan 28 20:55:42 localhost kernel: BIOS-e820: [mem 0x0000000000000000-0x000000000009d7ff] usable
Jan 28 20:55:42 localhost kernel: BIOS-e820: [mem 0x000000000009d800-0x000000000009ffff] reserved
Jan 28 20:55:42 localhost kernel: BIOS-e820: [mem 0x00000000000f0000-0x00000000000fffff] reserved
Jan 28 20:55:42 localhost kernel: BIOS-e820: [mem 0x0000000000100000-0x000000007fffcfff] usable
Jan 28 20:55:42 localhost kernel: BIOS-e820: [mem 0x000000007fffd000-0x000000007fffffff] reserved
Jan 28 20:55:42 localhost kernel: BIOS-e820: [mem 0x00000000fffbc000-0x00000000ffffffff] reserved
Jan 28 20:55:42 localhost kernel: NX (Execute Disable) protection: active
Jan 28 20:55:42 localhost kernel: SMBIOS 2.4 present.
Jan 28 20:55:42 localhost kernel: DMI: Red Hat KVM, BIOS 0.5.1 01/01/2007
Jan 28 20:55:42 localhost kernel: Hypervisor detected: KVM
Jan 28 20:55:42 localhost kernel: e820: update [mem 0x00000000-0x00000fff] usable ==> reserved
Jan 28 20:55:42 localhost kernel: e820: remove [mem 0x000a0000-0x000fffff] usable
Jan 28 20:55:42 localhost kernel: e820: last_pfn = 0x7fffd max_arch_pfn = 0x400000000
Jan 28 20:55:42 localhost kernel: MTRR default type: write-back
Jan 28 20:55:42 localhost kernel: MTRR fixed ranges enabled:
Jan 28 20:55:42 localhost kernel:   00000-9FFFF write-back
Jan 28 20:55:42 localhost kernel:   A0000-BFFFF uncachable
Jan 28 20:55:42 localhost kernel:   C0000-FFFFF write-protect
Jan 28 20:55:42 localhost kernel: MTRR variable ranges enabled:
Jan 28 20:55:42 localhost kernel:   0 base 0000E0000000 mask 3FFFE0000000 uncachable
Jan 28 20:55:42 localhost kernel:   1 disabled
Jan 28 20:55:42 localhost kernel:   2 disabled
Jan 28 20:55:42 localhost kernel:   3 disabled
Jan 28 20:55:42 localhost kernel:   4 disabled
Jan 28 20:55:42 localhost kernel:   5 disabled
Jan 28 20:55:42 localhost kernel:   6 disabled
Jan 28 20:55:42 localhost kernel:   7 disabled
Jan 28 20:55:42 localhost kernel: PAT configuration [0-7]: WB  WC  UC- UC  UC  UC  UC  UC  
Jan 28 20:55:42 localhost kernel: found SMP MP-table at [mem 0x000fda30-0x000fda3f] mapped at [ffffffffff200a30]
Jan 28 20:55:42 localhost kernel: Base memory trampoline at [ffff9feb40097000] 97000 size 24576
Jan 28 20:55:42 localhost kernel: Using GB pages for direct mapping
Jan 28 20:55:42 localhost kernel: BRK [0x3b252000, 0x3b252fff] PGTABLE
Jan 28 20:55:42 localhost kernel: BRK [0x3b253000, 0x3b253fff] PGTABLE
Jan 28 20:55:42 localhost kernel: BRK [0x3b254000, 0x3b254fff] PGTABLE
Jan 28 20:55:42 localhost kernel: BRK [0x3b255000, 0x3b255fff] PGTABLE
Jan 28 20:55:42 localhost kernel: BRK [0x3b256000, 0x3b256fff] PGTABLE
Jan 28 20:55:42 localhost kernel: BRK [0x3b257000, 0x3b257fff] PGTABLE
Jan 28 20:55:42 localhost kernel: RAMDISK: [mem 0x7cdc9000-0x7ffeffff]
Jan 28 20:55:42 localhost kernel: Early table checksum verification disabled
Jan 28 20:55:42 localhost kernel: ACPI: RSDP 00000000000fd9e0 00014 (v00 BOCHS )
Jan 28 20:55:42 localhost kernel: ACPI: RSDT 000000007fffd5d0 00034 (v01 BOCHS  BXPCRSDT 00000001 BXPC 00000001)
Jan 28 20:55:42 localhost kernel: ACPI: FACP 000000007ffffe20 00074 (v01 BOCHS  BXPCFACP 00000001 BXPC 00000001)
Jan 28 20:55:42 localhost kernel: ACPI: DSDT 000000007fffd910 024A2 (v01   BXPC   BXDSDT 00000001 INTL 20090123)
Jan 28 20:55:42 localhost kernel: ACPI: FACS 000000007ffffdc0 00040
Jan 28 20:55:42 localhost kernel: ACPI: SSDT 000000007fffd810 000FF (v01 BOCHS  BXPCSSDT 00000001 BXPC 00000001)
Jan 28 20:55:42 localhost kernel: ACPI: APIC 000000007fffd720 00080 (v01 BOCHS  BXPCAPIC 00000001 BXPC 00000001)
Jan 28 20:55:42 localhost kernel: ACPI: SSDT 000000007fffd610 0010F (v01   BXPC BXSSDTPC 00000001 INTL 20090123)
Jan 28 20:55:42 localhost kernel: ACPI: Local APIC address 0xfee00000
Jan 28 20:55:42 localhost kernel: No NUMA configuration found
Jan 28 20:55:42 localhost kernel: Faking a node at [mem 0x0000000000000000-0x000000007fffcfff]
Jan 28 20:55:42 localhost kernel: NODE_DATA(0) allocated [mem 0x7cda2000-0x7cdc8fff]
Jan 28 20:55:42 localhost kernel: kvm-clock: cpu 0, msr 0:7cd52001, primary cpu clock
Jan 28 20:55:42 localhost kernel: kvm-clock: Using msrs 4b564d01 and 4b564d00Zone ranges:
Jan 28 20:55:42 localhost kernel:   DMA      [mem 0x00001000-0x00ffffff]
Jan 28 20:55:42 localhost kernel:   DMA32    [mem 0x01000000-0xffffffff]
Jan 28 20:55:42 localhost kernel:   Normal   empty
Jan 28 20:55:42 localhost kernel: Movable zone start for each node
Jan 28 20:55:42 localhost kernel: Early memory node ranges
Jan 28 20:55:42 localhost kernel:   node   0: [mem 0x00001000-0x0009cfff]
Jan 28 20:55:42 localhost kernel:   node   0: [mem 0x00100000-0x7fffcfff]
Jan 28 20:55:42 localhost kernel: Initmem setup node 0 [mem 0x00001000-0x7fffcfff]
Jan 28 20:55:42 localhost kernel: On node 0 totalpages: 524185
Jan 28 20:55:42 localhost kernel:   DMA zone: 64 pages used for memmap
Jan 28 20:55:42 localhost kernel:   DMA zone: 21 pages reserved
Jan 28 20:55:42 localhost kernel:   DMA zone: 3996 pages, LIFO batch:0
Jan 28 20:55:42 localhost kernel:   DMA32 zone: 8128 pages used for memmap
Jan 28 20:55:42 localhost kernel:   DMA32 zone: 520189 pages, LIFO batch:31
Jan 28 20:55:42 localhost kernel: ACPI: PM-Timer IO Port: 0xb008
Jan 28 20:55:42 localhost kernel: ACPI: Local APIC address 0xfee00000
Jan 28 20:55:42 localhost kernel: ACPI: LAPIC (acpi_id[0x00] lapic_id[0x00] enabled)
Jan 28 20:55:42 localhost kernel: ACPI: LAPIC (acpi_id[0x01] lapic_id[0x01] enabled)
Jan 28 20:55:42 localhost kernel: ACPI: LAPIC_NMI (acpi_id[0xff] dfl dfl lint[0x1])
Jan 28 20:55:42 localhost kernel: ACPI: IOAPIC (id[0x00] address[0xfec00000] gsi_base[0])
Jan 28 20:55:42 localhost kernel: IOAPIC[0]: apic_id 0, version 17, address 0xfec00000, GSI 0-23
Jan 28 20:55:42 localhost kernel: ACPI: INT_SRC_OVR (bus 0 bus_irq 0 global_irq 2 dfl dfl)
Jan 28 20:55:42 localhost kernel: ACPI: INT_SRC_OVR (bus 0 bus_irq 5 global_irq 5 high level)
Jan 28 20:55:42 localhost kernel: ACPI: INT_SRC_OVR (bus 0 bus_irq 9 global_irq 9 high level)
Jan 28 20:55:42 localhost kernel: ACPI: INT_SRC_OVR (bus 0 bus_irq 10 global_irq 10 high level)
Jan 28 20:55:42 localhost kernel: ACPI: INT_SRC_OVR (bus 0 bus_irq 11 global_irq 11 high level)
Jan 28 20:55:42 localhost kernel: ACPI: IRQ0 used by override.
Jan 28 20:55:42 localhost kernel: ACPI: IRQ5 used by override.
Jan 28 20:55:42 localhost kernel: ACPI: IRQ9 used by override.
Jan 28 20:55:42 localhost kernel: ACPI: IRQ10 used by override.
Jan 28 20:55:42 localhost kernel: ACPI: IRQ11 used by override.
Jan 28 20:55:42 localhost kernel: Using ACPI (MADT) for SMP configuration information
Jan 28 20:55:42 localhost kernel: smpboot: Allowing 2 CPUs, 0 hotplug CPUs
Jan 28 20:55:42 localhost kernel: PM: Registered nosave memory: [mem 0x0009d000-0x0009dfff]
Jan 28 20:55:42 localhost kernel: PM: Registered nosave memory: [mem 0x0009e000-0x0009ffff]
Jan 28 20:55:42 localhost kernel: PM: Registered nosave memory: [mem 0x000a0000-0x000effff]
Jan 28 20:55:42 localhost kernel: PM: Registered nosave memory: [mem 0x000f0000-0x000fffff]
Jan 28 20:55:42 localhost kernel: e820: [mem 0x80000000-0xfffbbfff] available for PCI devices
Jan 28 20:55:42 localhost kernel: Booting paravirtualized kernel on KVM
Jan 28 20:55:42 localhost kernel: setup_percpu: NR_CPUS:5120 nr_cpumask_bits:2 nr_cpu_ids:2 nr_node_ids:1
Jan 28 20:55:42 localhost kernel: PERCPU: Embedded 38 pages/cpu @ffff9febbca00000 s118784 r8192 d28672 u1048576
Jan 28 20:55:42 localhost kernel: pcpu-alloc: s118784 r8192 d28672 u1048576 alloc=1*2097152
Jan 28 20:55:42 localhost kernel: pcpu-alloc: [0] 0 1 
Jan 28 20:55:42 localhost kernel: kvm-stealtime: cpu 0, msr 7ca1c040
Jan 28 20:55:42 localhost kernel: Built 1 zonelists in Node order, mobility grouping on.  Total pages: 515972
Jan 28 20:55:42 localhost kernel: Policy zone: DMA32
Jan 28 20:55:42 localhost kernel: Kernel command line: method=http://mirror.centos.org/centos/7/os/x86_64/ ks=file:/CentOS-7-x86_64-hvm.ks console=tty0 console=ttyS0,115200 
Jan 28 20:55:42 localhost kernel: PID hash table entries: 4096 (order: 3, 32768 bytes)
Jan 28 20:55:42 localhost kernel: x86/fpu: xstate_offset[2]: 0240, xstate_sizes[2]: 0100
Jan 28 20:55:42 localhost kernel: xsave: enabled xstate_bv 0x7, cntxt size 0x340 using standard form
Jan 28 20:55:42 localhost kernel: Memory: 1992684k/2097140k available (7664k kernel code, 400k absent, 104056k reserved, 6055k data, 1876k init)
Jan 28 20:55:42 localhost kernel: SLUB: HWalign=64, Order=0-3, MinObjects=0, CPUs=2, Nodes=1
Jan 28 20:55:42 localhost kernel: x86/pti: Unmapping kernel while in userspace
Jan 28 20:55:42 localhost kernel: Hierarchical RCU implementation.
Jan 28 20:55:42 localhost kernel:         RCU restricting CPUs from NR_CPUS=5120 to nr_cpu_ids=2.
Jan 28 20:55:42 localhost kernel: NR_IRQS:327936 nr_irqs:440 0
Jan 28 20:55:42 localhost kernel: Console: colour dummy device 80x25
Jan 28 20:55:42 localhost kernel: console [tty0] enabled
Jan 28 20:55:42 localhost kernel: console [ttyS0] enabled
Jan 28 20:55:42 localhost kernel: allocated 8388608 bytes of page_cgroup
Jan 28 20:55:42 localhost kernel: please try 'cgroup_disable=memory' option if you don't want memory cgroups
Jan 28 20:55:42 localhost kernel: tsc: Detected 1999.999 MHz processor
Jan 28 20:55:42 localhost kernel: Calibrating delay loop (skipped) preset value.. 3999.99 BogoMIPS (lpj=1999999)
Jan 28 20:55:42 localhost kernel: pid_max: default: 32768 minimum: 301
Jan 28 20:55:42 localhost kernel: Security Framework initialized
Jan 28 20:55:42 localhost kernel: SELinux:  Initializing.
Jan 28 20:55:42 localhost kernel: SELinux:  Starting in permissive mode
Jan 28 20:55:42 localhost kernel: Yama: becoming mindful.
Jan 28 20:55:42 localhost kernel: Dentry cache hash table entries: 262144 (order: 9, 2097152 bytes)
Jan 28 20:55:42 localhost kernel: Inode-cache hash table entries: 131072 (order: 8, 1048576 bytes)
Jan 28 20:55:42 localhost kernel: Mount-cache hash table entries: 4096 (order: 3, 32768 bytes)
Jan 28 20:55:42 localhost kernel: Mountpoint-cache hash table entries: 4096 (order: 3, 32768 bytes)
Jan 28 20:55:42 localhost kernel: Initializing cgroup subsys memory
Jan 28 20:55:42 localhost kernel: Initializing cgroup subsys devices
Jan 28 20:55:42 localhost kernel: Initializing cgroup subsys freezer
Jan 28 20:55:42 localhost kernel: Initializing cgroup subsys net_cls
Jan 28 20:55:42 localhost kernel: Initializing cgroup subsys blkio
Jan 28 20:55:42 localhost kernel: Initializing cgroup subsys perf_event
Jan 28 20:55:42 localhost kernel: Initializing cgroup subsys hugetlb
Jan 28 20:55:42 localhost kernel: Initializing cgroup subsys pids
Jan 28 20:55:42 localhost kernel: Initializing cgroup subsys net_prio
Jan 28 20:55:42 localhost kernel: Disabled fast string operations
Jan 28 20:55:42 localhost kernel: mce: CPU supports 10 MCE banks
Jan 28 20:55:42 localhost kernel: Last level iTLB entries: 4KB 0, 2MB 0, 4MB 0
Jan 28 20:55:42 localhost kernel: Last level dTLB entries: 4KB 0, 2MB 0, 4MB 0
Jan 28 20:55:42 localhost kernel: tlb_flushall_shift: 6
Jan 28 20:55:42 localhost kernel: Speculative Store Bypass: Vulnerable
Jan 28 20:55:42 localhost kernel: FEATURE SPEC_CTRL Not Present
Jan 28 20:55:42 localhost kernel: FEATURE IBPB_SUPPORT Not Present
Jan 28 20:55:42 localhost kernel: Spectre V2 : Vulnerable: Retpoline without IBPB
Jan 28 20:55:42 localhost kernel: Freeing SMP alternatives: 28k freed
Jan 28 20:55:42 localhost kernel: ACPI: Core revision 20130517
Jan 28 20:55:42 localhost kernel: ACPI: All ACPI Tables successfully acquired
Jan 28 20:55:42 localhost kernel: ftrace: allocating 29185 entries in 115 pages
Jan 28 20:55:42 localhost kernel: Enabling x2apic
Jan 28 20:55:42 localhost kernel: Enabled x2apic
Jan 28 20:55:42 localhost kernel: Switched APIC routing to physical x2apic.
Jan 28 20:55:42 localhost kernel: ..TIMER: vector=0x30 apic1=0 pin1=2 apic2=-1 pin2=-1
Jan 28 20:55:42 localhost kernel: smpboot: CPU0: Intel Xeon E312xx (Sandy Bridge) (fam: 06, model: 2a, stepping: 01)
Jan 28 20:55:42 localhost kernel: TSC deadline timer enabled
Jan 28 20:55:42 localhost kernel: Performance Events: unsupported p6 CPU model 42 no PMU driver, software events only.
Jan 28 20:55:42 localhost kernel: smpboot: Booting Node   0, Processors  #1 OK
Jan 28 20:55:42 localhost kernel: kvm-clock: cpu 1, msr 0:7cd52041, secondary cpu clock
Jan 28 20:55:42 localhost kernel: Disabled fast string operations
Jan 28 20:55:42 localhost kernel: Brought up 2 CPUs
Jan 28 20:55:42 localhost kernel: kvm-stealtime: cpu 1, msr 7cb1c040
Jan 28 20:55:42 localhost kernel: smpboot: Max logical packages: 2
Jan 28 20:55:42 localhost kernel: smpboot: Total of 2 processors activated (7999.99 BogoMIPS)
Jan 28 20:55:42 localhost kernel: devtmpfs: initialized
Jan 28 20:55:42 localhost kernel: EVM: security.selinux
Jan 28 20:55:42 localhost kernel: EVM: security.ima
Jan 28 20:55:42 localhost kernel: EVM: security.capability
Jan 28 20:55:42 localhost kernel: atomic64 test passed for x86-64 platform with CX8 and with SSE
Jan 28 20:55:42 localhost kernel: pinctrl core: initialized pinctrl subsystem
Jan 28 20:55:42 localhost kernel: RTC time: 20:55:38, date: 01/28/19
Jan 28 20:55:42 localhost kernel: NET: Registered protocol family 16
Jan 28 20:55:42 localhost kernel: ACPI: bus type PCI registered
Jan 28 20:55:42 localhost kernel: acpiphp: ACPI Hot Plug PCI Controller Driver version: 0.5
Jan 28 20:55:42 localhost kernel: PCI: Using configuration type 1 for base access
Jan 28 20:55:42 localhost kernel: ACPI: Added _OSI(Module Device)
Jan 28 20:55:42 localhost kernel: ACPI: Added _OSI(Processor Device)
Jan 28 20:55:42 localhost kernel: ACPI: Added _OSI(3.0 _SCP Extensions)
Jan 28 20:55:42 localhost kernel: ACPI: Added _OSI(Processor Aggregator Device)
Jan 28 20:55:42 localhost kernel: ACPI: Added _OSI(Linux-Dell-Video)
Jan 28 20:55:42 localhost kernel: ACPI: EC: Look up EC in DSDT
Jan 28 20:55:42 localhost kernel: ACPI: Interpreter enabled
Jan 28 20:55:42 localhost kernel: ACPI: (supports S0 S5)
Jan 28 20:55:42 localhost kernel: ACPI: Using IOAPIC for interrupt routing
Jan 28 20:55:42 localhost kernel: PCI: Using host bridge windows from ACPI; if necessary, use "pci=nocrs" and report a bug
Jan 28 20:55:42 localhost kernel: ACPI: Enabled 16 GPEs in block 00 to 0F
Jan 28 20:55:42 localhost kernel: ACPI: PCI Root Bridge [PCI0] (domain 0000 [bus 00-ff])
Jan 28 20:55:42 localhost kernel: acpi PNP0A03:00: _OSC: OS supports [ASPM ClockPM Segments MSI]
Jan 28 20:55:42 localhost kernel: acpi PNP0A03:00: _OSC failed (AE_NOT_FOUND); disabling ASPM
Jan 28 20:55:42 localhost kernel: acpi PNP0A03:00: fail to add MMCONFIG information, can't access extended PCI configuration space under this bridge.
Jan 28 20:55:42 localhost kernel: acpiphp: Slot [1] registered
Jan 28 20:55:42 localhost kernel: acpiphp: Slot [2] registered
Jan 28 20:55:42 localhost kernel: acpiphp: Slot [3] registered
Jan 28 20:55:42 localhost kernel: acpiphp: Slot [4] registered
Jan 28 20:55:42 localhost kernel: acpiphp: Slot [5] registered
Jan 28 20:55:42 localhost kernel: acpiphp: Slot [6] registered
Jan 28 20:55:42 localhost kernel: acpiphp: Slot [7] registered
Jan 28 20:55:42 localhost kernel: acpiphp: Slot [8] registered
Jan 28 20:55:42 localhost kernel: acpiphp: Slot [9] registered
Jan 28 20:55:42 localhost kernel: acpiphp: Slot [10] registered
Jan 28 20:55:42 localhost kernel: acpiphp: Slot [11] registered
Jan 28 20:55:42 localhost kernel: acpiphp: Slot [12] registered
Jan 28 20:55:42 localhost kernel: acpiphp: Slot [13] registered
Jan 28 20:55:42 localhost kernel: acpiphp: Slot [14] registered
Jan 28 20:55:42 localhost kernel: acpiphp: Slot [15] registered
Jan 28 20:55:42 localhost kernel: acpiphp: Slot [16] registered
Jan 28 20:55:42 localhost kernel: acpiphp: Slot [17] registered
Jan 28 20:55:42 localhost kernel: acpiphp: Slot [18] registered
Jan 28 20:55:42 localhost kernel: acpiphp: Slot [19] registered
Jan 28 20:55:42 localhost kernel: acpiphp: Slot [20] registered
Jan 28 20:55:42 localhost kernel: acpiphp: Slot [21] registered
Jan 28 20:55:42 localhost kernel: acpiphp: Slot [22] registered
Jan 28 20:55:42 localhost kernel: acpiphp: Slot [23] registered
Jan 28 20:55:42 localhost kernel: acpiphp: Slot [24] registered
Jan 28 20:55:42 localhost kernel: acpiphp: Slot [25] registered
Jan 28 20:55:42 localhost kernel: acpiphp: Slot [26] registered
Jan 28 20:55:42 localhost kernel: acpiphp: Slot [27] registered
Jan 28 20:55:42 localhost kernel: acpiphp: Slot [28] registered
Jan 28 20:55:42 localhost kernel: acpiphp: Slot [29] registered
Jan 28 20:55:42 localhost kernel: acpiphp: Slot [30] registered
Jan 28 20:55:42 localhost kernel: acpiphp: Slot [31] registered
Jan 28 20:55:42 localhost kernel: PCI host bridge to bus 0000:00
Jan 28 20:55:42 localhost kernel: pci_bus 0000:00: root bus resource [io  0x0000-0x0cf7 window]
Jan 28 20:55:42 localhost kernel: pci_bus 0000:00: root bus resource [io  0x0d00-0xffff window]
Jan 28 20:55:42 localhost kernel: pci_bus 0000:00: root bus resource [mem 0x000a0000-0x000bffff window]
Jan 28 20:55:42 localhost kernel: pci_bus 0000:00: root bus resource [mem 0xe0000000-0xfebfffff window]
Jan 28 20:55:42 localhost kernel: pci_bus 0000:00: root bus resource [bus 00-ff]
Jan 28 20:55:42 localhost kernel: pci 0000:00:00.0: [8086:1237] type 00 class 0x060000
Jan 28 20:55:42 localhost kernel: pci 0000:00:01.0: [8086:7000] type 00 class 0x060100
Jan 28 20:55:42 localhost kernel: pci 0000:00:01.1: [8086:7010] type 00 class 0x010180
Jan 28 20:55:42 localhost kernel: pci 0000:00:01.1: reg 0x20: [io  0xc000-0xc00f]
Jan 28 20:55:42 localhost kernel: pci 0000:00:01.1: legacy IDE quirk: reg 0x10: [io  0x01f0-0x01f7]
Jan 28 20:55:42 localhost kernel: pci 0000:00:01.1: legacy IDE quirk: reg 0x14: [io  0x03f6]
Jan 28 20:55:42 localhost kernel: pci 0000:00:01.1: legacy IDE quirk: reg 0x18: [io  0x0170-0x0177]
Jan 28 20:55:42 localhost kernel: pci 0000:00:01.1: legacy IDE quirk: reg 0x1c: [io  0x0376]
Jan 28 20:55:42 localhost kernel: pci 0000:00:01.3: [8086:7113] type 00 class 0x068000
Jan 28 20:55:42 localhost kernel: pci 0000:00:01.3: quirk: [io  0xb000-0xb03f] claimed by PIIX4 ACPI
Jan 28 20:55:42 localhost kernel: pci 0000:00:01.3: quirk: [io  0xb100-0xb10f] claimed by PIIX4 SMB
Jan 28 20:55:42 localhost kernel: pci 0000:00:03.0: [1af4:1000] type 00 class 0x020000
Jan 28 20:55:42 localhost kernel: pci 0000:00:03.0: reg 0x10: [io  0xc020-0xc03f]
Jan 28 20:55:42 localhost kernel: pci 0000:00:03.0: reg 0x14: [mem 0xf0000000-0xf0000fff]
Jan 28 20:55:42 localhost kernel: pci 0000:00:03.0: reg 0x30: [mem 0xf0010000-0xf001ffff pref]
Jan 28 20:55:42 localhost kernel: pci 0000:00:04.0: [8086:2934] type 00 class 0x0c0300
Jan 28 20:55:42 localhost kernel: pci 0000:00:04.0: reg 0x20: [io  0xc040-0xc05f]
Jan 28 20:55:42 localhost kernel: pci 0000:00:04.1: [8086:2935] type 00 class 0x0c0300
Jan 28 20:55:42 localhost kernel: pci 0000:00:04.1: reg 0x20: [io  0xc060-0xc07f]
Jan 28 20:55:42 localhost kernel: pci 0000:00:04.2: [8086:2936] type 00 class 0x0c0300
Jan 28 20:55:42 localhost kernel: pci 0000:00:04.2: reg 0x20: [io  0xc080-0xc09f]
Jan 28 20:55:42 localhost kernel: pci 0000:00:04.7: [8086:293a] type 00 class 0x0c0320
Jan 28 20:55:42 localhost kernel: pci 0000:00:04.7: reg 0x10: [mem 0xf0020000-0xf0020fff]
Jan 28 20:55:42 localhost kernel: pci 0000:00:05.0: [1af4:1001] type 00 class 0x010000
Jan 28 20:55:42 localhost kernel: pci 0000:00:05.0: reg 0x10: [io  0xc0c0-0xc0ff]
Jan 28 20:55:42 localhost kernel: pci 0000:00:05.0: reg 0x14: [mem 0xf0021000-0xf0021fff]
Jan 28 20:55:42 localhost kernel: pci 0000:00:06.0: [1af4:1002] type 00 class 0x050000
Jan 28 20:55:42 localhost kernel: pci 0000:00:06.0: reg 0x10: [io  0xc100-0xc11f]
Jan 28 20:55:42 localhost kernel: ACPI: PCI Interrupt Link [LNKA] (IRQs 5 *10 11)
Jan 28 20:55:42 localhost kernel: ACPI: PCI Interrupt Link [LNKB] (IRQs 5 *10 11)
Jan 28 20:55:42 localhost kernel: ACPI: PCI Interrupt Link [LNKC] (IRQs 5 10 *11)
Jan 28 20:55:42 localhost kernel: ACPI: PCI Interrupt Link [LNKD] (IRQs 5 10 *11)
Jan 28 20:55:42 localhost kernel: ACPI: PCI Interrupt Link [LNKS] (IRQs *9)
Jan 28 20:55:42 localhost kernel: vgaarb: loaded
Jan 28 20:55:42 localhost kernel: SCSI subsystem initialized
Jan 28 20:55:42 localhost kernel: ACPI: bus type USB registered
Jan 28 20:55:42 localhost kernel: usbcore: registered new interface driver usbfs
Jan 28 20:55:42 localhost kernel: usbcore: registered new interface driver hub
Jan 28 20:55:42 localhost kernel: usbcore: registered new device driver usb
Jan 28 20:55:42 localhost kernel: EDAC MC: Ver: 3.0.0
Jan 28 20:55:42 localhost kernel: PCI: Using ACPI for IRQ routing
Jan 28 20:55:42 localhost kernel: PCI: pci_cache_line_size set to 64 bytes
Jan 28 20:55:42 localhost kernel: e820: reserve RAM buffer [mem 0x0009d800-0x0009ffff]
Jan 28 20:55:42 localhost kernel: e820: reserve RAM buffer [mem 0x7fffd000-0x7fffffff]
Jan 28 20:55:42 localhost kernel: NetLabel: Initializing
Jan 28 20:55:42 localhost kernel: NetLabel:  domain hash size = 128
Jan 28 20:55:42 localhost kernel: NetLabel:  protocols = UNLABELED CIPSOv4
Jan 28 20:55:42 localhost kernel: NetLabel:  unlabeled traffic allowed by default
Jan 28 20:55:42 localhost kernel: amd_nb: Cannot enumerate AMD northbridges
Jan 28 20:55:42 localhost kernel: Switched to clocksource kvm-clock
Jan 28 20:55:42 localhost kernel: pnp: PnP ACPI init
Jan 28 20:55:42 localhost kernel: ACPI: bus type PNP registered
Jan 28 20:55:42 localhost kernel: pnp 00:00: Plug and Play ACPI device, IDs PNP0b00 (active)
Jan 28 20:55:42 localhost kernel: pnp 00:01: Plug and Play ACPI device, IDs PNP0303 (active)
Jan 28 20:55:42 localhost kernel: pnp 00:02: Plug and Play ACPI device, IDs PNP0f13 (active)
Jan 28 20:55:42 localhost kernel: pnp 00:03: [dma 2]
Jan 28 20:55:42 localhost kernel: pnp 00:03: Plug and Play ACPI device, IDs PNP0700 (active)
Jan 28 20:55:42 localhost kernel: pnp 00:04: Plug and Play ACPI device, IDs PNP0501 (active)
Jan 28 20:55:42 localhost kernel: pnp: PnP ACPI: found 5 devices
Jan 28 20:55:42 localhost kernel: ACPI: bus type PNP unregistered
Jan 28 20:55:42 localhost kernel: pci_bus 0000:00: resource 4 [io  0x0000-0x0cf7 window]
Jan 28 20:55:42 localhost kernel: pci_bus 0000:00: resource 5 [io  0x0d00-0xffff window]
Jan 28 20:55:42 localhost kernel: pci_bus 0000:00: resource 6 [mem 0x000a0000-0x000bffff window]
Jan 28 20:55:42 localhost kernel: pci_bus 0000:00: resource 7 [mem 0xe0000000-0xfebfffff window]
Jan 28 20:55:42 localhost kernel: NET: Registered protocol family 2
Jan 28 20:55:42 localhost kernel: TCP established hash table entries: 16384 (order: 5, 131072 bytes)
Jan 28 20:55:42 localhost kernel: TCP bind hash table entries: 16384 (order: 6, 262144 bytes)
Jan 28 20:55:42 localhost kernel: TCP: Hash tables configured (established 16384 bind 16384)
Jan 28 20:55:42 localhost kernel: TCP: reno registered
Jan 28 20:55:42 localhost kernel: UDP hash table entries: 1024 (order: 3, 32768 bytes)
Jan 28 20:55:42 localhost kernel: UDP-Lite hash table entries: 1024 (order: 3, 32768 bytes)
Jan 28 20:55:42 localhost kernel: NET: Registered protocol family 1
Jan 28 20:55:42 localhost kernel: pci 0000:00:00.0: Limiting direct PCI/PCI transfers
Jan 28 20:55:42 localhost kernel: pci 0000:00:01.0: PIIX3: Enabling Passive Release
Jan 28 20:55:42 localhost kernel: pci 0000:00:01.0: Activating ISA DMA hang workarounds
Jan 28 20:55:42 localhost kernel: ACPI: PCI Interrupt Link [LNKC] enabled at IRQ 11
Jan 28 20:55:42 localhost kernel: PCI: CLS 0 bytes, default 64
Jan 28 20:55:42 localhost kernel: Unpacking initramfs...
Jan 28 20:55:42 localhost kernel: Freeing initrd memory: 51356k freed
Jan 28 20:55:42 localhost kernel: sha1_ssse3: Using AVX optimized SHA-1 implementation
Jan 28 20:55:42 localhost kernel: sha256_ssse3: Using AVX optimized SHA-256 implementation
Jan 28 20:55:42 localhost kernel: futex hash table entries: 512 (order: 3, 32768 bytes)
Jan 28 20:55:42 localhost kernel: Initialise system trusted keyring
Jan 28 20:55:42 localhost kernel: audit: initializing netlink socket (disabled)
Jan 28 20:55:42 localhost kernel: type=2000 audit(1548708944.133:1): initialized
Jan 28 20:55:42 localhost kernel: HugeTLB registered 1 GB page size, pre-allocated 0 pages
Jan 28 20:55:42 localhost kernel: HugeTLB registered 2 MB page size, pre-allocated 0 pages
Jan 28 20:55:42 localhost kernel: zpool: loaded
Jan 28 20:55:42 localhost kernel: zbud: loaded
Jan 28 20:55:42 localhost kernel: VFS: Disk quotas dquot_6.5.2
Jan 28 20:55:42 localhost kernel: Dquot-cache hash table entries: 512 (order 0, 4096 bytes)
Jan 28 20:55:42 localhost kernel: msgmni has been set to 3992
Jan 28 20:55:42 localhost kernel: Key type big_key registered
Jan 28 20:55:42 localhost kernel: SELinux:  Registering netfilter hooks
Jan 28 20:55:42 localhost kernel: NET: Registered protocol family 38
Jan 28 20:55:42 localhost kernel: Key type asymmetric registered
Jan 28 20:55:42 localhost kernel: Asymmetric key parser 'x509' registered
Jan 28 20:55:42 localhost kernel: Block layer SCSI generic (bsg) driver version 0.4 loaded (major 248)
Jan 28 20:55:42 localhost kernel: io scheduler noop registered
Jan 28 20:55:42 localhost kernel: io scheduler deadline registered (default)
Jan 28 20:55:42 localhost kernel: io scheduler cfq registered
Jan 28 20:55:42 localhost kernel: io scheduler mq-deadline registered
Jan 28 20:55:42 localhost kernel: io scheduler kyber registered
Jan 28 20:55:42 localhost kernel: pci_hotplug: PCI Hot Plug PCI Core version: 0.5
Jan 28 20:55:42 localhost kernel: pciehp: PCI Express Hot Plug Controller Driver version: 0.4
Jan 28 20:55:42 localhost kernel: shpchp: Standard Hot Plug PCI Controller Driver version: 0.4
Jan 28 20:55:42 localhost kernel: intel_idle: does not run on family 6 model 42
Jan 28 20:55:42 localhost kernel: input: Power Button as /devices/LNXSYSTM:00/LNXPWRBN:00/input/input0
Jan 28 20:55:42 localhost kernel: ACPI: Power Button [PWRF]
Jan 28 20:55:42 localhost kernel: GHES: HEST is not enabled!
Jan 28 20:55:42 localhost kernel: Serial: 8250/16550 driver, 4 ports, IRQ sharing enabled
Jan 28 20:55:42 localhost kernel: 00:04: ttyS0 at I/O 0x3f8 (irq = 4) is a 16550A
Jan 28 20:55:42 localhost kernel: Non-volatile memory driver v1.3
Jan 28 20:55:42 localhost kernel: Linux agpgart interface v0.103
Jan 28 20:55:42 localhost kernel: crash memory driver: version 1.1
Jan 28 20:55:42 localhost kernel: rdac: device handler registered
Jan 28 20:55:42 localhost kernel: hp_sw: device handler registered
Jan 28 20:55:42 localhost kernel: emc: device handler registered
Jan 28 20:55:42 localhost kernel: alua: device handler registered
Jan 28 20:55:42 localhost kernel: libphy: Fixed MDIO Bus: probed
Jan 28 20:55:42 localhost kernel: ehci_hcd: USB 2.0 'Enhanced' Host Controller (EHCI) Driver
Jan 28 20:55:42 localhost kernel: ehci-pci: EHCI PCI platform driver
Jan 28 20:55:42 localhost kernel: ehci-pci 0000:00:04.7: EHCI Host Controller
Jan 28 20:55:42 localhost kernel: ehci-pci 0000:00:04.7: new USB bus registered, assigned bus number 1
Jan 28 20:55:42 localhost kernel: ehci-pci 0000:00:04.7: irq 11, io mem 0xf0020000
Jan 28 20:55:42 localhost kernel: ehci-pci 0000:00:04.7: USB 2.0 started, EHCI 1.00
Jan 28 20:55:42 localhost kernel: usb usb1: New USB device found, idVendor=1d6b, idProduct=0002
Jan 28 20:55:42 localhost kernel: usb usb1: New USB device strings: Mfr=3, Product=2, SerialNumber=1
Jan 28 20:55:42 localhost kernel: usb usb1: Product: EHCI Host Controller
Jan 28 20:55:42 localhost kernel: usb usb1: Manufacturer: Linux 3.10.0-957.el7.x86_64 ehci_hcd
Jan 28 20:55:42 localhost kernel: usb usb1: SerialNumber: 0000:00:04.7
Jan 28 20:55:42 localhost kernel: hub 1-0:1.0: USB hub found
Jan 28 20:55:42 localhost kernel: hub 1-0:1.0: 6 ports detected
Jan 28 20:55:42 localhost kernel: ohci_hcd: USB 1.1 'Open' Host Controller (OHCI) Driver
Jan 28 20:55:42 localhost kernel: ohci-pci: OHCI PCI platform driver
Jan 28 20:55:42 localhost kernel: uhci_hcd: USB Universal Host Controller Interface driver
Jan 28 20:55:42 localhost kernel: uhci_hcd 0000:00:04.0: UHCI Host Controller
Jan 28 20:55:42 localhost kernel: uhci_hcd 0000:00:04.0: new USB bus registered, assigned bus number 2
Jan 28 20:55:42 localhost kernel: uhci_hcd 0000:00:04.0: detected 2 ports
Jan 28 20:55:42 localhost kernel: uhci_hcd 0000:00:04.0: irq 11, io base 0x0000c040
Jan 28 20:55:42 localhost kernel: usb usb2: New USB device found, idVendor=1d6b, idProduct=0001
Jan 28 20:55:42 localhost kernel: usb usb2: New USB device strings: Mfr=3, Product=2, SerialNumber=1
Jan 28 20:55:42 localhost kernel: usb usb2: Product: UHCI Host Controller
Jan 28 20:55:42 localhost kernel: usb usb2: Manufacturer: Linux 3.10.0-957.el7.x86_64 uhci_hcd
Jan 28 20:55:42 localhost kernel: usb usb2: SerialNumber: 0000:00:04.0
Jan 28 20:55:42 localhost kernel: hub 2-0:1.0: USB hub found
Jan 28 20:55:42 localhost kernel: hub 2-0:1.0: 2 ports detected
Jan 28 20:55:42 localhost kernel: uhci_hcd 0000:00:04.1: UHCI Host Controller
Jan 28 20:55:42 localhost kernel: uhci_hcd 0000:00:04.1: new USB bus registered, assigned bus number 3
Jan 28 20:55:42 localhost kernel: uhci_hcd 0000:00:04.1: detected 2 ports
Jan 28 20:55:42 localhost kernel: uhci_hcd 0000:00:04.1: irq 11, io base 0x0000c060
Jan 28 20:55:42 localhost kernel: usb usb3: New USB device found, idVendor=1d6b, idProduct=0001
Jan 28 20:55:42 localhost kernel: usb usb3: New USB device strings: Mfr=3, Product=2, SerialNumber=1
Jan 28 20:55:42 localhost kernel: usb usb3: Product: UHCI Host Controller
Jan 28 20:55:42 localhost kernel: usb usb3: Manufacturer: Linux 3.10.0-957.el7.x86_64 uhci_hcd
Jan 28 20:55:42 localhost kernel: usb usb3: SerialNumber: 0000:00:04.1
Jan 28 20:55:42 localhost kernel: hub 3-0:1.0: USB hub found
Jan 28 20:55:42 localhost kernel: hub 3-0:1.0: 2 ports detected
Jan 28 20:55:42 localhost kernel: uhci_hcd 0000:00:04.2: UHCI Host Controller
Jan 28 20:55:42 localhost kernel: uhci_hcd 0000:00:04.2: new USB bus registered, assigned bus number 4
Jan 28 20:55:42 localhost kernel: uhci_hcd 0000:00:04.2: detected 2 ports
Jan 28 20:55:42 localhost kernel: uhci_hcd 0000:00:04.2: irq 11, io base 0x0000c080
Jan 28 20:55:42 localhost kernel: usb usb4: New USB device found, idVendor=1d6b, idProduct=0001
Jan 28 20:55:42 localhost kernel: usb usb4: New USB device strings: Mfr=3, Product=2, SerialNumber=1
Jan 28 20:55:42 localhost kernel: usb usb4: Product: UHCI Host Controller
Jan 28 20:55:42 localhost kernel: usb usb4: Manufacturer: Linux 3.10.0-957.el7.x86_64 uhci_hcd
Jan 28 20:55:42 localhost kernel: usb usb4: SerialNumber: 0000:00:04.2
Jan 28 20:55:42 localhost kernel: hub 4-0:1.0: USB hub found
Jan 28 20:55:42 localhost kernel: hub 4-0:1.0: 2 ports detected
Jan 28 20:55:42 localhost kernel: usbcore: registered new interface driver usbserial_generic
Jan 28 20:55:42 localhost kernel: usbserial: USB Serial support registered for generic
Jan 28 20:55:42 localhost kernel: i8042: PNP: PS/2 Controller [PNP0303:KBD,PNP0f13:MOU] at 0x60,0x64 irq 1,12
Jan 28 20:55:42 localhost kernel: serio: i8042 KBD port at 0x60,0x64 irq 1
Jan 28 20:55:42 localhost kernel: serio: i8042 AUX port at 0x60,0x64 irq 12
Jan 28 20:55:42 localhost kernel: mousedev: PS/2 mouse device common for all mice
Jan 28 20:55:42 localhost kernel: input: AT Translated Set 2 keyboard as /devices/platform/i8042/serio0/input/input1
Jan 28 20:55:42 localhost kernel: input: VirtualPS/2 VMware VMMouse as /devices/platform/i8042/serio1/input/input2
Jan 28 20:55:42 localhost kernel: rtc_cmos 00:00: RTC can wake from S4
Jan 28 20:55:42 localhost kernel: input: VirtualPS/2 VMware VMMouse as /devices/platform/i8042/serio1/input/input3
Jan 28 20:55:42 localhost kernel: rtc_cmos 00:00: rtc core: registered rtc_cmos as rtc0
Jan 28 20:55:42 localhost kernel: rtc_cmos 00:00: alarms up to one day, 114 bytes nvram
Jan 28 20:55:42 localhost kernel: cpuidle: using governor menu
Jan 28 20:55:42 localhost kernel: hidraw: raw HID events driver (C) Jiri Kosina
Jan 28 20:55:42 localhost kernel: usbcore: registered new interface driver usbhid
Jan 28 20:55:42 localhost kernel: usbhid: USB HID core driver
Jan 28 20:55:42 localhost kernel: drop_monitor: Initializing network drop monitor service
Jan 28 20:55:42 localhost kernel: TCP: cubic registered
Jan 28 20:55:42 localhost kernel: Initializing XFRM netlink socket
Jan 28 20:55:42 localhost kernel: NET: Registered protocol family 10
Jan 28 20:55:42 localhost kernel: NET: Registered protocol family 17
Jan 28 20:55:42 localhost kernel: mpls_gso: MPLS GSO support
Jan 28 20:55:42 localhost kernel: PM: Hibernation image not present or could not be loaded.
Jan 28 20:55:42 localhost kernel: Loading compiled-in X.509 certificates
Jan 28 20:55:42 localhost kernel: Loaded X.509 cert 'CentOS Linux kpatch signing key: ea0413152cde1d98ebdca3fe6f0230904c9ef717'
Jan 28 20:55:42 localhost kernel: Loaded X.509 cert 'CentOS Linux Driver update signing key: 7f421ee0ab69461574bb358861dbe77762a4201b'
Jan 28 20:55:42 localhost kernel: Loaded X.509 cert 'CentOS Linux kernel signing key: b70dcf0df2d9b7f29159248249fd6fe87b781427'
Jan 28 20:55:42 localhost kernel: registered taskstats version 1
Jan 28 20:55:42 localhost kernel: Key type trusted registered
Jan 28 20:55:42 localhost kernel: Key type encrypted registered
Jan 28 20:55:42 localhost kernel: IMA: No TPM chip found, activating TPM-bypass! (rc=-19)
Jan 28 20:55:42 localhost kernel:   Magic number: 3:88:954
Jan 28 20:55:42 localhost kernel: memory memory7: hash matches
Jan 28 20:55:42 localhost kernel: rtc_cmos 00:00: setting system clock to 2019-01-28 20:55:42 UTC (1548708942)
Jan 28 20:55:42 localhost kernel: Freeing unused kernel memory: 1876k freed
Jan 28 20:55:42 localhost kernel: Write protecting the kernel read-only data: 12288k
Jan 28 20:55:42 localhost kernel: Freeing unused kernel memory: 516k freed
Jan 28 20:55:42 localhost kernel: Freeing unused kernel memory: 600k freed
Jan 28 20:55:42 localhost kernel: random: systemd: uninitialized urandom read (16 bytes read)
Jan 28 20:55:42 localhost kernel: random: systemd: uninitialized urandom read (16 bytes read)
Jan 28 20:55:42 localhost kernel: random: systemd: uninitialized urandom read (16 bytes read)
Jan 28 20:55:42 localhost systemd[1]: systemd 219 running in system mode. (+PAM +AUDIT +SELINUX +IMA -APPARMOR +SMACK +SYSVINIT +UTMP +LIBCRYPTSETUP +GCRYPT +GNUTLS +ACL +XZ +LZ4 -SECCOMP +BLKID +ELFUTILS +KMOD +IDN)
Jan 28 20:55:42 localhost systemd[1]: Detected virtualization kvm.
Jan 28 20:55:42 localhost systemd[1]: Detected architecture x86-64.
Jan 28 20:55:42 localhost systemd[1]: Running in initial RAM disk.
Jan 28 20:55:42 localhost systemd[1]: No hostname configured.
Jan 28 20:55:42 localhost systemd[1]: Set hostname to <localhost>.
Jan 28 20:55:42 localhost systemd[1]: Initializing machine ID from KVM UUID.
Jan 28 20:55:42 localhost kernel: random: systemd-cryptse: uninitialized urandom read (16 bytes read)
Jan 28 20:55:42 localhost kernel: random: systemd: uninitialized urandom read (16 bytes read)
Jan 28 20:55:42 localhost kernel: random: systemd: uninitialized urandom read (16 bytes read)
Jan 28 20:55:42 localhost kernel: random: systemd: uninitialized urandom read (16 bytes read)
Jan 28 20:55:42 localhost kernel: random: systemd: uninitialized urandom read (16 bytes read)
Jan 28 20:55:42 localhost kernel: random: systemd: uninitialized urandom read (16 bytes read)
Jan 28 20:55:42 localhost kernel: random: systemd: uninitialized urandom read (16 bytes read)
Jan 28 20:55:42 localhost systemd[1]: Cannot add dependency job for unit blk-availability.service, ignoring: Unit not found.
Jan 28 20:55:42 localhost systemd[1]: Reached target Local File Systems.
Jan 28 20:55:42 localhost systemd[1]: Reached target Swap.
Jan 28 20:55:42 localhost systemd[1]: Reached target Timers.
Jan 28 20:55:42 localhost systemd[1]: Reached target Local Encrypted Volumes.
Jan 28 20:55:42 localhost systemd[1]: Created slice Root Slice.
Jan 28 20:55:42 localhost systemd[1]: Created slice System Slice.
Jan 28 20:55:42 localhost systemd[1]: Listening on udev Control Socket.
Jan 28 20:55:42 localhost systemd[1]: Listening on udev Kernel Socket.
Jan 28 20:55:42 localhost systemd[1]: Reached target Slices.
Jan 28 20:55:42 localhost systemd[1]: Listening on Journal Socket.
Jan 28 20:55:42 localhost systemd[1]: Starting Setup Virtual Console...
Jan 28 20:55:42 localhost systemd[1]: Starting Apply Kernel Variables...
Jan 28 20:55:42 localhost systemd[1]: Starting Journal Service...
Jan 28 20:55:42 localhost systemd[1]: Starting dracut cmdline hook...
Jan 28 20:55:42 localhost systemd[1]: Starting Create list of required static device nodes for the current kernel...
Jan 28 20:55:42 localhost systemd[1]: Started Setup Virtual Console.
Jan 28 20:55:42 localhost systemd[1]: Started Apply Kernel Variables.
Jan 28 20:55:42 localhost systemd[1]: Started Create list of required static device nodes for the current kernel.
Jan 28 20:55:42 localhost systemd[1]: Starting Create Static Device Nodes in /dev...
Jan 28 20:55:42 localhost systemd[1]: Started Create Static Device Nodes in /dev.
Jan 28 20:55:42 localhost systemd-journal[87]: Journal started
Jan 28 20:55:42 localhost systemd[1]: Started Journal Service.
Jan 28 20:55:42 localhost kernel: BIOS EDD facility v0.16 2004-Jun-25, 1 devices found
Jan 28 20:55:42 localhost dracut-cmdline[89]: Loading CentOS 7 x86_64 installer...
Jan 28 20:55:42 localhost dracut-cmdline[89]: Warning: 'method=' is deprecated. Using 'repo=http://mirror.centos.org/centos/7/os/x86_64/' instead.
Jan 28 20:55:42 localhost kernel: usb 2-1: new full-speed USB device number 2 using uhci_hcd
Jan 28 20:55:43 localhost kernel: usb 2-1: New USB device found, idVendor=0627, idProduct=0001
Jan 28 20:55:43 localhost kernel: usb 2-1: New USB device strings: Mfr=1, Product=3, SerialNumber=5
Jan 28 20:55:43 localhost kernel: usb 2-1: Product: QEMU USB Tablet
Jan 28 20:55:43 localhost kernel: usb 2-1: Manufacturer: QEMU 0.12.1
Jan 28 20:55:43 localhost kernel: usb 2-1: SerialNumber: 42
Jan 28 20:55:43 localhost kernel: input: QEMU 0.12.1 QEMU USB Tablet as /devices/pci0000:00/0000:00:04.0/usb2/2-1/2-1:1.0/input/input4
Jan 28 20:55:43 localhost kernel: hid-generic 0003:0627:0001.0001: input,hidraw0: USB HID v0.01 Pointer [QEMU 0.12.1 QEMU USB Tablet] on usb-0000:00:04.0-1/input0
Jan 28 20:55:43 localhost systemd[1]: Started dracut cmdline hook.
Jan 28 20:55:43 localhost kernel: random: fast init done
Jan 28 20:55:43 localhost systemd[1]: Starting dracut pre-udev hook...
Jan 28 20:55:43 localhost kernel: squashfs: version 4.0 (2009/01/31) Phillip Lougher
Jan 28 20:55:43 localhost kernel: Loading iSCSI transport class v2.0-870.
Jan 28 20:55:43 localhost kernel: tsc: Refined TSC clocksource calibration: 1999.999 MHz
Jan 28 20:55:43 localhost kernel: iscsi: registered transport (tcp)
Jan 28 20:55:43 localhost kernel: FDC 0 is a S82078B
Jan 28 20:55:43 localhost kernel: No iBFT detected.
Jan 28 20:55:43 localhost kernel: async_tx: api initialized (async)
Jan 28 20:55:43 localhost kernel: xor: automatically using best checksumming function:
Jan 28 20:55:43 localhost kernel:    avx       : 19396.000 MB/sec
Jan 28 20:55:43 localhost kernel: raid6: sse2x1   gen()  7105 MB/s
Jan 28 20:55:43 localhost kernel: raid6: sse2x2   gen()  9042 MB/s
Jan 28 20:55:43 localhost kernel: raid6: sse2x4   gen() 10343 MB/s
Jan 28 20:55:43 localhost kernel: raid6: using algorithm sse2x4 gen() (10343 MB/s)
Jan 28 20:55:43 localhost kernel: raid6: using ssse3x2 recovery algorithm
Jan 28 20:55:43 localhost kernel: device-mapper: uevent: version 1.0.3
Jan 28 20:55:43 localhost kernel: device-mapper: ioctl: 4.37.1-ioctl (2018-04-03) initialised: dm-devel@redhat.com
Jan 28 20:55:43 localhost kernel: device-mapper: multipath round-robin: version 1.2.0 loaded
Jan 28 20:55:43 localhost kernel: RPC: Registered named UNIX socket transport module.
Jan 28 20:55:43 localhost kernel: RPC: Registered udp transport module.
Jan 28 20:55:43 localhost kernel: RPC: Registered tcp transport module.
Jan 28 20:55:43 localhost kernel: RPC: Registered tcp NFSv4.1 backchannel transport module.
Jan 28 20:55:43 localhost rpc.statd[545]: Version 1.3.0 starting
Jan 28 20:55:43 localhost rpc.statd[545]: Initializing NSM state
Jan 28 20:55:43 localhost rpc.statd[545]: Running as root.  chown /var/lib/nfs/statd to choose different user
Jan 28 20:55:43 localhost systemd[1]: Started dracut pre-udev hook.
Jan 28 20:55:43 localhost systemd[1]: Starting udev Kernel Device Manager...
Jan 28 20:55:43 localhost systemd-udevd[572]: starting version 219
Jan 28 20:55:43 localhost systemd[1]: Started udev Kernel Device Manager.
Jan 28 20:55:43 localhost systemd[1]: Starting dracut pre-trigger hook...
Jan 28 20:55:43 localhost lldpad[660]: config file failed to load,
Jan 28 20:55:43 localhost lldpad[660]: create a new file.
Jan 28 20:55:43 localhost lldpad[660]: bound ctrl iface to /com/intel/lldpad
Jan 28 20:55:43 localhost dracut-pre-trigger[581]: 676
Jan 28 20:55:44 localhost systemd[1]: Started dracut pre-trigger hook.
Jan 28 20:55:44 localhost systemd[1]: Starting udev Coldplug all Devices...
Jan 28 20:55:44 localhost systemd[1]: Started udev Coldplug all Devices.
Jan 28 20:55:44 localhost systemd[1]: Starting Device-Mapper Multipath Device Controller...
Jan 28 20:55:44 localhost systemd[1]: Starting Show Plymouth Boot Screen...
Jan 28 20:55:44 localhost systemd[1]: Reached target System Initialization.
Jan 28 20:55:44 localhost systemd[1]: Listening on Open-iSCSI iscsiuio Socket.
Jan 28 20:55:44 localhost systemd[1]: Reached target Sockets.
Jan 28 20:55:44 localhost systemd[1]: Started Device-Mapper Multipath Device Controller.
Jan 28 20:55:44 localhost systemd[1]: Starting Open-iSCSI...
Jan 28 20:55:44 localhost systemd[1]: Received SIGRTMIN+20 from PID 872 (plymouthd).
Jan 28 20:55:44 localhost systemd[1]: Started Show Plymouth Boot Screen.
Jan 28 20:55:44 localhost systemd[1]: Started Forward Password Requests to Plymouth Directory Watch.
Jan 28 20:55:44 localhost systemd[1]: Reached target Paths.
Jan 28 20:55:44 localhost systemd[1]: Reached target Basic System.
Jan 28 20:55:44 localhost iscsid[912]: iSCSI logger with pid=920 started!
Jan 28 20:55:44 localhost systemd[1]: Failed to read PID from file /var/run/iscsid.pid: Invalid argument
Jan 28 20:55:44 localhost systemd[1]: Started Open-iSCSI.
Jan 28 20:55:44 localhost systemd[1]: Starting dracut initqueue hook...
Jan 28 20:55:44 localhost systemd[1]: Mounting Configuration File System...
Jan 28 20:55:44 localhost systemd[1]: Mounted Configuration File System.
Jan 28 20:55:44 localhost systemd[1]: Reloading.
Jan 28 20:55:44 localhost kernel: virtio-pci 0000:00:03.0: virtio_pci: leaving for legacy driver
Jan 28 20:55:44 localhost kernel: ACPI: PCI Interrupt Link [LNKA] enabled at IRQ 10
Jan 28 20:55:44 localhost kernel: virtio-pci 0000:00:05.0: virtio_pci: leaving for legacy driver
Jan 28 20:55:44 localhost kernel: ACPI: PCI Interrupt Link [LNKB] enabled at IRQ 10
Jan 28 20:55:44 localhost kernel: virtio-pci 0000:00:06.0: virtio_pci: leaving for legacy driver
Jan 28 20:55:44 localhost kernel: libata version 3.00 loaded.
Jan 28 20:55:44 localhost kernel: ata_piix 0000:00:01.1: version 2.13
Jan 28 20:55:44 localhost kernel: scsi host0: ata_piix
Jan 28 20:55:44 localhost kernel: scsi host1: ata_piix
Jan 28 20:55:44 localhost kernel: ata1: PATA max MWDMA2 cmd 0x1f0 ctl 0x3f6 bmdma 0xc000 irq 14
Jan 28 20:55:44 localhost kernel: ata2: PATA max MWDMA2 cmd 0x170 ctl 0x376 bmdma 0xc008 irq 15
Jan 28 20:55:44 localhost kernel: cryptd: max_cpu_qlen set to 1000
Jan 28 20:55:44 localhost kernel: AVX version of gcm_enc/dec engaged.
Jan 28 20:55:44 localhost kernel: AES CTR mode by8 optimization enabled
Jan 28 20:55:44 localhost kernel: alg: No test for __gcm-aes-aesni (__driver-gcm-aes-aesni)
Jan 28 20:55:44 localhost kernel: alg: No test for __generic-gcm-aes-aesni (__driver-generic-gcm-aes-aesni)
Jan 28 20:55:44 localhost kernel: virtio-pci 0000:00:03.0: irq 24 for MSI/MSI-X
Jan 28 20:55:44 localhost kernel: virtio-pci 0000:00:03.0: irq 25 for MSI/MSI-X
Jan 28 20:55:44 localhost kernel: virtio-pci 0000:00:03.0: irq 26 for MSI/MSI-X
Jan 28 20:55:44 localhost kernel: virtio-pci 0000:00:05.0: irq 27 for MSI/MSI-X
Jan 28 20:55:44 localhost kernel: virtio-pci 0000:00:05.0: irq 28 for MSI/MSI-X
Jan 28 20:55:44 localhost kernel: virtio_blk virtio1: [vda] 16777216 512-byte logical blocks (8.58 GB/8.00 GiB)
Jan 28 20:55:44 localhost kernel: 8021q: 802.1Q VLAN Support v1.8
Jan 28 20:55:44 localhost kernel: IPv6: ADDRCONF(NETDEV_UP): eth0: link is not ready
Jan 28 20:55:44 localhost kernel: 8021q: adding VLAN 0 to HW filter on device eth0
Jan 28 20:55:45 localhost dracut-initqueue[947]: dhcp: PREINIT eth0 up
Jan 28 20:55:45 localhost dhclient[2036]: DHCPDISCOVER on eth0 to 255.255.255.255 port 67 interval 6 (xid=0x1c9ce0ae)
Jan 28 20:55:45 localhost dhclient[2036]: DHCPREQUEST on eth0 to 255.255.255.255 port 67 (xid=0x1c9ce0ae)
Jan 28 20:55:45 localhost dhclient[2036]: DHCPOFFER from 10.0.2.2
Jan 28 20:55:45 localhost dhclient[2036]: DHCPACK from 10.0.2.2 (xid=0x1c9ce0ae)
Jan 28 20:55:45 localhost dracut-initqueue[947]: dhcp: BOND setting eth0
Jan 28 20:55:45 localhost iscsid[920]: iSCSI daemon with pid=936 started!
Jan 28 20:55:45 localhost iscsid[920]: can't open InitiatorName configuration file /etc/iscsi/initiatorname.iscsi
Jan 28 20:55:45 localhost iscsid[920]: Warning: InitiatorName file /etc/iscsi/initiatorname.iscsi does not exist or does not contain a properly formatted InitiatorName. If using software iscsi (iscsi_tcp or ib_iser) or partial offload (bnx2i or cxgbi iscsi), you may not be able to log into or
Jan 28 20:55:45 localhost iscsid[920]: can't open InitiatorAlias configuration file /etc/iscsi/initiatorname.iscsi
Jan 28 20:55:45 localhost iscsid[920]: can't open iscsid.safe_logout configuration file /etc/iscsi/iscsid.conf
Jan 28 20:55:45 localhost kernel: IPv6: ADDRCONF(NETDEV_CHANGE): eth0: link becomes ready
Jan 28 20:55:47 localhost dhclient[2036]: bound to 10.0.2.15 -- renewal in 32457 seconds.
Jan 28 20:55:47 localhost dracut-initqueue[947]: RTNETLINK answers: File exists
Jan 28 20:55:47 localhost dracut-initqueue[947]: % Total    % Received % Xferd  Average Speed   Time    Time     Time  Current
Jan 28 20:55:47 localhost dracut-initqueue[947]: Dload  Upload   Total   Spent    Left  Speed
Jan 28 20:55:48 localhost kernel: random: crng init done
Jan 28 20:55:52 localhost dracut-initqueue[947]: [471B blob data]
Jan 28 20:55:52 localhost kernel: loop: module loaded
Jan 28 20:55:52 localhost systemd[1]: Started dracut initqueue hook.
Jan 28 20:55:52 localhost systemd[1]: Starting dracut pre-mount hook...
Jan 28 20:55:52 localhost systemd[1]: Reached target Remote File Systems (Pre).
Jan 28 20:55:52 localhost systemd[1]: Reached target Remote File Systems.
Jan 28 20:55:52 localhost systemd[1]: Started dracut pre-mount hook.
Jan 28 20:55:52 localhost systemd[1]: Reached target Initrd Root File System.
Jan 28 20:55:52 localhost systemd[1]: Starting Reload Configuration from the Real Root...
Jan 28 20:55:52 localhost systemd[1]: Reloading.
Jan 28 20:55:52 localhost systemd[1]: Started Reload Configuration from the Real Root.
Jan 28 20:55:52 localhost systemd[1]: Starting dracut mount hook...
Jan 28 20:55:52 localhost systemd[1]: Reached target Initrd File Systems.
Jan 28 20:55:52 localhost kernel: EXT4-fs (dm-0): mounted filesystem with ordered data mode. Opts: (null)
Jan 28 20:55:52 localhost systemd[1]: Started dracut mount hook.
Jan 28 20:55:52 localhost systemd[1]: Reached target Initrd Default Target.
Jan 28 20:55:52 localhost systemd[1]: Starting dracut pre-pivot and cleanup hook...
Jan 28 20:55:54 localhost rpcbind[541]: cannot open file = /run/rpcbind/rpcbind.xdr for writing
Jan 28 20:55:54 localhost rpcbind[541]: cannot save any registration
Jan 28 20:55:54 localhost rpcbind[541]: cannot open file = /run/rpcbind/portmap.xdr for writing
Jan 28 20:55:54 localhost rpcbind[541]: cannot save any registration
Jan 28 20:55:54 localhost systemd[1]: Started dracut pre-pivot and cleanup hook.
Jan 28 20:55:54 localhost systemd[1]: Starting Cleaning Up and Shutting Down Daemons...
Jan 28 20:55:54 localhost systemd[1]: Starting Plymouth switch root service...
Jan 28 20:55:54 localhost systemd[1]: Stopped target Timers.
Jan 28 20:55:54 localhost systemd[1]: Stopped Cleaning Up and Shutting Down Daemons.
Jan 28 20:55:54 localhost systemd[1]: Stopped dracut pre-pivot and cleanup hook.
Jan 28 20:55:54 localhost systemd[1]: Stopped target Remote File Systems.
Jan 28 20:55:54 localhost systemd[1]: Stopped target Remote File Systems (Pre).
Jan 28 20:55:54 localhost systemd[1]: Stopped target Initrd Default Target.
Jan 28 20:55:54 localhost systemd[1]: Stopped dracut mount hook.
Jan 28 20:55:54 localhost systemd[1]: Stopped dracut pre-mount hook.
Jan 28 20:55:54 localhost systemd[1]: Stopped dracut initqueue hook.
Jan 28 20:55:54 localhost systemd[1]: Stopping Open-iSCSI...
Jan 28 20:55:54 localhost systemd[1]: Stopped target Basic System.
Jan 28 20:55:54 localhost systemd[1]: Stopped target Paths.
Jan 28 20:55:54 localhost systemd[1]: Stopped target Sockets.
Jan 28 20:55:54 localhost systemd[1]: Closed Open-iSCSI iscsiuio Socket.
Jan 28 20:55:54 localhost systemd[1]: Stopped target Slices.
Jan 28 20:55:54 localhost iscsid[920]: iscsid shutting down.
Jan 28 20:55:54 localhost systemd[1]: Stopped target System Initialization.
Jan 28 20:55:54 localhost systemd[1]: Stopped target Local Encrypted Volumes.
Jan 28 20:55:54 localhost systemd[1]: Stopped Apply Kernel Variables.
Jan 28 20:55:54 localhost systemd[1]: Stopped target Swap.
Jan 28 20:55:54 localhost systemd[1]: Stopped target Local File Systems.
Jan 28 20:55:54 localhost systemd[1]: Started Plymouth switch root service.
Jan 28 20:55:54 localhost systemd[1]: Stopped Open-iSCSI.
Jan 28 20:55:54 localhost multipathd[888]: path checkers start up
Jan 28 20:55:54 localhost multipathd[888]: --------shut down-------
Jan 28 20:55:54 localhost systemd[1]: Stopping Device-Mapper Multipath Device Controller...
Jan 28 20:55:54 localhost systemd[1]: Stopped Device-Mapper Multipath Device Controller.
Jan 28 20:55:54 localhost systemd[1]: Stopped udev Coldplug all Devices.
Jan 28 20:55:54 localhost systemd[1]: Stopped dracut pre-trigger hook.
Jan 28 20:55:54 localhost systemd[1]: Stopping udev Kernel Device Manager...
Jan 28 20:55:54 localhost systemd[1]: Stopped udev Kernel Device Manager.
Jan 28 20:55:54 localhost systemd[1]: Stopped dracut pre-udev hook.
Jan 28 20:55:54 localhost systemd[1]: Stopped dracut cmdline hook.
Jan 28 20:55:54 localhost systemd[1]: Stopped Create Static Device Nodes in /dev.
Jan 28 20:55:54 localhost systemd[1]: Stopped Create list of required static device nodes for the current kernel.
Jan 28 20:55:54 localhost systemd[1]: Closed udev Kernel Socket.
Jan 28 20:55:54 localhost systemd[1]: Closed udev Control Socket.
Jan 28 20:55:54 localhost systemd[1]: Starting Cleanup udevd DB...
Jan 28 20:55:54 localhost systemd[1]: Started Cleanup udevd DB.
Jan 28 20:55:54 localhost systemd[1]: Reached target Switch Root.
Jan 28 20:55:54 localhost systemd[1]: Starting Switch Root...
Jan 28 20:55:54 localhost systemd[1]: Switching root.
Jan 28 20:55:54 localhost systemd-journal[87]: Journal stopped
Jan 28 20:55:55 localhost systemd-journal[2508]: Runtime journal is using 8.0M (max allowed 99.9M, trying to leave 149.9M free of 954.1M available â†’ current limit 99.9M).
Jan 28 20:55:55 localhost systemd-journald[87]: Received SIGTERM from PID 1 (systemd).
Jan 28 20:55:55 localhost kernel: SELinux: 2048 avtab hash slots, 111767 rules.
Jan 28 20:55:55 localhost kernel: SELinux: 2048 avtab hash slots, 111767 rules.
Jan 28 20:55:55 localhost kernel: SELinux:  8 users, 14 roles, 5032 types, 315 bools, 1 sens, 1024 cats
Jan 28 20:55:55 localhost kernel: SELinux:  129 classes, 111767 rules
Jan 28 20:55:55 localhost kernel: SELinux:  Class bpf not defined in policy.
Jan 28 20:55:55 localhost kernel: SELinux: the above unknown classes and permissions will be allowed
Jan 28 20:55:55 localhost kernel: SELinux:  Completing initialization.
Jan 28 20:55:55 localhost kernel: SELinux:  Setting up existing superblocks.
Jan 28 20:55:55 localhost kernel: type=1403 audit(1548708955.161:2): policy loaded auid=4294967295 ses=4294967295
Jan 28 20:55:55 localhost systemd[1]: Successfully loaded SELinux policy in 196.007ms.
Jan 28 20:55:55 localhost systemd[1]: Relabelled /dev, /run and /sys/fs/cgroup in 19.727ms.
Jan 28 20:55:55 localhost systemd-journal[2508]: Journal started
Jan 28 20:55:55 localhost systemd[1]: systemd 219 running in system mode. (+PAM +AUDIT +SELINUX +IMA -APPARMOR +SMACK +SYSVINIT +UTMP +LIBCRYPTSETUP +GCRYPT +GNUTLS +ACL +XZ +LZ4 -SECCOMP +BLKID +ELFUTILS +KMOD +IDN)
Jan 28 20:55:55 localhost rhel-domainname[2509]: /usr/lib/systemd/rhel-domainname: line 2: /etc/sysconfig/network: No such file or directory
Jan 28 20:55:55 localhost systemd[1]: Detected virtualization kvm.
Jan 28 20:55:55 localhost systemd[1]: Detected architecture x86-64.
Jan 28 20:55:55 localhost systemd[1]: Cannot add dependency job for unit rhel-loadmodules.service, ignoring: Unit is masked.
Jan 28 20:55:55 localhost systemd[1]: Cannot add dependency job for unit rhel-autorelabel.service, ignoring: Unit is masked.
Jan 28 20:55:55 localhost systemd[1]: Cannot add dependency job for unit systemd-tmpfiles-clean.timer, ignoring: Unit is masked.
Jan 28 20:55:55 localhost systemd-udevd[2531]: starting version 219
Jan 28 20:55:55 localhost systemd[1]: Starting Flush Journal to Persistent Storage...
Jan 28 20:55:55 localhost systemd[1]: Started Configure read-only root support.
Jan 28 20:55:55 localhost systemd[1]: Starting Load/Save Random Seed...
Jan 28 20:55:55 localhost systemd[1]: Started Load/Save Random Seed.
Jan 28 20:55:55 localhost systemd[1]: Started udev Kernel Device Manager.
Jan 28 20:55:55 localhost systemd[1]: Started Flush Journal to Persistent Storage.
Jan 28 20:55:56 localhost systemd[1]: Started Rebuild Hardware Database.
Jan 28 20:55:56 localhost systemd[1]: Starting udev Coldplug all Devices...
Jan 28 20:55:56 localhost systemd[1]: Started udev Coldplug all Devices.
Jan 28 20:55:56 localhost systemd[1]: Starting udev Wait for Complete Device Initialization...
Jan 28 20:55:56 localhost systemd[1]: Starting Device-Mapper Multipath Device Controller...
Jan 28 20:55:56 localhost systemd[1]: Started Device-Mapper Multipath Device Controller.
Jan 28 20:55:56 localhost multipathd[2769]: path checkers start up
Jan 28 20:55:56 localhost kernel: piix4_smbus 0000:00:01.3: SMBus Host Controller at 0xb100, revision 0
Jan 28 20:55:56 localhost kernel: input: PC Speaker as /devices/platform/pcspkr/input/input5
Jan 28 20:55:57 localhost systemd[1]: Started udev Wait for Complete Device Initialization.
Jan 28 20:55:57 localhost systemd[1]: Starting Activation of DM RAID sets...
Jan 28 20:55:57 localhost systemd[1]: Started Activation of DM RAID sets.
Jan 28 20:55:57 localhost systemd[1]: Reached target Local Encrypted Volumes.
Jan 28 20:55:57 localhost systemd[1]: Reached target Local File Systems.
Jan 28 20:55:57 localhost systemd[1]: Starting Import network configuration from initramfs...
Jan 28 20:55:57 localhost systemd[1]: Starting Tell Plymouth To Write Out Runtime Data...
Jan 28 20:55:57 localhost systemd[1]: Starting Rebuild Journal Catalog...
Jan 28 20:55:57 localhost systemd[1]: Starting Migrate local SELinux policy changes from the old store structure to the new structure...
Jan 28 20:55:57 localhost systemd[1]: Started Tell Plymouth To Write Out Runtime Data.
Jan 28 20:55:57 localhost systemd[1]: Started Rebuild Journal Catalog.
Jan 28 20:55:57 localhost systemd[1]: Starting Update is Completed...
Jan 28 20:55:57 localhost systemd[1]: Started Update is Completed.
Jan 28 20:55:57 localhost systemd[1]: Started Migrate local SELinux policy changes from the old store structure to the new structure.
Jan 28 20:55:57 localhost systemd[1]: Started Import network configuration from initramfs.
Jan 28 20:55:57 localhost systemd[1]: Starting Create Volatile Files and Directories...
Jan 28 20:55:57 localhost systemd[1]: Started Create Volatile Files and Directories.
Jan 28 20:55:57 localhost systemd[1]: Starting Update UTMP about System Boot/Shutdown...
Jan 28 20:55:57 localhost systemd[1]: Started Update UTMP about System Boot/Shutdown.
Jan 28 20:55:57 localhost systemd[1]: Reached target System Initialization.
Jan 28 20:55:57 localhost systemd[1]: Listening on Open-iSCSI iscsiuio Socket.
Jan 28 20:55:57 localhost systemd[1]: Listening on Open-iSCSI iscsid Socket.
Jan 28 20:55:57 localhost systemd[1]: Listening on D-Bus System Message Bus Socket.
Jan 28 20:55:57 localhost systemd[1]: Reached target Sockets.
Jan 28 20:55:57 localhost systemd[1]: Reached target Basic System.
Jan 28 20:55:57 localhost systemd[1]: Starting Service enabling compressing RAM with zRam...
Jan 28 20:55:57 localhost systemd[1]: Starting Login Service...
Jan 28 20:55:57 localhost systemd[1]: Starting pre-anaconda logging service...
Jan 28 20:55:57 localhost systemd[1]: Started Hardware RNG Entropy Gatherer Daemon.
Jan 28 20:55:57 localhost systemd[1]: Starting Wait for Plymouth Boot Screen to Quit...
Jan 28 20:55:57 localhost systemd[1]: Starting Dump dmesg to /var/log/dmesg...
Jan 28 20:55:57 localhost systemd[1]: Starting Terminate Plymouth Boot Screen...
Jan 28 20:55:57 localhost zramswapon[3802]: + MAX_RAM_ON=2097152
Jan 28 20:55:57 localhost systemd[1]: Started Anaconda NetworkManager configuration.
Jan 28 20:55:57 localhost systemd[1]: Starting Network Manager...
Jan 28 20:55:57 localhost zramswapon[3802]: ++ grep -E --only-matching '[[:digit:]]+'
Jan 28 20:55:57 localhost zramswapon[3802]: ++ grep MemTotal /proc/meminfo
Jan 28 20:55:57 localhost zramswapon[3802]: + mem_total_kb=2047060
Jan 28 20:55:57 localhost zramswapon[3802]: + mem_total=2096189440
Jan 28 20:55:57 localhost zramswapon[3802]: + grep -E 'inst\.zram=(on|1)' /proc/cmdline
Jan 28 20:55:57 localhost zramswapon[3802]: + force=1
Jan 28 20:55:57 localhost zramswapon[3802]: + '[' '(' 2047060 -gt 2097152 ')' -a '(' 1 '!=' 0 ')' ']'
Jan 28 20:55:57 localhost zramswapon[3802]: ++ getconf _NPROCESSORS_ONLN
Jan 28 20:55:57 localhost systemd[1]: Started pre-anaconda logging service.
Jan 28 20:55:57 localhost systemd[1]: Received SIGRTMIN+21 from PID 872 (plymouthd).
Jan 28 20:55:57 localhost systemd[1]: Started Wait for Plymouth Boot Screen to Quit.
Jan 28 20:55:57 localhost systemd[1]: Started Terminate Plymouth Boot Screen.
Jan 28 20:55:57 localhost zramswapon[3802]: + num_cpus=2
Jan 28 20:55:57 localhost zramswapon[3802]: + decr_num_cpus=1
Jan 28 20:55:57 localhost zramswapon[3802]: + modprobe zram num_devices=2
Jan 28 20:55:57 localhost systemd[1]: Started Dump dmesg to /var/log/dmesg.
Jan 28 20:55:57 localhost systemd[1]: Cannot add dependency job for unit rhel-loadmodules.service, ignoring: Unit is masked.
Jan 28 20:55:57 localhost systemd[1]: Cannot add dependency job for unit rhel-autorelabel.service, ignoring: Unit is masked.
Jan 28 20:55:57 localhost systemd[1]: Cannot add dependency job for unit systemd-tmpfiles-clean.timer, ignoring: Unit is masked.
Jan 28 20:55:57 localhost systemd[1]: Started D-Bus System Message Bus.
Jan 28 20:55:57 localhost kernel: zram: Added device: zram0
Jan 28 20:55:57 localhost kernel: zram: Added device: zram1
Jan 28 20:55:57 localhost zramswapon[3802]: ++ seq 0 1
Jan 28 20:55:57 localhost multipathd[2769]: zram0: add path (uevent)
Jan 28 20:55:57 localhost multipathd[2769]: zram0: HDIO_GETGEO failed with 25
Jan 28 20:55:57 localhost multipathd[2769]: zram0: failed to get path uid
Jan 28 20:55:57 localhost multipathd[2769]: uevent trigger error
Jan 28 20:55:57 localhost multipathd[2769]: zram1: add path (uevent)
Jan 28 20:55:57 localhost multipathd[2769]: zram1: HDIO_GETGEO failed with 25
Jan 28 20:55:57 localhost multipathd[2769]: zram1: failed to get path uid
Jan 28 20:55:57 localhost multipathd[2769]: uevent trigger error
Jan 28 20:55:57 localhost kernel: zram0: detected capacity change from 0 to 1048096768
Jan 28 20:55:57 localhost kernel: zram1: detected capacity change from 0 to 1048096768
Jan 28 20:55:57 localhost zramswapon[3802]: + for i in '$(seq 0 $decr_num_cpus)'
Jan 28 20:55:57 localhost zramswapon[3802]: + echo 1048094720
Jan 28 20:55:57 localhost zramswapon[3802]: + for i in '$(seq 0 $decr_num_cpus)'
Jan 28 20:55:57 localhost zramswapon[3802]: + echo 1048094720
Jan 28 20:55:57 localhost zramswapon[3802]: ++ seq 0 1
Jan 28 20:55:57 localhost zramswapon[3802]: + for i in '$(seq 0 $decr_num_cpus)'
Jan 28 20:55:57 localhost zramswapon[3802]: + mkswap /dev/zram0
Jan 28 20:55:57 localhost zramswapon[3802]: Setting up swapspace version 1, size = 1023528 KiB
Jan 28 20:55:57 localhost zramswapon[3802]: no label, UUID=c610a4af-e1fc-4acc-b769-03fe82630032
Jan 28 20:55:57 localhost zramswapon[3802]: + for i in '$(seq 0 $decr_num_cpus)'
Jan 28 20:55:57 localhost zramswapon[3802]: + mkswap /dev/zram1
Jan 28 20:55:57 localhost zramswapon[3802]: Setting up swapspace version 1, size = 1023528 KiB
Jan 28 20:55:57 localhost zramswapon[3802]: no label, UUID=a6d05ce5-95a1-49cb-9120-3420d8116bcc
Jan 28 20:55:57 localhost zramswapon[3802]: ++ seq 0 1
Jan 28 20:55:57 localhost zramswapon[3802]: + for i in '$(seq 0 $decr_num_cpus)'
Jan 28 20:55:57 localhost zramswapon[3802]: + swapon -p 100 /dev/zram0
Jan 28 20:55:57 localhost kernel: Adding 1023528k swap on /dev/zram0.  Priority:100 extents:1 across:1023528k SSFS
Jan 28 20:55:57 localhost zramswapon[3802]: + for i in '$(seq 0 $decr_num_cpus)'
Jan 28 20:55:57 localhost zramswapon[3802]: + swapon -p 100 /dev/zram1
Jan 28 20:55:57 localhost zramswapon[3802]: + '[' 2047060 -le 1048576 ']'
Jan 28 20:55:57 localhost kernel: Adding 1023528k swap on /dev/zram1.  Priority:100 extents:1 across:1023528k SSFS
Jan 28 20:55:58 localhost systemd[1]: Started Service enabling compressing RAM with zRam.
Jan 28 20:55:58 localhost systemd[1]: Started Login Service.
Jan 28 20:55:58 localhost systemd-logind[3803]: Watching system buttons on /dev/input/event0 (Power Button)
Jan 28 20:55:58 localhost systemd-logind[3803]: New seat seat0.
Jan 28 20:55:58 localhost rngd[3805]: Initalizing available sources
Jan 28 20:55:58 localhost rngd[3805]: Failed to init entropy source 0: Hardware RNG Device
Jan 28 20:55:58 localhost rngd[3805]: Failed to init entropy source 2: Intel RDRAND Instruction RNG
Jan 28 20:55:58 localhost NetworkManager[3811]: <info>  [1548708958.4490] NetworkManager (version 1.12.0-6.el7) is starting... (for the first time)
Jan 28 20:55:58 localhost NetworkManager[3811]: <info>  [1548708958.4495] Read config: /etc/NetworkManager/NetworkManager.conf (lib: 10-slaves-order.conf) (etc: 80-anaconda-no-ibft.conf, 90-anaconda-no-auto-default.conf, 91-anaconda-autoconnect-slaves.conf, 92-anaconda-loglevel-debug.conf)
Jan 28 20:55:58 localhost NetworkManager[3811]: <debug> [1548708958.4495] CONFIG: config-data[0x562fef376820]: 3 groups
Jan 28 20:55:58 localhost NetworkManager[3811]: <debug> [1548708958.4496] CONFIG:
Jan 28 20:55:58 localhost NetworkManager[3811]: <debug> [1548708958.4496] CONFIG: [main]
Jan 28 20:55:58 localhost NetworkManager[3811]: <debug> [1548708958.4496] CONFIG:   slaves-order=index
Jan 28 20:55:58 localhost NetworkManager[3811]: <debug> [1548708958.4496] CONFIG:   plugins=ifcfg-rh,ibft,no-ibft
Jan 28 20:55:58 localhost NetworkManager[3811]: <debug> [1548708958.4496] CONFIG:   no-auto-default=*
Jan 28 20:55:58 localhost NetworkManager[3811]: <debug> [1548708958.4496] CONFIG:
Jan 28 20:55:58 localhost NetworkManager[3811]: <debug> [1548708958.4496] CONFIG: [logging]
Jan 28 20:55:58 localhost NetworkManager[3811]: <debug> [1548708958.4496] CONFIG:   level=DEBUG
Jan 28 20:55:58 localhost NetworkManager[3811]: <debug> [1548708958.4496] CONFIG:
Jan 28 20:55:58 localhost NetworkManager[3811]: <debug> [1548708958.4496] CONFIG: [connection]
Jan 28 20:55:58 localhost NetworkManager[3811]: <debug> [1548708958.4496] CONFIG:   connection.autoconnect-slaves=1
Jan 28 20:55:58 localhost NetworkManager[3811]: <debug> [1548708958.4496] config: state: missing state file "/var/lib/NetworkManager/NetworkManager.state": No such file or directory
Jan 28 20:55:58 localhost NetworkManager[3811]: <debug> [1548708958.4496] WEXT support is disabled
Jan 28 20:55:58 localhost NetworkManager[3811]: <debug> [1548708958.4546] platform-linux: create (ignore netns, initial netns, use udev)
Jan 28 20:55:58 localhost NetworkManager[3811]: <debug> [1548708958.4549] platform-linux: could not enable extended acks on netlink socket
Jan 28 20:55:58 localhost NetworkManager[3811]: <debug> [1548708958.4549] platform-linux: Netlink socket for events established: port=3811, fd=8
Jan 28 20:55:58 localhost NetworkManager[3811]: <debug> [1548708958.4549] platform-linux: populate platform cache
Jan 28 20:55:58 localhost NetworkManager[3811]: <debug> [1548708958.4550] monotonic timestamp started counting 1.939285495 seconds ago with an offset of 18.0 seconds to CLOCK_BOOTTIME (local time is 2019-01-28 20:55:58)
Jan 28 20:55:58 localhost NetworkManager[3811]: <debug> [1548708958.4550] platform-linux: kernel-support: IFLA_INET6_ADDR_GEN_MODE: detected
Jan 28 20:55:58 localhost NetworkManager[3811]: <debug> [1548708958.4556] platform: signal: link   added: 1: lo <UP,LOWER_UP;loopback,up,running,lowerup> mtu 65536 arp 772 loopback? not-init addrgenmode eui64 addr 00:00:00:00:00:00 driver unknown rx:6,416 tx:6,416
Jan 28 20:55:58 localhost NetworkManager[3811]: <debug> [1548708958.4559] platform: signal: link   added: 2: eth0 <UP,LOWER_UP;broadcast,multicast,up,running,lowerup> mtu 1500 arp 1 ethernet? not-init addrgenmode eui64 addr 52:54:00:7C:C2:1E driver virtio_net rx:310557,470139042 tx:51927,2805820
Jan 28 20:55:58 localhost NetworkManager[3811]: <debug> [1548708958.4560] platform: signal: address 4   added: 127.0.0.1/8 lft forever pref forever lifetime 1-0[4294967295,4294967295] dev 1 flags permanent src kernel
Jan 28 20:55:58 localhost NetworkManager[3811]: <debug> [1548708958.4560] platform: signal: address 4   added: 10.0.2.15/24 lft 86389sec pref 86389sec lifetime 1-1[86389,86389] dev 2 src kernel
Jan 28 20:55:58 localhost NetworkManager[3811]: <debug> [1548708958.4560] platform: signal: address 6   added: ::1/128 lft forever pref forever lifetime 1-0[4294967295,4294967295] dev 1 flags permanent src kernel
Jan 28 20:55:58 localhost NetworkManager[3811]: <debug> [1548708958.4561] platform: signal: address 6   added: fe80::5054:ff:fe7c:c21e/64 lft forever pref forever lifetime 1-0[4294967295,4294967295] dev 2 flags permanent src kernel
Jan 28 20:55:58 localhost NetworkManager[3811]: <debug> [1548708958.4561] platform: signal: route   4   added: 0.0.0.0/0 via 10.0.2.2 dev 2 metric 0 mss 0 rt-src rt-boot scope global
Jan 28 20:55:58 localhost NetworkManager[3811]: <debug> [1548708958.4561] platform: signal: route   4   added: 10.0.2.0/24 via 0.0.0.0 dev 2 metric 0 mss 0 rt-src rt-kernel scope link pref-src 10.0.2.15
Jan 28 20:55:58 localhost NetworkManager[3811]: <debug> [1548708958.4562] platform-linux: kernel-support: RTA_PREF: ability to set router preference for IPv6 routes: detected
Jan 28 20:55:58 localhost NetworkManager[3811]: <debug> [1548708958.4562] platform: signal: route   6   added: fe80::/64 via :: dev 2 metric 256 mss 0 rt-src rt-kernel
Jan 28 20:55:58 localhost NetworkManager[3811]: <debug> [1548708958.4562] platform: signal: route   6   added: table 255 ff00::/8 via :: dev 2 metric 256 mss 0 rt-src rt-boot
Jan 28 20:55:58 localhost NetworkManager[3811]: <debug> [1548708958.4562] platform: signal: qdisc   added: noqueue dev 1 family 0 handle 0 parent ffffffff info 2
Jan 28 20:55:58 localhost NetworkManager[3811]: <debug> [1548708958.4562] platform: signal: qdisc   added: pfifo_fast dev 2 family 0 handle 0 parent ffffffff info 2
Jan 28 20:55:58 localhost NetworkManager[3811]: <debug> [1548708958.4579] platform: signal: link changed: 2: eth0 <UP,LOWER_UP;broadcast,multicast,up,running,lowerup> mtu 1500 arp 1 ethernet? init addrgenmode eui64 addr 52:54:00:7C:C2:1E driver virtio_net rx:310557,470139042 tx:51927,2805820
Jan 28 20:55:58 localhost systemd[1]: Started Network Manager.
Jan 28 20:55:58 localhost NetworkManager[3811]: <debug> [1548708958.4580] platform: signal: link changed: 1: lo <UP,LOWER_UP;loopback,up,running,lowerup> mtu 65536 arp 772 loopback? init addrgenmode eui64 addr 00:00:00:00:00:00 driver unknown rx:6,416 tx:6,416
Jan 28 20:55:58 localhost systemd[1]: Starting Network Manager Wait Online...
Jan 28 20:55:58 localhost NetworkManager[3811]: <debug> [1548708958.4581] setup NMPlatform singleton (0x562fef35e920, NMLinuxPlatform)
Jan 28 20:55:58 localhost systemd[1]: Reached target Network.
Jan 28 20:55:58 localhost NetworkManager[3811]: <debug> [1548708958.4581] create NMNetns singleton (0x562fef361990)
Jan 28 20:55:58 localhost systemd[1]: Starting Logout off all iSCSI sessions on shutdown...
Jan 28 20:55:58 localhost NetworkManager[3811]: <debug> [1548708958.4581] auth[0x562fef378140]: create auth-manager: polkit enabled
Jan 28 20:55:58 localhost NetworkManager[3811]: <debug> [1548708958.4592] auth[0x562fef378140]: set instance
Jan 28 20:55:58 localhost NetworkManager[3811]: <debug> [1548708958.4593] setup NMAuthManager singleton (0x562fef378140)
Jan 28 20:55:58 localhost NetworkManager[3811]: <debug> [1548708958.4594] create NMDBusManager singleton (0x562fef35c410)
Jan 28 20:55:58 localhost NetworkManager[3811]: <info>  [1548708958.4686] bus-manager: acquired D-Bus service "org.freedesktop.NetworkManager"
Jan 28 20:55:58 localhost NetworkManager[3811]: <info>  [1548708958.4787] manager[0x562fef38c040]: monitoring kernel firmware directory '/lib/firmware'.
Jan 28 20:55:58 localhost systemd[1]: Started Logout off all iSCSI sessions on shutdown.
Jan 28 20:55:58 localhost systemd[1]: Reached target Remote File Systems (Pre).
Jan 28 20:55:58 localhost systemd[1]: Starting Availability of block devices...
Jan 28 20:55:58 localhost systemd[1]: Started Availability of block devices.
Jan 28 20:55:58 localhost NetworkManager[3811]: <debug> [1548708958.5140] session-monitor: using systemd-logind session tracking
Jan 28 20:55:58 localhost NetworkManager[3811]: <debug> [1548708958.5141] create NMSessionMonitor singleton (0x562fef362b60)
Jan 28 20:55:58 localhost NetworkManager[3811]: <debug> [1548708958.5141] create NMAgentManager singleton (0x562fef37c5c0)
Jan 28 20:55:58 localhost systemd[1]: Cannot add dependency job for unit rhel-loadmodules.service, ignoring: Unit is masked.
Jan 28 20:55:58 localhost dbus[3823]: [system] Activating via systemd: service name='org.freedesktop.hostname1' unit='dbus-org.freedesktop.hostname1.service'
Jan 28 20:55:58 localhost systemd[1]: Cannot add dependency job for unit rhel-autorelabel.service, ignoring: Unit is masked.
Jan 28 20:55:58 localhost systemd[1]: Cannot add dependency job for unit systemd-tmpfiles-clean.timer, ignoring: Unit is masked.
Jan 28 20:55:58 localhost systemd[1]: Starting Hostname Service...
Jan 28 20:55:58 localhost dbus[3823]: [system] Successfully activated service 'org.freedesktop.hostname1'
Jan 28 20:55:58 localhost NetworkManager[3811]: <info>  [1548708958.5600] hostname: hostname: using hostnamed
Jan 28 20:55:58 localhost NetworkManager[3811]: <debug> [1548708958.5600] create NMHostnameManager singleton (0x562fef378590)
Jan 28 20:55:58 localhost NetworkManager[3811]: <debug> [1548708958.5601] create NMFirewallManager singleton (0x562fef390c00)
Jan 28 20:55:58 localhost NetworkManager[3811]: <info>  [1548708958.5604] dns-mgr[0x562fef396110]: init: dns=default, rc-manager=file
Jan 28 20:55:58 localhost NetworkManager[3811]: <debug> [1548708958.5605] create NMDnsManager singleton (0x562fef396110)
Jan 28 20:55:58 localhost NetworkManager[3811]: <debug> [1548708958.5605] policy: hostname-mode: full
Jan 28 20:55:58 localhost NetworkManager[3811]: <debug> [1548708958.5607] manager: setup NMManager singleton (0x562fef38c040)
Jan 28 20:55:58 localhost NetworkManager[3811]: <debug> [1548708958.5612] create NMConnectivity singleton (0x562fef39b4c0)
Jan 28 20:55:58 localhost NetworkManager[3811]: <debug> [1548708958.5616] dispatcher: default script directory '/etc/NetworkManager/dispatcher.d' has scripts
Jan 28 20:55:58 localhost systemd[1]: Started Hostname Service.
Jan 28 20:55:58 localhost NetworkManager[3811]: <debug> [1548708958.5617] dispatcher: pre-up script directory '/etc/NetworkManager/dispatcher.d/pre-up.d' has no scripts
Jan 28 20:55:58 localhost NetworkManager[3811]: <debug> [1548708958.5618] dispatcher: pre-down script directory '/etc/NetworkManager/dispatcher.d/pre-down.d' has no scripts
Jan 28 20:55:58 localhost dbus[3823]: [system] Activating via systemd: service name='org.freedesktop.nm_dispatcher' unit='dbus-org.freedesktop.nm-dispatcher.service'
Jan 28 20:55:58 localhost systemd[1]: Cannot add dependency job for unit rhel-loadmodules.service, ignoring: Unit is masked.
Jan 28 20:55:58 localhost systemd[1]: Cannot add dependency job for unit rhel-autorelabel.service, ignoring: Unit is masked.
Jan 28 20:55:58 localhost systemd[1]: Cannot add dependency job for unit systemd-tmpfiles-clean.timer, ignoring: Unit is masked.
Jan 28 20:55:58 localhost systemd[1]: Starting Network Manager Script Dispatcher Service...
Jan 28 20:55:58 localhost dbus[3823]: [system] Successfully activated service 'org.freedesktop.nm_dispatcher'
Jan 28 20:55:58 localhost systemd[1]: Started Network Manager Script Dispatcher Service.
Jan 28 20:55:58 localhost NetworkManager[3811]: <debug> [1548708958.5944] create SettingsPluginIfcfg singleton (0x562fef39b9e0)
Jan 28 20:55:58 localhost NetworkManager[3811]: <info>  [1548708958.5944] settings: Loaded settings plugin: SettingsPluginIfcfg (/usr/lib64/NetworkManager/1.12.0-6.el7/libnm-settings-plugin-ifcfg-rh.so)
Jan 28 20:55:58 localhost NetworkManager[3811]: <info>  [1548708958.5944] settings: Loaded settings plugin: NMSKeyfilePlugin (internal)
Jan 28 20:55:58 localhost NetworkManager[3811]: <debug> [1548708958.5946] ifcfg-rh: loading from file "/etc/sysconfig/network-scripts/ifcfg-eth0"...
Jan 28 20:55:58 localhost NetworkManager[3811]: <debug> [1548708958.5952] settings-connection[0x562fef3bc0d0]: constructed (NMIfcfgConnection)
Jan 28 20:55:58 localhost NetworkManager[3811]: <info>  [1548708958.5957] ifcfg-rh: new connection /etc/sysconfig/network-scripts/ifcfg-eth0 (a73f4f9a-0239-4ed2-8fac-687592416846,"eth0")
Jan 28 20:55:58 localhost NetworkManager[3811]: <debug> [1548708958.5957] ifcfg-rh: loading from file "/etc/sysconfig/network-scripts/ifcfg-lo"...
Jan 28 20:55:58 localhost NetworkManager[3811]: <debug> [1548708958.5957] ifcfg-rh: loading "/etc/sysconfig/network-scripts/ifcfg-lo" fails: Ignoring loopback device config.
Jan 28 20:55:58 localhost NetworkManager[3811]: <debug> [1548708958.5959] settings-connection[0x562fef3bc0d0,a73f4f9a-0239-4ed2-8fac-687592416846]: failed to read connection timestamp: No such file or directory
Jan 28 20:55:58 localhost NetworkManager[3811]: <debug> [1548708958.5961] ++ connection 'new connection' (0x562fef3bc0d0/NMIfcfgConnection/"802-3-ethernet"): [/org/freedesktop/NetworkManager/Settings/1]
Jan 28 20:55:58 localhost NetworkManager[3811]: <debug> [1548708958.5961] ++ connection                [ 0x562fef376980 ]
Jan 28 20:55:58 localhost NetworkManager[3811]: <debug> [1548708958.5962] ++ connection.id             = 'eth0'
Jan 28 20:55:58 localhost NetworkManager[3811]: <debug> [1548708958.5962] ++ connection.permissions    = []
Jan 28 20:55:58 localhost NetworkManager[3811]: <debug> [1548708958.5962] ++ connection.type           = '802-3-ethernet'
Jan 28 20:55:58 localhost NetworkManager[3811]: <debug> [1548708958.5962] ++ connection.uuid           = 'a73f4f9a-0239-4ed2-8fac-687592416846'
Jan 28 20:55:58 localhost NetworkManager[3811]: <debug> [1548708958.5962] ++ 802-3-ethernet            [ 0x562fef380450 ]
Jan 28 20:55:58 localhost NetworkManager[3811]: <debug> [1548708958.5962] ++ 802-3-ethernet.mac-address = '52:54:00:7C:C2:1E'
Jan 28 20:55:58 localhost NetworkManager[3811]: <debug> [1548708958.5962] ++ 802-3-ethernet.mac-address-blacklist = []
Jan 28 20:55:58 localhost NetworkManager[3811]: <debug> [1548708958.5962] ++ 802-3-ethernet.s390-options = ((GHashTable*) 0x562fef3be460)
Jan 28 20:55:58 localhost NetworkManager[3811]: <debug> [1548708958.5963] ++ ipv4                      [ 0x562fef376e00 ]
Jan 28 20:55:58 localhost NetworkManager[3811]: <debug> [1548708958.5963] ++ ipv4.addresses            = ((GPtrArray*) 0x562fef3bb8a0)
Jan 28 20:55:58 localhost NetworkManager[3811]: <debug> [1548708958.5963] ++ ipv4.dns                  = []
Jan 28 20:55:58 localhost NetworkManager[3811]: <debug> [1548708958.5963] ++ ipv4.dns-search           = []
Jan 28 20:55:58 localhost NetworkManager[3811]: <debug> [1548708958.5963] ++ ipv4.method               = 'auto'
Jan 28 20:55:58 localhost NetworkManager[3811]: <debug> [1548708958.5963] ++ ipv4.routes               = ((GPtrArray*) 0x562fef3bb860)
Jan 28 20:55:58 localhost NetworkManager[3811]: <debug> [1548708958.5963] ++ ipv6                      [ 0x562fef38afa0 ]
Jan 28 20:55:58 localhost NetworkManager[3811]: <debug> [1548708958.5964] ++ ipv6.addr-gen-mode        = 0
Jan 28 20:55:58 localhost NetworkManager[3811]: <debug> [1548708958.5964] ++ ipv6.addresses            = ((GPtrArray*) 0x562fef393780)
Jan 28 20:55:58 localhost NetworkManager[3811]: <debug> [1548708958.5964] ++ ipv6.dns                  = []
Jan 28 20:55:58 localhost NetworkManager[3811]: <debug> [1548708958.5964] ++ ipv6.dns-search           = []
Jan 28 20:55:58 localhost NetworkManager[3811]: <debug> [1548708958.5964] ++ ipv6.method               = 'auto'
Jan 28 20:55:58 localhost NetworkManager[3811]: <debug> [1548708958.5964] ++ ipv6.routes               = ((GPtrArray*) 0x562fef3937a0)
Jan 28 20:55:58 localhost NetworkManager[3811]: <info>  [1548708958.5967] manager: rfkill: WiFi enabled by radio killswitch; enabled by state file
Jan 28 20:55:58 localhost NetworkManager[3811]: <info>  [1548708958.5969] manager: rfkill: WWAN enabled by radio killswitch; enabled by state file
Jan 28 20:55:58 localhost NetworkManager[3811]: <info>  [1548708958.5970] manager: Networking is enabled by state file
Jan 28 20:55:58 localhost NetworkManager[3811]: <debug> [1548708958.5971] dispatcher: (1) dispatching action 'hostname'
Jan 28 20:55:58 localhost NetworkManager[3811]: <debug> [1548708958.5975] dhcp-init: enabled DHCP client 'dhclient' (NMDhcpDhclient)
Jan 28 20:55:58 localhost NetworkManager[3811]: <debug> [1548708958.5975] dhcp-init: enabled DHCP client 'internal' (NMDhcpSystemd)
Jan 28 20:55:58 localhost NetworkManager[3811]: <info>  [1548708958.5975] dhcp-init: Using DHCP client 'dhclient'
Jan 28 20:55:58 localhost NetworkManager[3811]: <debug> [1548708958.5975] create NMDhcpManager singleton (0x562fef399380)
Jan 28 20:55:58 localhost NetworkManager[3811]: <debug> [1548708958.5978] Loaded device plugin: NMBondDeviceFactory (internal)
Jan 28 20:55:58 localhost NetworkManager[3811]: <debug> [1548708958.5978] Loaded device plugin: NMBridgeDeviceFactory (internal)
Jan 28 20:55:58 localhost NetworkManager[3811]: <debug> [1548708958.5978] Loaded device plugin: NMDummyDeviceFactory (internal)
Jan 28 20:55:58 localhost NetworkManager[3811]: <debug> [1548708958.5978] Loaded device plugin: NMEthernetDeviceFactory (internal)
Jan 28 20:55:58 localhost NetworkManager[3811]: <debug> [1548708958.5978] Loaded device plugin: NMInfinibandDeviceFactory (internal)
Jan 28 20:55:58 localhost NetworkManager[3811]: <debug> [1548708958.5979] Loaded device plugin: NMIPTunnelDeviceFactory (internal)
Jan 28 20:55:58 localhost NetworkManager[3811]: <debug> [1548708958.5979] Loaded device plugin: NMMacsecDeviceFactory (internal)
Jan 28 20:55:58 localhost NetworkManager[3811]: <debug> [1548708958.5979] Loaded device plugin: NMMacvlanDeviceFactory (internal)
Jan 28 20:55:58 localhost NetworkManager[3811]: <debug> [1548708958.5979] Loaded device plugin: NMPppDeviceFactory (internal)
Jan 28 20:55:58 localhost NetworkManager[3811]: <debug> [1548708958.5979] Loaded device plugin: NMTunDeviceFactory (internal)
Jan 28 20:55:58 localhost NetworkManager[3811]: <debug> [1548708958.5979] Loaded device plugin: NMVethDeviceFactory (internal)
Jan 28 20:55:58 localhost NetworkManager[3811]: <debug> [1548708958.5980] Loaded device plugin: NMVlanDeviceFactory (internal)
Jan 28 20:55:58 localhost NetworkManager[3811]: <debug> [1548708958.5980] Loaded device plugin: NMVxlanDeviceFactory (internal)
Jan 28 20:55:58 localhost NetworkManager[3811]: <info>  [1548708958.6049] Loaded device plugin: NMTeamFactory (/usr/lib64/NetworkManager/1.12.0-6.el7/libnm-device-plugin-team.so)
Jan 28 20:55:58 localhost NetworkManager[3811]: <info>  [1548708958.6128] Loaded device plugin: NMWifiFactory (/usr/lib64/NetworkManager/1.12.0-6.el7/libnm-device-plugin-wifi.so)
Jan 28 20:55:58 localhost NetworkManager[3811]: <debug> [1548708958.6131] device[0x562fef3c8d50] (lo): unmanaged: flags set to [platform-init,by-default=0x110/0x110/unmanaged/unrealized], set-unmanaged [by-default=0x100])
Jan 28 20:55:58 localhost systemd[1]: Cannot add dependency job for unit rhel-loadmodules.service, ignoring: Unit is masked.
Jan 28 20:55:58 localhost NetworkManager[3811]: <debug> [1548708958.6131] device[0x562fef3c8d50] (lo): constructed (NMDeviceGeneric)
Jan 28 20:55:58 localhost systemd[1]: Cannot add dependency job for unit rhel-autorelabel.service, ignoring: Unit is masked.
Jan 28 20:55:58 localhost NetworkManager[3811]: <debug> [1548708958.6132] device[0x562fef3c8d50] (lo): start setup of NMDeviceGeneric, kernel ifindex 1
Jan 28 20:55:58 localhost systemd[1]: Cannot add dependency job for unit systemd-tmpfiles-clean.timer, ignoring: Unit is masked.
Jan 28 20:55:58 localhost NetworkManager[3811]: <debug> [1548708958.6132] device[0x562fef3c8d50] (lo): assume-state: set guess-assume=1, connection=(null)
Jan 28 20:55:58 localhost systemd[1]: Starting Authorization Manager...
Jan 28 20:55:58 localhost NetworkManager[3811]: <debug> [1548708958.6133] platform-linux: error reading net:/sys/class/net/lo/phys_port_id: error reading 4096 bytes from file descriptor: Operation not supported
Jan 28 20:55:58 localhost NetworkManager[3811]: <debug> [1548708958.6133] platform-linux: sysctl: reading 'net:/sys/class/net/lo/dev_id': '0x0'
Jan 28 20:55:58 localhost NetworkManager[3811]: <debug> [1548708958.6134] platform-linux: error reading net:/sys/class/net/lo/device/sriov_totalvfs: Failed to open file "device/sriov_totalvfs" with openat: No such file or directory
Jan 28 20:55:58 localhost NetworkManager[3811]: <debug> [1548708958.6134] device[0x562fef3c8d50] (lo): hw-addr: hardware address now 00:00:00:00:00:00
Jan 28 20:55:58 localhost NetworkManager[3811]: <debug> [1548708958.6135] device[0x562fef3c8d50] (lo): hw-addr: update initial MAC address 00:00:00:00:00:00
Jan 28 20:55:58 localhost NetworkManager[3811]: <debug> [1548708958.6135] device[0x562fef3c8d50] (lo): hw-addr: unable to read permanent MAC address (use current: 00:00:00:00:00:00)
Jan 28 20:55:58 localhost NetworkManager[3811]: <info>  [1548708958.6135] device (lo): carrier: link connected
Jan 28 20:55:58 localhost NetworkManager[3811]: <debug> [1548708958.6135] device[0x562fef3c8d50] (lo): unmanaged: flags set to [platform-init,by-default,!external-down=0x110/0x910/unmanaged/unrealized], set-managed [external-down=0x800])
Jan 28 20:55:58 localhost NetworkManager[3811]: <debug> [1548708958.6135] device[0x562fef3c8d50] (lo): unmanaged: flags set to [loopback,platform-init,by-default,!external-down=0x118/0x918/unmanaged/unrealized], set-unmanaged [loopback=0x8])
Jan 28 20:55:58 localhost NetworkManager[3811]: <debug> [1548708958.6135] device[0x562fef3c8d50] (lo): unmanaged: flags set to [loopback,platform-init,by-default,!user-settings,!external-down=0x118/0x958/unmanaged/unrealized], set-managed [user-settings=0x40])
Jan 28 20:55:58 localhost NetworkManager[3811]: <debug> [1548708958.6136] device[0x562fef3c8d50] (lo): unmanaged: flags set to [loopback,by-default,!platform-init,!user-settings,!external-down=0x108/0x958/unmanaged/unrealized], set-managed [platform-init=0x10])
Jan 28 20:55:58 localhost NetworkManager[3811]: <debug> [1548708958.6136] device[0x562fef3c8d50] (lo): unmanaged: flags set to [loopback,by-default,!sleeping,!platform-init,!user-settings,!external-down=0x108/0x959/unmanaged/unrealized], set-managed [sleeping=0x1])
Jan 28 20:55:58 localhost NetworkManager[3811]: <info>  [1548708958.6138] manager: (lo): new Generic device (/org/freedesktop/NetworkManager/Devices/1)
Jan 28 20:55:58 localhost NetworkManager[3811]: <debug> [1548708958.6142] device[0x562fef3c8d50] (lo): assume-state: set guess-assume=0, connection=(null)
Jan 28 20:55:58 localhost NetworkManager[3811]: <debug> [1548708958.6143] device[0x562fef395320] (eth0): constructed (NMDeviceEthernet)
Jan 28 20:55:58 localhost NetworkManager[3811]: <debug> [1548708958.6145] device[0x562fef395320] (eth0): start setup of NMDeviceEthernet, kernel ifindex 2
Jan 28 20:55:58 localhost NetworkManager[3811]: <debug> [1548708958.6145] device[0x562fef395320] (eth0): assume-state: set guess-assume=1, connection=(null)
Jan 28 20:55:58 localhost NetworkManager[3811]: <debug> [1548708958.6146] platform-linux: error reading net:/sys/class/net/eth0/phys_port_id: error reading 4096 bytes from file descriptor: Operation not supported
Jan 28 20:55:58 localhost NetworkManager[3811]: <debug> [1548708958.6146] platform-linux: sysctl: reading 'net:/sys/class/net/eth0/dev_id': '0x0'
Jan 28 20:55:58 localhost NetworkManager[3811]: <debug> [1548708958.6147] platform-linux: error reading net:/sys/class/net/eth0/device/sriov_totalvfs: Failed to open file "device/sriov_totalvfs" with openat: No such file or directory
Jan 28 20:55:58 localhost NetworkManager[3811]: <debug> [1548708958.6147] device[0x562fef395320] (eth0): hw-addr: hardware address now 52:54:00:7C:C2:1E
Jan 28 20:55:58 localhost NetworkManager[3811]: <debug> [1548708958.6147] device[0x562fef395320] (eth0): hw-addr: update initial MAC address 52:54:00:7C:C2:1E
Jan 28 20:55:58 localhost NetworkManager[3811]: <debug> [1548708958.6148] device[0x562fef395320] (eth0): hw-addr: read permanent MAC address '52:54:00:7C:C2:1E'
Jan 28 20:55:58 localhost NetworkManager[3811]: <info>  [1548708958.6148] device (eth0): carrier: link connected
Jan 28 20:55:58 localhost NetworkManager[3811]: <debug> [1548708958.6149] device[0x562fef395320] (eth0): unmanaged: flags set to [platform-init,!loopback=0x10/0x18/unmanaged/unrealized], set-managed [loopback=0x8])
Jan 28 20:55:58 localhost NetworkManager[3811]: <debug> [1548708958.6149] device[0x562fef395320] (eth0): unmanaged: flags set to [platform-init,!loopback,!user-settings=0x10/0x58/unmanaged/unrealized], set-managed [user-settings=0x40])
Jan 28 20:55:58 localhost NetworkManager[3811]: <debug> [1548708958.6149] device[0x562fef395320] (eth0): unmanaged: flags set to [!loopback,!platform-init,!user-settings=0x0/0x58/managed/unrealized], set-managed [platform-init=0x10])
Jan 28 20:55:58 localhost NetworkManager[3811]: <debug> [1548708958.6149] device[0x562fef395320] (eth0): unmanaged: flags set to [!sleeping,!loopback,!platform-init,!user-settings=0x0/0x59/managed/unrealized], set-managed [sleeping=0x1])
Jan 28 20:55:58 localhost nm-dispatcher[3878]: req:1 'hostname': new request (4 scripts)
Jan 28 20:55:58 localhost nm-dispatcher[3878]: req:1 'hostname': environment: PATH=/usr/local/sbin:/usr/local/bin:/usr/sbin:/usr/bin
Jan 28 20:55:58 localhost nm-dispatcher[3878]: req:1 'hostname': environment: NM_DISPATCHER_ACTION=hostname
Jan 28 20:55:58 localhost nm-dispatcher[3878]: req:1 'hostname': start running ordered scripts...
Jan 28 20:55:58 localhost nm-dispatcher[3878]: req:1 'hostname', "/etc/NetworkManager/dispatcher.d/00-netreport": run script
Jan 28 20:55:58 localhost NetworkManager[3811]: <info>  [1548708958.6151] manager: (eth0): new Ethernet device (/org/freedesktop/NetworkManager/Devices/2)
Jan 28 20:55:58 localhost NetworkManager[3811]: <debug> [1548708958.6156] device[0x562fef395320] (eth0): ip4-config: update (commit=0, new-config=0x562fef398280)
Jan 28 20:55:58 localhost NetworkManager[3811]: <debug> [1548708958.6158] device[0x562fef395320] (eth0): ip4-config: set IP Config instance (/org/freedesktop/NetworkManager/IP4Config/1)
Jan 28 20:55:58 localhost NetworkManager[3811]: <debug> [1548708958.6159] dns-mgr: (device_ip_config_changed): queueing DNS updates (1)
Jan 28 20:55:58 localhost NetworkManager[3811]: <debug> [1548708958.6159] dns-mgr: (device_ip_config_changed): DNS configuration did not change
Jan 28 20:55:58 localhost NetworkManager[3811]: <debug> [1548708958.6159] dns-mgr: (device_ip_config_changed): no DNS changes to commit (0)
Jan 28 20:55:58 localhost NetworkManager[3811]: <debug> [1548708958.6160] device[0x562fef395320] (eth0): ip6-config: update (commit=0, new-config=0x562fef3f0220)
Jan 28 20:55:58 localhost NetworkManager[3811]: <debug> [1548708958.6162] device[0x562fef395320] (eth0): ip6-config: set IP Config instance (/org/freedesktop/NetworkManager/IP6Config/1)
Jan 28 20:55:58 localhost NetworkManager[3811]: <debug> [1548708958.6162] dns-mgr: (device_ip_config_changed): queueing DNS updates (1)
Jan 28 20:55:58 localhost NetworkManager[3811]: <debug> [1548708958.6163] dns-mgr: (device_ip_config_changed): DNS configuration did not change
Jan 28 20:55:58 localhost NetworkManager[3811]: <debug> [1548708958.6163] dns-mgr: (device_ip_config_changed): no DNS changes to commit (0)
Jan 28 20:55:58 localhost NetworkManager[3811]: <info>  [1548708958.6166] manager: (eth0): assume: will attempt to assume matching connection 'eth0' (a73f4f9a-0239-4ed2-8fac-687592416846) (guessed)
Jan 28 20:55:58 localhost NetworkManager[3811]: <debug> [1548708958.6182] device[0x562fef395320] (eth0): assume-state: set guess-assume=0, connection=(null)
Jan 28 20:55:58 localhost NetworkManager[3811]: <info>  [1548708958.6183] device (eth0): state change: unmanaged -> unavailable (reason 'connection-assumed', sys-iface-state: 'assume')
Jan 28 20:55:58 localhost NetworkManager[3811]: <debug> [1548708958.6188] platform-linux: sysctl: reading '/proc/sys/net/ipv6/conf/eth0/accept_ra': '1'
Jan 28 20:55:58 localhost NetworkManager[3811]: <debug> [1548708958.6188] platform-linux: sysctl: reading '/proc/sys/net/ipv6/conf/eth0/accept_ra_defrtr': '1'
Jan 28 20:55:58 localhost NetworkManager[3811]: <debug> [1548708958.6189] platform-linux: sysctl: reading '/proc/sys/net/ipv6/conf/eth0/accept_ra_pinfo': '1'
Jan 28 20:55:58 localhost NetworkManager[3811]: <debug> [1548708958.6189] platform-linux: sysctl: reading '/proc/sys/net/ipv6/conf/eth0/accept_ra_rtr_pref': '1'
Jan 28 20:55:58 localhost NetworkManager[3811]: <debug> [1548708958.6189] platform-linux: sysctl: reading '/proc/sys/net/ipv6/conf/eth0/forwarding': '0'
Jan 28 20:55:58 localhost NetworkManager[3811]: <debug> [1548708958.6189] platform-linux: sysctl: reading '/proc/sys/net/ipv6/conf/eth0/disable_ipv6': '0'
Jan 28 20:55:58 localhost NetworkManager[3811]: <debug> [1548708958.6190] platform-linux: sysctl: reading '/proc/sys/net/ipv6/conf/eth0/hop_limit': '64'
Jan 28 20:55:58 localhost NetworkManager[3811]: <debug> [1548708958.6190] platform-linux: sysctl: reading '/proc/sys/net/ipv6/conf/eth0/use_tempaddr': '0'
Jan 28 20:55:58 localhost NetworkManager[3811]: <debug> [1548708958.6200] device[0x562fef395320] (eth0): add_pending_action (1): 'recheck-available'
Jan 28 20:55:58 localhost NetworkManager[3811]: <debug> [1548708958.6215] device[0x562fef395320] (eth0): connectivity state changed from UNKNOWN to NONE
Jan 28 20:55:58 localhost NetworkManager[3811]: <debug> [1548708958.6215] manager: connectivity checking indicates NONE
Jan 28 20:55:58 localhost NetworkManager[3811]: <debug> [1548708958.6219] dispatcher: (2) dispatching action 'connectivity-change'
Jan 28 20:55:58 localhost NetworkManager[3811]: <info>  [1548708958.6224] device (eth0): state change: unavailable -> disconnected (reason 'connection-assumed', sys-iface-state: 'assume')
Jan 28 20:55:58 localhost NetworkManager[3811]: <debug> [1548708958.6287] device[0x562fef395320] (eth0): add_pending_action (2): 'autoactivate'
Jan 28 20:55:58 localhost NetworkManager[3811]: <debug> [1548708958.6288] active-connection[0x562fef398580]: set device "eth0" [0x562fef395320]
Jan 28 20:55:58 localhost NetworkManager[3811]: <debug> [1548708958.6288] device[0x562fef395320] (eth0): add_pending_action (3): 'activation-0x562fef398580'
Jan 28 20:55:58 localhost NetworkManager[3811]: <debug> [1548708958.6290] active-connection[0x562fef398580]: constructed (NMActRequest, version-id 1, type assume)
Jan 28 20:55:58 localhost NetworkManager[3811]: <info>  [1548708958.6299] device (eth0): Activation: starting connection 'eth0' (a73f4f9a-0239-4ed2-8fac-687592416846)
Jan 28 20:55:58 localhost NetworkManager[3811]: <debug> [1548708958.6300] device[0x562fef395320] (eth0): activation-stage: schedule activate_stage1_device_prepare,v4 (id 31)
Jan 28 20:55:58 localhost NetworkManager[3811]: <debug> [1548708958.6301] create NMVpnManager singleton (0x562fef3e24f0)
Jan 28 20:55:58 localhost NetworkManager[3811]: <debug> [1548708958.6301] manager: creating virtual devices...
Jan 28 20:55:58 localhost NetworkManager[3811]: <debug> [1548708958.6301] setting up local loopback
Jan 28 20:55:58 localhost NetworkManager[3811]: <debug> [1548708958.6301] platform: link: setting up "lo" (1)
Jan 28 20:55:58 localhost NetworkManager[3811]: <debug> [1548708958.6301] platform-linux: link: change 1: flags: set 0x1/0x1 ([up] / [up])
Jan 28 20:55:58 localhost NetworkManager[3811]: <debug> [1548708958.6302] platform-linux: do-request-link: 1
Jan 28 20:55:58 localhost NetworkManager[3811]: <debug> [1548708958.6302] platform-linux: do-change-link[1]: success changing link: success
Jan 28 20:55:58 localhost dbus[3823]: [system] Activating via systemd: service name='org.freedesktop.PolicyKit1' unit='polkit.service'
Jan 28 20:55:58 localhost NetworkManager[3811]: <debug> [1548708958.6336] sleep-monitor-sd: inhibit: taking sleep inhibitor...
Jan 28 20:55:58 localhost NetworkManager[3811]: <debug> [1548708958.6342] ifcfg-rh: dbus: acquired D-Bus service com.redhat.ifcfgrh1 and exported /com/redhat/ifcfgrh1 object
Jan 28 20:55:58 localhost NetworkManager[3811]: <debug> [1548708958.6342] firewall: firewall initialized (not running)
Jan 28 20:55:58 localhost NetworkManager[3811]: <debug> [1548708958.6343] device[0x562fef3c8d50] (lo): ip4-config: update (commit=0, new-config=0x562fef398020)
Jan 28 20:55:58 localhost NetworkManager[3811]: <debug> [1548708958.6345] device[0x562fef3c8d50] (lo): ip4-config: set IP Config instance (/org/freedesktop/NetworkManager/IP4Config/2)
Jan 28 20:55:58 localhost NetworkManager[3811]: <debug> [1548708958.6351] dns-mgr: (device_ip_config_changed): queueing DNS updates (1)
Jan 28 20:55:58 localhost NetworkManager[3811]: <debug> [1548708958.6351] dns-mgr: (device_ip_config_changed): DNS configuration did not change
Jan 28 20:55:58 localhost NetworkManager[3811]: <debug> [1548708958.6351] dns-mgr: (device_ip_config_changed): no DNS changes to commit (0)
Jan 28 20:55:58 localhost NetworkManager[3811]: <debug> [1548708958.6351] device[0x562fef3c8d50] (lo): ip6-config: update (commit=0, new-config=0x562fef3f0550)
Jan 28 20:55:58 localhost NetworkManager[3811]: <debug> [1548708958.6354] device[0x562fef3c8d50] (lo): ip6-config: set IP Config instance (/org/freedesktop/NetworkManager/IP6Config/2)
Jan 28 20:55:58 localhost NetworkManager[3811]: <debug> [1548708958.6362] dns-mgr: (device_ip_config_changed): queueing DNS updates (1)
Jan 28 20:55:58 localhost NetworkManager[3811]: <debug> [1548708958.6362] dns-mgr: (device_ip_config_changed): DNS configuration did not change
Jan 28 20:55:58 localhost NetworkManager[3811]: <debug> [1548708958.6363] dns-mgr: (device_ip_config_changed): no DNS changes to commit (0)
Jan 28 20:55:58 localhost NetworkManager[3811]: <debug> [1548708958.6363] device[0x562fef395320] (eth0): ip4-config: update (commit=0, new-config=0x562fef3989a0)
Jan 28 20:55:58 localhost NetworkManager[3811]: <debug> [1548708958.6364] device[0x562fef395320] (eth0): ip6-config: update (commit=0, new-config=0x562fef3f0660)
Jan 28 20:55:58 localhost NetworkManager[3811]: <debug> [1548708958.6364] device[0x562fef395320] (eth0): remove_pending_action (2): 'recheck-available'
Jan 28 20:55:58 localhost NetworkManager[3811]: <debug> [1548708958.6364] device[0x562fef395320] (eth0): remove_pending_action (1): 'autoactivate'
Jan 28 20:55:58 localhost NetworkManager[3811]: <debug> [1548708958.6364] device[0x562fef395320] (eth0): activation-stage: invoke activate_stage1_device_prepare,v4 (id 31)
Jan 28 20:55:58 localhost NetworkManager[3811]: <info>  [1548708958.6367] device (eth0): state change: disconnected -> prepare (reason 'none', sys-iface-state: 'assume')
Jan 28 20:55:58 localhost NetworkManager[3811]: <debug> [1548708958.6383] active-connection[0x562fef398580]: set state activating (was unknown)
Jan 28 20:55:58 localhost NetworkManager[3811]: <debug> [1548708958.6388] active-connection[0x562fef398580]: check-master-ready: not signalling (state activating, no master)
Jan 28 20:55:58 localhost NetworkManager[3811]: <debug> [1548708958.6388] manager: ActivatingConnection now eth0
Jan 28 20:55:58 localhost NetworkManager[3811]: <debug> [1548708958.6391] device[0x562fef395320] (eth0): activation-stage: schedule activate_stage2_device_config,v4 (id 49)
Jan 28 20:55:58 localhost NetworkManager[3811]: <debug> [1548708958.6392] device[0x562fef395320] (eth0): activation-stage: complete activate_stage1_device_prepare,v4 (id 31)
Jan 28 20:55:58 localhost nm-dispatcher[3878]: req:2 'connectivity-change': new request (4 scripts)
Jan 28 20:55:58 localhost nm-dispatcher[3878]: req:2 'connectivity-change': environment: CONNECTIVITY_STATE=NONE
Jan 28 20:55:58 localhost nm-dispatcher[3878]: req:2 'connectivity-change': environment: PATH=/usr/local/sbin:/usr/local/bin:/usr/sbin:/usr/bin
Jan 28 20:55:58 localhost nm-dispatcher[3878]: req:2 'connectivity-change': environment: NM_DISPATCHER_ACTION=connectivity-change
Jan 28 20:55:58 localhost NetworkManager[3811]: <debug> [1548708958.6464] sleep-monitor-sd: inhibit: inhibitor fd is 17
Jan 28 20:55:58 localhost NetworkManager[3811]: <debug> [1548708958.6465] manager: (lo): assume: don't assume because not managed
Jan 28 20:55:58 localhost NetworkManager[3811]: <debug> [1548708958.6465] device[0x562fef395320] (eth0): activation-stage: invoke activate_stage2_device_config,v4 (id 49)
Jan 28 20:55:58 localhost NetworkManager[3811]: <info>  [1548708958.6465] device (eth0): state change: prepare -> config (reason 'none', sys-iface-state: 'assume')
Jan 28 20:55:58 localhost NetworkManager[3811]: <debug> [1548708958.6473] firewall: [0x562fef378450,change*:"eth0"]: firewall zone change eth0:default (not running, simulate success)
