20:55:42,615 INFO journal:Runtime journal is using 8.0M (max allowed 99.9M, trying to leave 149.9M free of 991.5M available → current limit 99.9M).
20:55:42,615 INFO kernel:Initializing cgroup subsys cpuset
20:55:42,615 INFO kernel:Initializing cgroup subsys cpu
20:55:42,615 INFO kernel:Initializing cgroup subsys cpuacct
20:55:42,615 NOTICE kernel:Linux version 3.10.0-957.el7.x86_64 (mockbuild@kbuilder.bsys.centos.org) (gcc version 4.8.5 20150623 (Red Hat 4.8.5-36) (GCC) ) #1 SMP Thu Nov 8 23:39:32 UTC 2018
20:55:42,615 INFO kernel:Command line: method=http://mirror.centos.org/centos/7/os/x86_64/ ks=file:/CentOS-7-x86_64-hvm.ks console=tty0 console=ttyS0,115200 
20:55:42,615 INFO kernel:Disabled fast string operations
20:55:42,615 INFO kernel:e820: BIOS-provided physical RAM map:
20:55:42,615 INFO kernel:BIOS-e820: [mem 0x0000000000000000-0x000000000009d7ff] usable
20:55:42,615 INFO kernel:BIOS-e820: [mem 0x000000000009d800-0x000000000009ffff] reserved
20:55:42,615 INFO kernel:BIOS-e820: [mem 0x00000000000f0000-0x00000000000fffff] reserved
20:55:42,615 INFO kernel:BIOS-e820: [mem 0x0000000000100000-0x000000007fffcfff] usable
20:55:42,615 INFO kernel:BIOS-e820: [mem 0x000000007fffd000-0x000000007fffffff] reserved
20:55:42,615 INFO kernel:BIOS-e820: [mem 0x00000000fffbc000-0x00000000ffffffff] reserved
20:55:42,615 INFO kernel:NX (Execute Disable) protection: active
20:55:42,615 INFO kernel:SMBIOS 2.4 present.
20:55:42,615 INFO kernel:DMI: Red Hat KVM, BIOS 0.5.1 01/01/2007
20:55:42,615 INFO kernel:Hypervisor detected: KVM
20:55:42,615 DEBUG kernel:e820: update [mem 0x00000000-0x00000fff] usable ==> reserved
20:55:42,615 DEBUG kernel:e820: remove [mem 0x000a0000-0x000fffff] usable
20:55:42,615 INFO kernel:e820: last_pfn = 0x7fffd max_arch_pfn = 0x400000000
20:55:42,615 DEBUG kernel:MTRR default type: write-back
20:55:42,616 DEBUG kernel:MTRR fixed ranges enabled:
20:55:42,616 DEBUG kernel:  00000-9FFFF write-back
20:55:42,616 DEBUG kernel:  A0000-BFFFF uncachable
20:55:42,616 DEBUG kernel:  C0000-FFFFF write-protect
20:55:42,616 DEBUG kernel:MTRR variable ranges enabled:
20:55:42,616 DEBUG kernel:  0 base 0000E0000000 mask 3FFFE0000000 uncachable
20:55:42,616 DEBUG kernel:  1 disabled
20:55:42,616 DEBUG kernel:  2 disabled
20:55:42,616 DEBUG kernel:  3 disabled
20:55:42,616 DEBUG kernel:  4 disabled
20:55:42,616 DEBUG kernel:  5 disabled
20:55:42,616 DEBUG kernel:  6 disabled
20:55:42,616 DEBUG kernel:  7 disabled
20:55:42,616 INFO kernel:PAT configuration [0-7]: WB  WC  UC- UC  UC  UC  UC  UC  
20:55:42,616 INFO kernel:found SMP MP-table at [mem 0x000fda30-0x000fda3f] mapped at [ffffffffff200a30]
20:55:42,616 DEBUG kernel:Base memory trampoline at [ffff9feb40097000] 97000 size 24576
20:55:42,616 INFO kernel:Using GB pages for direct mapping
20:55:42,616 DEBUG kernel:BRK [0x3b252000, 0x3b252fff] PGTABLE
20:55:42,616 DEBUG kernel:BRK [0x3b253000, 0x3b253fff] PGTABLE
20:55:42,616 DEBUG kernel:BRK [0x3b254000, 0x3b254fff] PGTABLE
20:55:42,616 DEBUG kernel:BRK [0x3b255000, 0x3b255fff] PGTABLE
20:55:42,616 DEBUG kernel:BRK [0x3b256000, 0x3b256fff] PGTABLE
20:55:42,616 DEBUG kernel:BRK [0x3b257000, 0x3b257fff] PGTABLE
20:55:42,616 INFO kernel:RAMDISK: [mem 0x7cdc9000-0x7ffeffff]
20:55:42,616 INFO kernel:Early table checksum verification disabled
20:55:42,616 WARNING kernel:ACPI: RSDP 00000000000fd9e0 00014 (v00 BOCHS )
20:55:42,616 WARNING kernel:ACPI: RSDT 000000007fffd5d0 00034 (v01 BOCHS  BXPCRSDT 00000001 BXPC 00000001)
20:55:42,616 WARNING kernel:ACPI: FACP 000000007ffffe20 00074 (v01 BOCHS  BXPCFACP 00000001 BXPC 00000001)
20:55:42,616 WARNING kernel:ACPI: DSDT 000000007fffd910 024A2 (v01   BXPC   BXDSDT 00000001 INTL 20090123)
20:55:42,616 WARNING kernel:ACPI: FACS 000000007ffffdc0 00040
20:55:42,616 WARNING kernel:ACPI: SSDT 000000007fffd810 000FF (v01 BOCHS  BXPCSSDT 00000001 BXPC 00000001)
20:55:42,616 WARNING kernel:ACPI: APIC 000000007fffd720 00080 (v01 BOCHS  BXPCAPIC 00000001 BXPC 00000001)
20:55:42,616 WARNING kernel:ACPI: SSDT 000000007fffd610 0010F (v01   BXPC BXSSDTPC 00000001 INTL 20090123)
20:55:42,616 DEBUG kernel:ACPI: Local APIC address 0xfee00000
20:55:42,616 INFO kernel:No NUMA configuration found
20:55:42,616 INFO kernel:Faking a node at [mem 0x0000000000000000-0x000000007fffcfff]
20:55:42,616 INFO kernel:NODE_DATA(0) allocated [mem 0x7cda2000-0x7cdc8fff]
20:55:42,616 INFO kernel:kvm-clock: cpu 0, msr 0:7cd52001, primary cpu clock
20:55:42,616 INFO kernel:kvm-clock: Using msrs 4b564d01 and 4b564d00Zone ranges:
20:55:42,616 WARNING kernel:  DMA      [mem 0x00001000-0x00ffffff]
20:55:42,616 WARNING kernel:  DMA32    [mem 0x01000000-0xffffffff]
20:55:42,616 WARNING kernel:  Normal   empty
20:55:42,616 WARNING kernel:Movable zone start for each node
20:55:42,616 WARNING kernel:Early memory node ranges
20:55:42,616 WARNING kernel:  node   0: [mem 0x00001000-0x0009cfff]
20:55:42,616 WARNING kernel:  node   0: [mem 0x00100000-0x7fffcfff]
20:55:42,616 INFO kernel:Initmem setup node 0 [mem 0x00001000-0x7fffcfff]
20:55:42,616 DEBUG kernel:On node 0 totalpages: 524185
20:55:42,616 DEBUG kernel:  DMA zone: 64 pages used for memmap
20:55:42,616 DEBUG kernel:  DMA zone: 21 pages reserved
20:55:42,616 DEBUG kernel:  DMA zone: 3996 pages, LIFO batch:0
20:55:42,616 DEBUG kernel:  DMA32 zone: 8128 pages used for memmap
20:55:42,616 DEBUG kernel:  DMA32 zone: 520189 pages, LIFO batch:31
20:55:42,616 INFO kernel:ACPI: PM-Timer IO Port: 0xb008
20:55:42,616 DEBUG kernel:ACPI: Local APIC address 0xfee00000
20:55:42,616 INFO kernel:ACPI: LAPIC (acpi_id[0x00] lapic_id[0x00] enabled)
20:55:42,616 INFO kernel:ACPI: LAPIC (acpi_id[0x01] lapic_id[0x01] enabled)
20:55:42,616 INFO kernel:ACPI: LAPIC_NMI (acpi_id[0xff] dfl dfl lint[0x1])
20:55:42,616 INFO kernel:ACPI: IOAPIC (id[0x00] address[0xfec00000] gsi_base[0])
20:55:42,616 INFO kernel:IOAPIC[0]: apic_id 0, version 17, address 0xfec00000, GSI 0-23
20:55:42,616 INFO kernel:ACPI: INT_SRC_OVR (bus 0 bus_irq 0 global_irq 2 dfl dfl)
20:55:42,616 INFO kernel:ACPI: INT_SRC_OVR (bus 0 bus_irq 5 global_irq 5 high level)
20:55:42,616 INFO kernel:ACPI: INT_SRC_OVR (bus 0 bus_irq 9 global_irq 9 high level)
20:55:42,616 INFO kernel:ACPI: INT_SRC_OVR (bus 0 bus_irq 10 global_irq 10 high level)
20:55:42,616 INFO kernel:ACPI: INT_SRC_OVR (bus 0 bus_irq 11 global_irq 11 high level)
20:55:42,616 DEBUG kernel:ACPI: IRQ0 used by override.
20:55:42,616 DEBUG kernel:ACPI: IRQ5 used by override.
20:55:42,616 DEBUG kernel:ACPI: IRQ9 used by override.
20:55:42,616 DEBUG kernel:ACPI: IRQ10 used by override.
20:55:42,616 DEBUG kernel:ACPI: IRQ11 used by override.
20:55:42,616 INFO kernel:Using ACPI (MADT) for SMP configuration information
20:55:42,616 INFO kernel:smpboot: Allowing 2 CPUs, 0 hotplug CPUs
20:55:42,616 INFO kernel:PM: Registered nosave memory: [mem 0x0009d000-0x0009dfff]
20:55:42,616 INFO kernel:PM: Registered nosave memory: [mem 0x0009e000-0x0009ffff]
20:55:42,616 INFO kernel:PM: Registered nosave memory: [mem 0x000a0000-0x000effff]
20:55:42,616 INFO kernel:PM: Registered nosave memory: [mem 0x000f0000-0x000fffff]
20:55:42,616 INFO kernel:e820: [mem 0x80000000-0xfffbbfff] available for PCI devices
20:55:42,616 INFO kernel:Booting paravirtualized kernel on KVM
20:55:42,616 INFO kernel:setup_percpu: NR_CPUS:5120 nr_cpumask_bits:2 nr_cpu_ids:2 nr_node_ids:1
20:55:42,616 INFO kernel:PERCPU: Embedded 38 pages/cpu @ffff9febbca00000 s118784 r8192 d28672 u1048576
20:55:42,616 DEBUG kernel:pcpu-alloc: s118784 r8192 d28672 u1048576 alloc=1*2097152
20:55:42,616 DEBUG kernel:pcpu-alloc: [0] 0 1 
20:55:42,617 INFO kernel:kvm-stealtime: cpu 0, msr 7ca1c040
20:55:42,617 WARNING kernel:Built 1 zonelists in Node order, mobility grouping on.  Total pages: 515972
20:55:42,617 WARNING kernel:Policy zone: DMA32
20:55:42,617 NOTICE kernel:Kernel command line: method=http://mirror.centos.org/centos/7/os/x86_64/ ks=file:/CentOS-7-x86_64-hvm.ks console=tty0 console=ttyS0,115200 
20:55:42,617 INFO kernel:PID hash table entries: 4096 (order: 3, 32768 bytes)
20:55:42,617 INFO kernel:x86/fpu: xstate_offset[2]: 0240, xstate_sizes[2]: 0100
20:55:42,617 INFO kernel:xsave: enabled xstate_bv 0x7, cntxt size 0x340 using standard form
20:55:42,617 INFO kernel:Memory: 1992684k/2097140k available (7664k kernel code, 400k absent, 104056k reserved, 6055k data, 1876k init)
20:55:42,617 INFO kernel:SLUB: HWalign=64, Order=0-3, MinObjects=0, CPUs=2, Nodes=1
20:55:42,617 INFO kernel:x86/pti: Unmapping kernel while in userspace
20:55:42,617 INFO kernel:Hierarchical RCU implementation.
20:55:42,617 INFO kernel:#011RCU restricting CPUs from NR_CPUS=5120 to nr_cpu_ids=2.
20:55:42,617 INFO kernel:NR_IRQS:327936 nr_irqs:440 0
20:55:42,617 INFO kernel:Console: colour dummy device 80x25
20:55:42,617 INFO kernel:console [tty0] enabled
20:55:42,617 INFO kernel:console [ttyS0] enabled
20:55:42,617 INFO kernel:allocated 8388608 bytes of page_cgroup
20:55:42,617 INFO kernel:please try 'cgroup_disable=memory' option if you don't want memory cgroups
20:55:42,617 INFO kernel:tsc: Detected 1999.999 MHz processor
20:55:42,617 INFO kernel:Calibrating delay loop (skipped) preset value.. 3999.99 BogoMIPS (lpj=1999999)
20:55:42,617 INFO kernel:pid_max: default: 32768 minimum: 301
20:55:42,617 INFO kernel:Security Framework initialized
20:55:42,617 INFO kernel:SELinux:  Initializing.
20:55:42,617 DEBUG kernel:SELinux:  Starting in permissive mode
20:55:42,617 INFO kernel:Yama: becoming mindful.
20:55:42,617 INFO kernel:Dentry cache hash table entries: 262144 (order: 9, 2097152 bytes)
20:55:42,617 INFO kernel:Inode-cache hash table entries: 131072 (order: 8, 1048576 bytes)
20:55:42,617 INFO kernel:Mount-cache hash table entries: 4096 (order: 3, 32768 bytes)
20:55:42,617 INFO kernel:Mountpoint-cache hash table entries: 4096 (order: 3, 32768 bytes)
20:55:42,617 INFO kernel:Initializing cgroup subsys memory
20:55:42,617 INFO kernel:Initializing cgroup subsys devices
20:55:42,617 INFO kernel:Initializing cgroup subsys freezer
20:55:42,617 INFO kernel:Initializing cgroup subsys net_cls
20:55:42,617 INFO kernel:Initializing cgroup subsys blkio
20:55:42,617 INFO kernel:Initializing cgroup subsys perf_event
20:55:42,617 INFO kernel:Initializing cgroup subsys hugetlb
20:55:42,617 INFO kernel:Initializing cgroup subsys pids
20:55:42,617 INFO kernel:Initializing cgroup subsys net_prio
20:55:42,617 INFO kernel:Disabled fast string operations
20:55:42,617 INFO kernel:mce: CPU supports 10 MCE banks
20:55:42,617 INFO kernel:Last level iTLB entries: 4KB 0, 2MB 0, 4MB 0
20:55:42,617 INFO kernel:Last level dTLB entries: 4KB 0, 2MB 0, 4MB 0
20:55:42,617 INFO kernel:tlb_flushall_shift: 6
20:55:42,617 INFO kernel:Speculative Store Bypass: Vulnerable
20:55:42,617 INFO kernel:FEATURE SPEC_CTRL Not Present
20:55:42,617 INFO kernel:FEATURE IBPB_SUPPORT Not Present
20:55:42,617 INFO kernel:Spectre V2 : Vulnerable: Retpoline without IBPB
20:55:42,617 INFO kernel:Freeing SMP alternatives: 28k freed
20:55:42,617 INFO kernel:ACPI: Core revision 20130517
20:55:42,617 WARNING kernel:ACPI: All ACPI Tables successfully acquired
20:55:42,617 INFO kernel:ftrace: allocating 29185 entries in 115 pages
20:55:42,617 INFO kernel:Enabling x2apic
20:55:42,617 INFO kernel:Enabled x2apic
20:55:42,617 INFO kernel:Switched APIC routing to physical x2apic.
20:55:42,617 INFO kernel:..TIMER: vector=0x30 apic1=0 pin1=2 apic2=-1 pin2=-1
20:55:42,617 INFO kernel:smpboot: CPU0: Intel Xeon E312xx (Sandy Bridge) (fam: 06, model: 2a, stepping: 01)
20:55:42,617 DEBUG kernel:TSC deadline timer enabled
20:55:42,617 INFO kernel:Performance Events: unsupported p6 CPU model 42 no PMU driver, software events only.
20:55:42,617 INFO kernel:smpboot: Booting Node   0, Processors  #1 OK
20:55:42,617 INFO kernel:kvm-clock: cpu 1, msr 0:7cd52041, secondary cpu clock
20:55:42,617 INFO kernel:Disabled fast string operations
20:55:42,617 INFO kernel:Brought up 2 CPUs
20:55:42,617 INFO kernel:kvm-stealtime: cpu 1, msr 7cb1c040
20:55:42,617 INFO kernel:smpboot: Max logical packages: 2
20:55:42,617 INFO kernel:smpboot: Total of 2 processors activated (7999.99 BogoMIPS)
20:55:42,617 INFO kernel:devtmpfs: initialized
20:55:42,617 INFO kernel:EVM: security.selinux
20:55:42,617 INFO kernel:EVM: security.ima
20:55:42,617 INFO kernel:EVM: security.capability
20:55:42,617 INFO kernel:atomic64 test passed for x86-64 platform with CX8 and with SSE
20:55:42,617 INFO kernel:pinctrl core: initialized pinctrl subsystem
20:55:42,617 INFO kernel:RTC time: 20:55:38, date: 01/28/19
20:55:42,617 INFO kernel:NET: Registered protocol family 16
20:55:42,617 INFO kernel:ACPI: bus type PCI registered
20:55:42,617 INFO kernel:acpiphp: ACPI Hot Plug PCI Controller Driver version: 0.5
20:55:42,618 INFO kernel:PCI: Using configuration type 1 for base access
20:55:42,618 INFO kernel:ACPI: Added _OSI(Module Device)
20:55:42,618 INFO kernel:ACPI: Added _OSI(Processor Device)
20:55:42,618 INFO kernel:ACPI: Added _OSI(3.0 _SCP Extensions)
20:55:42,618 INFO kernel:ACPI: Added _OSI(Processor Aggregator Device)
20:55:42,618 INFO kernel:ACPI: Added _OSI(Linux-Dell-Video)
20:55:42,618 DEBUG kernel:ACPI: EC: Look up EC in DSDT
20:55:42,618 INFO kernel:ACPI: Interpreter enabled
20:55:42,618 INFO kernel:ACPI: (supports S0 S5)
20:55:42,618 INFO kernel:ACPI: Using IOAPIC for interrupt routing
20:55:42,618 INFO kernel:PCI: Using host bridge windows from ACPI; if necessary, use "pci=nocrs" and report a bug
20:55:42,618 WARNING kernel:ACPI: Enabled 16 GPEs in block 00 to 0F
20:55:42,618 INFO kernel:ACPI: PCI Root Bridge [PCI0] (domain 0000 [bus 00-ff])
20:55:42,618 INFO kernel:acpi PNP0A03:00: _OSC: OS supports [ASPM ClockPM Segments MSI]
20:55:42,618 INFO kernel:acpi PNP0A03:00: _OSC failed (AE_NOT_FOUND); disabling ASPM
20:55:42,618 WARNING kernel:acpi PNP0A03:00: fail to add MMCONFIG information, can't access extended PCI configuration space under this bridge.
20:55:42,618 INFO kernel:acpiphp: Slot [1] registered
20:55:42,618 INFO kernel:acpiphp: Slot [2] registered
20:55:42,618 INFO kernel:acpiphp: Slot [3] registered
20:55:42,618 INFO kernel:acpiphp: Slot [4] registered
20:55:42,618 INFO kernel:acpiphp: Slot [5] registered
20:55:42,618 INFO kernel:acpiphp: Slot [6] registered
20:55:42,618 INFO kernel:acpiphp: Slot [7] registered
20:55:42,618 INFO kernel:acpiphp: Slot [8] registered
20:55:42,618 INFO kernel:acpiphp: Slot [9] registered
20:55:42,618 INFO kernel:acpiphp: Slot [10] registered
20:55:42,618 INFO kernel:acpiphp: Slot [11] registered
20:55:42,618 INFO kernel:acpiphp: Slot [12] registered
20:55:42,618 INFO kernel:acpiphp: Slot [13] registered
20:55:42,618 INFO kernel:acpiphp: Slot [14] registered
20:55:42,618 INFO kernel:acpiphp: Slot [15] registered
20:55:42,618 INFO kernel:acpiphp: Slot [16] registered
20:55:42,618 INFO kernel:acpiphp: Slot [17] registered
20:55:42,618 INFO kernel:acpiphp: Slot [18] registered
20:55:42,618 INFO kernel:acpiphp: Slot [19] registered
20:55:42,618 INFO kernel:acpiphp: Slot [20] registered
20:55:42,618 INFO kernel:acpiphp: Slot [21] registered
20:55:42,618 INFO kernel:acpiphp: Slot [22] registered
20:55:42,618 INFO kernel:acpiphp: Slot [23] registered
20:55:42,618 INFO kernel:acpiphp: Slot [24] registered
20:55:42,618 INFO kernel:acpiphp: Slot [25] registered
20:55:42,618 INFO kernel:acpiphp: Slot [26] registered
20:55:42,618 INFO kernel:acpiphp: Slot [27] registered
20:55:42,618 INFO kernel:acpiphp: Slot [28] registered
20:55:42,618 INFO kernel:acpiphp: Slot [29] registered
20:55:42,618 INFO kernel:acpiphp: Slot [30] registered
20:55:42,618 INFO kernel:acpiphp: Slot [31] registered
20:55:42,618 INFO kernel:PCI host bridge to bus 0000:00
20:55:42,618 INFO kernel:pci_bus 0000:00: root bus resource [io  0x0000-0x0cf7 window]
20:55:42,618 INFO kernel:pci_bus 0000:00: root bus resource [io  0x0d00-0xffff window]
20:55:42,619 INFO kernel:pci_bus 0000:00: root bus resource [mem 0x000a0000-0x000bffff window]
20:55:42,619 INFO kernel:pci_bus 0000:00: root bus resource [mem 0xe0000000-0xfebfffff window]
20:55:42,619 INFO kernel:pci_bus 0000:00: root bus resource [bus 00-ff]
20:55:42,619 DEBUG kernel:pci 0000:00:00.0: [8086:1237] type 00 class 0x060000
20:55:42,619 DEBUG kernel:pci 0000:00:01.0: [8086:7000] type 00 class 0x060100
20:55:42,619 DEBUG kernel:pci 0000:00:01.1: [8086:7010] type 00 class 0x010180
20:55:42,619 DEBUG kernel:pci 0000:00:01.1: reg 0x20: [io  0xc000-0xc00f]
20:55:42,619 INFO kernel:pci 0000:00:01.1: legacy IDE quirk: reg 0x10: [io  0x01f0-0x01f7]
20:55:42,619 INFO kernel:pci 0000:00:01.1: legacy IDE quirk: reg 0x14: [io  0x03f6]
20:55:42,619 INFO kernel:pci 0000:00:01.1: legacy IDE quirk: reg 0x18: [io  0x0170-0x0177]
20:55:42,619 INFO kernel:pci 0000:00:01.1: legacy IDE quirk: reg 0x1c: [io  0x0376]
20:55:42,619 DEBUG kernel:pci 0000:00:01.3: [8086:7113] type 00 class 0x068000
20:55:42,619 INFO kernel:pci 0000:00:01.3: quirk: [io  0xb000-0xb03f] claimed by PIIX4 ACPI
20:55:42,619 INFO kernel:pci 0000:00:01.3: quirk: [io  0xb100-0xb10f] claimed by PIIX4 SMB
20:55:42,620 DEBUG kernel:pci 0000:00:03.0: [1af4:1000] type 00 class 0x020000
20:55:42,620 DEBUG kernel:pci 0000:00:03.0: reg 0x10: [io  0xc020-0xc03f]
20:55:42,620 DEBUG kernel:pci 0000:00:03.0: reg 0x14: [mem 0xf0000000-0xf0000fff]
20:55:42,620 DEBUG kernel:pci 0000:00:03.0: reg 0x30: [mem 0xf0010000-0xf001ffff pref]
20:55:42,620 DEBUG kernel:pci 0000:00:04.0: [8086:2934] type 00 class 0x0c0300
20:55:42,620 DEBUG kernel:pci 0000:00:04.0: reg 0x20: [io  0xc040-0xc05f]
20:55:42,620 DEBUG kernel:pci 0000:00:04.1: [8086:2935] type 00 class 0x0c0300
20:55:42,620 DEBUG kernel:pci 0000:00:04.1: reg 0x20: [io  0xc060-0xc07f]
20:55:42,620 DEBUG kernel:pci 0000:00:04.2: [8086:2936] type 00 class 0x0c0300
20:55:42,620 DEBUG kernel:pci 0000:00:04.2: reg 0x20: [io  0xc080-0xc09f]
20:55:42,620 DEBUG kernel:pci 0000:00:04.7: [8086:293a] type 00 class 0x0c0320
20:55:42,620 DEBUG kernel:pci 0000:00:04.7: reg 0x10: [mem 0xf0020000-0xf0020fff]
20:55:42,620 DEBUG kernel:pci 0000:00:05.0: [1af4:1001] type 00 class 0x010000
20:55:42,621 DEBUG kernel:pci 0000:00:05.0: reg 0x10: [io  0xc0c0-0xc0ff]
20:55:42,621 DEBUG kernel:pci 0000:00:05.0: reg 0x14: [mem 0xf0021000-0xf0021fff]
20:55:42,621 DEBUG kernel:pci 0000:00:06.0: [1af4:1002] type 00 class 0x050000
20:55:42,621 DEBUG kernel:pci 0000:00:06.0: reg 0x10: [io  0xc100-0xc11f]
20:55:42,621 INFO kernel:ACPI: PCI Interrupt Link [LNKA] (IRQs 5 *10 11)
20:55:42,621 INFO kernel:ACPI: PCI Interrupt Link [LNKB] (IRQs 5 *10 11)
20:55:42,621 INFO kernel:ACPI: PCI Interrupt Link [LNKC] (IRQs 5 10 *11)
20:55:42,621 INFO kernel:ACPI: PCI Interrupt Link [LNKD] (IRQs 5 10 *11)
20:55:42,621 INFO kernel:ACPI: PCI Interrupt Link [LNKS] (IRQs *9)
20:55:42,621 INFO kernel:vgaarb: loaded
20:55:42,621 NOTICE kernel:SCSI subsystem initialized
20:55:42,621 INFO kernel:ACPI: bus type USB registered
20:55:42,621 INFO kernel:usbcore: registered new interface driver usbfs
20:55:42,621 INFO kernel:usbcore: registered new interface driver hub
20:55:42,621 INFO kernel:usbcore: registered new device driver usb
20:55:42,621 INFO kernel:EDAC MC: Ver: 3.0.0
20:55:42,621 INFO kernel:PCI: Using ACPI for IRQ routing
20:55:42,621 DEBUG kernel:PCI: pci_cache_line_size set to 64 bytes
20:55:42,621 DEBUG kernel:e820: reserve RAM buffer [mem 0x0009d800-0x0009ffff]
20:55:42,621 DEBUG kernel:e820: reserve RAM buffer [mem 0x7fffd000-0x7fffffff]
20:55:42,621 INFO kernel:NetLabel: Initializing
20:55:42,621 INFO kernel:NetLabel:  domain hash size = 128
20:55:42,621 INFO kernel:NetLabel:  protocols = UNLABELED CIPSOv4
20:55:42,621 INFO kernel:NetLabel:  unlabeled traffic allowed by default
20:55:42,621 NOTICE kernel:amd_nb: Cannot enumerate AMD northbridges
20:55:42,621 INFO kernel:Switched to clocksource kvm-clock
20:55:42,621 INFO kernel:pnp: PnP ACPI init
20:55:42,621 INFO kernel:ACPI: bus type PNP registered
20:55:42,621 DEBUG kernel:pnp 00:00: Plug and Play ACPI device, IDs PNP0b00 (active)
20:55:42,621 DEBUG kernel:pnp 00:01: Plug and Play ACPI device, IDs PNP0303 (active)
20:55:42,621 DEBUG kernel:pnp 00:02: Plug and Play ACPI device, IDs PNP0f13 (active)
20:55:42,621 DEBUG kernel:pnp 00:03: [dma 2]
20:55:42,621 DEBUG kernel:pnp 00:03: Plug and Play ACPI device, IDs PNP0700 (active)
20:55:42,622 DEBUG kernel:pnp 00:04: Plug and Play ACPI device, IDs PNP0501 (active)
20:55:42,622 INFO kernel:pnp: PnP ACPI: found 5 devices
20:55:42,622 INFO kernel:ACPI: bus type PNP unregistered
20:55:42,622 DEBUG kernel:pci_bus 0000:00: resource 4 [io  0x0000-0x0cf7 window]
20:55:42,622 DEBUG kernel:pci_bus 0000:00: resource 5 [io  0x0d00-0xffff window]
20:55:42,622 DEBUG kernel:pci_bus 0000:00: resource 6 [mem 0x000a0000-0x000bffff window]
20:55:42,622 DEBUG kernel:pci_bus 0000:00: resource 7 [mem 0xe0000000-0xfebfffff window]
20:55:42,622 INFO kernel:NET: Registered protocol family 2
20:55:42,622 INFO kernel:TCP established hash table entries: 16384 (order: 5, 131072 bytes)
20:55:42,622 INFO kernel:TCP bind hash table entries: 16384 (order: 6, 262144 bytes)
20:55:42,622 INFO kernel:TCP: Hash tables configured (established 16384 bind 16384)
20:55:42,622 INFO kernel:TCP: reno registered
20:55:42,622 INFO kernel:UDP hash table entries: 1024 (order: 3, 32768 bytes)
20:55:42,622 INFO kernel:UDP-Lite hash table entries: 1024 (order: 3, 32768 bytes)
20:55:42,622 INFO kernel:NET: Registered protocol family 1
20:55:42,622 INFO kernel:pci 0000:00:00.0: Limiting direct PCI/PCI transfers
20:55:42,622 INFO kernel:pci 0000:00:01.0: PIIX3: Enabling Passive Release
20:55:42,622 INFO kernel:pci 0000:00:01.0: Activating ISA DMA hang workarounds
20:55:42,622 WARNING kernel:ACPI: PCI Interrupt Link [LNKC] enabled at IRQ 11
20:55:42,622 DEBUG kernel:PCI: CLS 0 bytes, default 64
20:55:42,622 INFO kernel:Unpacking initramfs...
20:55:42,622 INFO kernel:Freeing initrd memory: 51356k freed
20:55:42,622 INFO kernel:sha1_ssse3: Using AVX optimized SHA-1 implementation
20:55:42,622 INFO kernel:sha256_ssse3: Using AVX optimized SHA-256 implementation
20:55:42,622 INFO kernel:futex hash table entries: 512 (order: 3, 32768 bytes)
20:55:42,622 NOTICE kernel:Initialise system trusted keyring
20:55:42,622 INFO kernel:audit: initializing netlink socket (disabled)
20:55:42,622 NOTICE kernel:type=2000 audit(1548708944.133:1): initialized
20:55:42,622 INFO kernel:HugeTLB registered 1 GB page size, pre-allocated 0 pages
20:55:42,622 INFO kernel:HugeTLB registered 2 MB page size, pre-allocated 0 pages
20:55:42,622 INFO kernel:zpool: loaded
20:55:42,622 INFO kernel:zbud: loaded
20:55:42,622 NOTICE kernel:VFS: Disk quotas dquot_6.5.2
20:55:42,622 WARNING kernel:Dquot-cache hash table entries: 512 (order 0, 4096 bytes)
20:55:42,622 INFO kernel:msgmni has been set to 3992
20:55:42,622 NOTICE kernel:Key type big_key registered
20:55:42,622 DEBUG kernel:SELinux:  Registering netfilter hooks
20:55:42,622 INFO kernel:NET: Registered protocol family 38
20:55:42,622 NOTICE kernel:Key type asymmetric registered
20:55:42,622 NOTICE kernel:Asymmetric key parser 'x509' registered
20:55:42,622 INFO kernel:Block layer SCSI generic (bsg) driver version 0.4 loaded (major 248)
20:55:42,622 INFO kernel:io scheduler noop registered
20:55:42,622 INFO kernel:io scheduler deadline registered (default)
20:55:42,622 INFO kernel:io scheduler cfq registered
20:55:42,622 INFO kernel:io scheduler mq-deadline registered
20:55:42,622 INFO kernel:io scheduler kyber registered
20:55:42,622 INFO kernel:pci_hotplug: PCI Hot Plug PCI Core version: 0.5
20:55:42,623 INFO kernel:pciehp: PCI Express Hot Plug Controller Driver version: 0.4
20:55:42,623 INFO kernel:shpchp: Standard Hot Plug PCI Controller Driver version: 0.4
20:55:42,623 DEBUG kernel:intel_idle: does not run on family 6 model 42
20:55:42,623 INFO kernel:input: Power Button as /devices/LNXSYSTM:00/LNXPWRBN:00/input/input0
20:55:42,623 INFO kernel:ACPI: Power Button [PWRF]
20:55:42,623 INFO kernel:GHES: HEST is not enabled!
20:55:42,623 INFO kernel:Serial: 8250/16550 driver, 4 ports, IRQ sharing enabled
20:55:42,623 INFO kernel:00:04: ttyS0 at I/O 0x3f8 (irq = 4) is a 16550A
20:55:42,623 INFO kernel:Non-volatile memory driver v1.3
20:55:42,623 INFO kernel:Linux agpgart interface v0.103
20:55:42,623 INFO kernel:crash memory driver: version 1.1
20:55:42,623 INFO kernel:rdac: device handler registered
20:55:42,623 INFO kernel:hp_sw: device handler registered
20:55:42,623 INFO kernel:emc: device handler registered
20:55:42,623 INFO kernel:alua: device handler registered
20:55:42,623 INFO kernel:libphy: Fixed MDIO Bus: probed
20:55:42,623 INFO kernel:ehci_hcd: USB 2.0 'Enhanced' Host Controller (EHCI) Driver
20:55:42,623 INFO kernel:ehci-pci: EHCI PCI platform driver
20:55:42,623 INFO kernel:ehci-pci 0000:00:04.7: EHCI Host Controller
20:55:42,623 INFO kernel:ehci-pci 0000:00:04.7: new USB bus registered, assigned bus number 1
20:55:42,623 INFO kernel:ehci-pci 0000:00:04.7: irq 11, io mem 0xf0020000
20:55:42,623 INFO kernel:ehci-pci 0000:00:04.7: USB 2.0 started, EHCI 1.00
20:55:42,623 INFO kernel:usb usb1: New USB device found, idVendor=1d6b, idProduct=0002
20:55:42,623 INFO kernel:usb usb1: New USB device strings: Mfr=3, Product=2, SerialNumber=1
20:55:42,623 INFO kernel:usb usb1: Product: EHCI Host Controller
20:55:42,623 INFO kernel:usb usb1: Manufacturer: Linux 3.10.0-957.el7.x86_64 ehci_hcd
20:55:42,623 INFO kernel:usb usb1: SerialNumber: 0000:00:04.7
20:55:42,624 INFO kernel:hub 1-0:1.0: USB hub found
20:55:42,624 INFO kernel:hub 1-0:1.0: 6 ports detected
20:55:42,624 INFO kernel:ohci_hcd: USB 1.1 'Open' Host Controller (OHCI) Driver
20:55:42,624 INFO kernel:ohci-pci: OHCI PCI platform driver
20:55:42,624 INFO kernel:uhci_hcd: USB Universal Host Controller Interface driver
20:55:42,624 INFO kernel:uhci_hcd 0000:00:04.0: UHCI Host Controller
20:55:42,624 INFO kernel:uhci_hcd 0000:00:04.0: new USB bus registered, assigned bus number 2
20:55:42,624 INFO kernel:uhci_hcd 0000:00:04.0: detected 2 ports
20:55:42,624 INFO kernel:uhci_hcd 0000:00:04.0: irq 11, io base 0x0000c040
20:55:42,624 INFO kernel:usb usb2: New USB device found, idVendor=1d6b, idProduct=0001
20:55:42,624 INFO kernel:usb usb2: New USB device strings: Mfr=3, Product=2, SerialNumber=1
20:55:42,624 INFO kernel:usb usb2: Product: UHCI Host Controller
20:55:42,624 INFO kernel:usb usb2: Manufacturer: Linux 3.10.0-957.el7.x86_64 uhci_hcd
20:55:42,624 INFO kernel:usb usb2: SerialNumber: 0000:00:04.0
20:55:42,624 INFO kernel:hub 2-0:1.0: USB hub found
20:55:42,624 INFO kernel:hub 2-0:1.0: 2 ports detected
20:55:42,625 INFO kernel:uhci_hcd 0000:00:04.1: UHCI Host Controller
20:55:42,625 INFO kernel:uhci_hcd 0000:00:04.1: new USB bus registered, assigned bus number 3
20:55:42,625 INFO kernel:uhci_hcd 0000:00:04.1: detected 2 ports
20:55:42,625 INFO kernel:uhci_hcd 0000:00:04.1: irq 11, io base 0x0000c060
20:55:42,625 INFO kernel:usb usb3: New USB device found, idVendor=1d6b, idProduct=0001
20:55:42,625 INFO kernel:usb usb3: New USB device strings: Mfr=3, Product=2, SerialNumber=1
20:55:42,625 INFO kernel:usb usb3: Product: UHCI Host Controller
20:55:42,625 INFO kernel:usb usb3: Manufacturer: Linux 3.10.0-957.el7.x86_64 uhci_hcd
20:55:42,625 INFO kernel:usb usb3: SerialNumber: 0000:00:04.1
20:55:42,625 INFO kernel:hub 3-0:1.0: USB hub found
20:55:42,625 INFO kernel:hub 3-0:1.0: 2 ports detected
20:55:42,625 INFO kernel:uhci_hcd 0000:00:04.2: UHCI Host Controller
20:55:42,625 INFO kernel:uhci_hcd 0000:00:04.2: new USB bus registered, assigned bus number 4
20:55:42,626 INFO kernel:uhci_hcd 0000:00:04.2: detected 2 ports
20:55:42,626 INFO kernel:uhci_hcd 0000:00:04.2: irq 11, io base 0x0000c080
20:55:42,626 INFO kernel:usb usb4: New USB device found, idVendor=1d6b, idProduct=0001
20:55:42,626 INFO kernel:usb usb4: New USB device strings: Mfr=3, Product=2, SerialNumber=1
20:55:42,626 INFO kernel:usb usb4: Product: UHCI Host Controller
20:55:42,626 INFO kernel:usb usb4: Manufacturer: Linux 3.10.0-957.el7.x86_64 uhci_hcd
20:55:42,626 INFO kernel:usb usb4: SerialNumber: 0000:00:04.2
20:55:42,626 INFO kernel:hub 4-0:1.0: USB hub found
20:55:42,626 INFO kernel:hub 4-0:1.0: 2 ports detected
20:55:42,626 INFO kernel:usbcore: registered new interface driver usbserial_generic
20:55:42,626 INFO kernel:usbserial: USB Serial support registered for generic
20:55:42,626 INFO kernel:i8042: PNP: PS/2 Controller [PNP0303:KBD,PNP0f13:MOU] at 0x60,0x64 irq 1,12
20:55:42,626 INFO kernel:serio: i8042 KBD port at 0x60,0x64 irq 1
20:55:42,626 INFO kernel:serio: i8042 AUX port at 0x60,0x64 irq 12
20:55:42,626 INFO kernel:mousedev: PS/2 mouse device common for all mice
20:55:42,626 INFO kernel:input: AT Translated Set 2 keyboard as /devices/platform/i8042/serio0/input/input1
20:55:42,626 INFO kernel:input: VirtualPS/2 VMware VMMouse as /devices/platform/i8042/serio1/input/input2
20:55:42,626 INFO kernel:rtc_cmos 00:00: RTC can wake from S4
20:55:42,626 INFO kernel:input: VirtualPS/2 VMware VMMouse as /devices/platform/i8042/serio1/input/input3
20:55:42,626 INFO kernel:rtc_cmos 00:00: rtc core: registered rtc_cmos as rtc0
20:55:42,626 INFO kernel:rtc_cmos 00:00: alarms up to one day, 114 bytes nvram
20:55:42,626 INFO kernel:cpuidle: using governor menu
20:55:42,626 INFO kernel:hidraw: raw HID events driver (C) Jiri Kosina
20:55:42,626 INFO kernel:usbcore: registered new interface driver usbhid
20:55:42,627 INFO kernel:usbhid: USB HID core driver
20:55:42,627 INFO kernel:drop_monitor: Initializing network drop monitor service
20:55:42,627 INFO kernel:TCP: cubic registered
20:55:42,627 INFO kernel:Initializing XFRM netlink socket
20:55:42,627 INFO kernel:NET: Registered protocol family 10
20:55:42,627 INFO kernel:NET: Registered protocol family 17
20:55:42,627 INFO kernel:mpls_gso: MPLS GSO support
20:55:42,627 DEBUG kernel:PM: Hibernation image not present or could not be loaded.
20:55:42,627 NOTICE kernel:Loading compiled-in X.509 certificates
20:55:42,627 NOTICE kernel:Loaded X.509 cert 'CentOS Linux kpatch signing key: ea0413152cde1d98ebdca3fe6f0230904c9ef717'
20:55:42,627 NOTICE kernel:Loaded X.509 cert 'CentOS Linux Driver update signing key: 7f421ee0ab69461574bb358861dbe77762a4201b'
20:55:42,627 NOTICE kernel:Loaded X.509 cert 'CentOS Linux kernel signing key: b70dcf0df2d9b7f29159248249fd6fe87b781427'
20:55:42,627 INFO kernel:registered taskstats version 1
20:55:42,627 NOTICE kernel:Key type trusted registered
20:55:42,627 NOTICE kernel:Key type encrypted registered
20:55:42,627 INFO kernel:IMA: No TPM chip found, activating TPM-bypass! (rc=-19)
20:55:42,627 INFO kernel:  Magic number: 3:88:954
20:55:42,627 INFO kernel:memory memory7: hash matches
20:55:42,627 INFO kernel:rtc_cmos 00:00: setting system clock to 2019-01-28 20:55:42 UTC (1548708942)
20:55:42,627 INFO kernel:Freeing unused kernel memory: 1876k freed
20:55:42,627 INFO kernel:Write protecting the kernel read-only data: 12288k
20:55:42,627 INFO kernel:Freeing unused kernel memory: 516k freed
20:55:42,627 INFO kernel:Freeing unused kernel memory: 600k freed
20:55:42,627 NOTICE kernel:random: systemd: uninitialized urandom read (16 bytes read)
20:55:42,627 NOTICE kernel:random: systemd: uninitialized urandom read (16 bytes read)
20:55:42,627 NOTICE kernel:random: systemd: uninitialized urandom read (16 bytes read)
20:55:42,627 INFO systemd:systemd 219 running in system mode. (+PAM +AUDIT +SELINUX +IMA -APPARMOR +SMACK +SYSVINIT +UTMP +LIBCRYPTSETUP +GCRYPT +GNUTLS +ACL +XZ +LZ4 -SECCOMP +BLKID +ELFUTILS +KMOD +IDN)
20:55:42,627 INFO systemd:Detected virtualization kvm.
20:55:42,627 INFO systemd:Detected architecture x86-64.
20:55:42,627 INFO systemd:Running in initial RAM disk.
20:55:42,627 INFO systemd:No hostname configured.
20:55:42,627 INFO systemd:Set hostname to <localhost>.
20:55:42,627 INFO systemd:Initializing machine ID from KVM UUID.
20:55:42,627 NOTICE kernel:random: systemd-cryptse: uninitialized urandom read (16 bytes read)
20:55:42,627 NOTICE kernel:random: systemd: uninitialized urandom read (16 bytes read)
20:55:42,627 NOTICE kernel:random: systemd: uninitialized urandom read (16 bytes read)
20:55:42,627 NOTICE kernel:random: systemd: uninitialized urandom read (16 bytes read)
20:55:42,627 NOTICE kernel:random: systemd: uninitialized urandom read (16 bytes read)
20:55:42,627 NOTICE kernel:random: systemd: uninitialized urandom read (16 bytes read)
20:55:42,627 NOTICE kernel:random: systemd: uninitialized urandom read (16 bytes read)
20:55:42,627 WARNING systemd:Cannot add dependency job for unit blk-availability.service, ignoring: Unit not found.
20:55:42,627 INFO systemd:Reached target Local File Systems.
20:55:42,627 INFO systemd:Reached target Swap.
20:55:42,627 INFO systemd:Reached target Timers.
20:55:42,627 INFO systemd:Reached target Local Encrypted Volumes.
20:55:42,627 INFO systemd:Created slice Root Slice.
20:55:42,627 INFO systemd:Created slice System Slice.
20:55:42,627 INFO systemd:Listening on udev Control Socket.
20:55:42,627 INFO systemd:Listening on udev Kernel Socket.
20:55:42,627 INFO systemd:Reached target Slices.
20:55:42,627 INFO systemd:Listening on Journal Socket.
20:55:42,627 INFO systemd:Starting Setup Virtual Console...
20:55:42,627 INFO systemd:Starting Apply Kernel Variables...
20:55:42,627 INFO systemd:Starting Journal Service...
20:55:42,627 INFO systemd:Starting dracut cmdline hook...
20:55:42,627 INFO systemd:Starting Create list of required static device nodes for the current kernel...
20:55:42,627 INFO systemd:Started Setup Virtual Console.
20:55:42,627 INFO systemd:Started Apply Kernel Variables.
20:55:42,627 INFO systemd:Started Create list of required static device nodes for the current kernel.
20:55:42,627 INFO systemd:Starting Create Static Device Nodes in /dev...
20:55:42,627 INFO systemd:Started Create Static Device Nodes in /dev.
20:55:42,628 INFO journal:Journal started
20:55:42,628 INFO systemd:Started Journal Service.
20:55:42,660 INFO kernel:BIOS EDD facility v0.16 2004-Jun-25, 1 devices found
20:55:42,681 INFO dracut-cmdline:Loading CentOS 7 x86_64 installer...
20:55:42,697 INFO dracut-cmdline:Warning: 'method=' is deprecated. Using 'repo=http://mirror.centos.org/centos/7/os/x86_64/' instead.
20:55:42,958 INFO kernel:usb 2-1: new full-speed USB device number 2 using uhci_hcd
20:55:43,280 INFO kernel:usb 2-1: New USB device found, idVendor=0627, idProduct=0001
20:55:43,280 INFO kernel:usb 2-1: New USB device strings: Mfr=1, Product=3, SerialNumber=5
20:55:43,280 INFO kernel:usb 2-1: Product: QEMU USB Tablet
20:55:43,280 INFO kernel:usb 2-1: Manufacturer: QEMU 0.12.1
20:55:43,280 INFO kernel:usb 2-1: SerialNumber: 42
20:55:43,298 INFO kernel:input: QEMU 0.12.1 QEMU USB Tablet as /devices/pci0000:00/0000:00:04.0/usb2/2-1/2-1:1.0/input/input4
20:55:43,298 INFO kernel:hid-generic 0003:0627:0001.0001: input,hidraw0: USB HID v0.01 Pointer [QEMU 0.12.1 QEMU USB Tablet] on usb-0000:00:04.0-1/input0
20:55:43,331 INFO systemd:Started dracut cmdline hook.
20:55:43,331 NOTICE kernel:random: fast init done
20:55:43,333 INFO systemd:Starting dracut pre-udev hook...
20:55:43,363 INFO kernel:squashfs: version 4.0 (2009/01/31) Phillip Lougher
20:55:43,379 INFO kernel:Loading iSCSI transport class v2.0-870.
20:55:43,385 INFO kernel:tsc: Refined TSC clocksource calibration: 1999.999 MHz
20:55:43,389 NOTICE kernel:iscsi: registered transport (tcp)
20:55:43,414 INFO kernel:FDC 0 is a S82078B
20:55:43,433 INFO kernel:No iBFT detected.
20:55:43,465 INFO kernel:async_tx: api initialized (async)
20:55:43,467 INFO kernel:xor: automatically using best checksumming function:
20:55:43,477 INFO kernel:   avx       : 19396.000 MB/sec
20:55:43,504 WARNING kernel:raid6: sse2x1   gen()  7105 MB/s
20:55:43,521 WARNING kernel:raid6: sse2x2   gen()  9042 MB/s
20:55:43,539 WARNING kernel:raid6: sse2x4   gen() 10343 MB/s
20:55:43,539 WARNING kernel:raid6: using algorithm sse2x4 gen() (10343 MB/s)
20:55:43,539 WARNING kernel:raid6: using ssse3x2 recovery algorithm
20:55:43,613 INFO kernel:device-mapper: uevent: version 1.0.3
20:55:43,613 INFO kernel:device-mapper: ioctl: 4.37.1-ioctl (2018-04-03) initialised: dm-devel@redhat.com
20:55:43,672 INFO kernel:device-mapper: multipath round-robin: version 1.2.0 loaded
20:55:43,769 INFO kernel:RPC: Registered named UNIX socket transport module.
20:55:43,769 INFO kernel:RPC: Registered udp transport module.
20:55:43,769 INFO kernel:RPC: Registered tcp transport module.
20:55:43,769 INFO kernel:RPC: Registered tcp NFSv4.1 backchannel transport module.
20:55:43,885 NOTICE rpc.statd:Version 1.3.0 starting
20:55:43,888 NOTICE rpc.statd:Initializing NSM state
20:55:43,889 WARNING rpc.statd:Running as root.  chown /var/lib/nfs/statd to choose different user
20:55:43,931 INFO systemd:Started dracut pre-udev hook.
20:55:43,932 INFO systemd:Starting udev Kernel Device Manager...
20:55:43,933 INFO systemd-udevd:starting version 219
20:55:43,936 INFO systemd:Started udev Kernel Device Manager.
20:55:43,937 INFO systemd:Starting dracut pre-trigger hook...
20:55:43,982 INFO lldpad:config file failed to load,
20:55:43,982 INFO lldpad:create a new file.
20:55:43,982 INFO lldpad:bound ctrl iface to /com/intel/lldpad
20:55:43,991 INFO dracut-pre-trigger:676
20:55:44,096 INFO systemd:Started dracut pre-trigger hook.
20:55:44,097 INFO systemd:Starting udev Coldplug all Devices...
20:55:44,141 INFO systemd:Started udev Coldplug all Devices.
20:55:44,142 INFO systemd:Starting Device-Mapper Multipath Device Controller...
20:55:44,143 INFO systemd:Starting Show Plymouth Boot Screen...
20:55:44,144 INFO systemd:Reached target System Initialization.
20:55:44,146 INFO systemd:Listening on Open-iSCSI iscsiuio Socket.
20:55:44,147 INFO systemd:Reached target Sockets.
20:55:44,180 INFO systemd:Started Device-Mapper Multipath Device Controller.
20:55:44,181 INFO systemd:Starting Open-iSCSI...
20:55:44,182 INFO systemd:Received SIGRTMIN+20 from PID 872 (plymouthd).
20:55:44,185 INFO systemd:Started Show Plymouth Boot Screen.
20:55:44,185 INFO systemd:Started Forward Password Requests to Plymouth Directory Watch.
20:55:44,185 INFO systemd:Reached target Paths.
20:55:44,185 INFO systemd:Reached target Basic System.
20:55:44,190 WARNING iscsid:iSCSI logger with pid=920 started!
20:55:44,196 INFO systemd:Failed to read PID from file /var/run/iscsid.pid: Invalid argument
20:55:44,202 INFO systemd:Started Open-iSCSI.
20:55:44,203 INFO systemd:Starting dracut initqueue hook...
20:55:44,280 INFO systemd:Mounting Configuration File System...
20:55:44,291 INFO systemd:Mounted Configuration File System.
20:55:44,411 INFO systemd:Reloading.
20:55:44,434 INFO kernel:virtio-pci 0000:00:03.0: virtio_pci: leaving for legacy driver
20:55:44,434 WARNING kernel:ACPI: PCI Interrupt Link [LNKA] enabled at IRQ 10
20:55:44,434 INFO kernel:virtio-pci 0000:00:05.0: virtio_pci: leaving for legacy driver
20:55:44,438 WARNING kernel:ACPI: PCI Interrupt Link [LNKB] enabled at IRQ 10
20:55:44,449 INFO kernel:virtio-pci 0000:00:06.0: virtio_pci: leaving for legacy driver
20:55:44,469 DEBUG kernel:libata version 3.00 loaded.
20:55:44,476 DEBUG kernel:ata_piix 0000:00:01.1: version 2.13
20:55:44,483 INFO kernel:scsi host0: ata_piix
20:55:44,494 INFO kernel:scsi host1: ata_piix
20:55:44,494 INFO kernel:ata1: PATA max MWDMA2 cmd 0x1f0 ctl 0x3f6 bmdma 0xc000 irq 14
20:55:44,494 INFO kernel:ata2: PATA max MWDMA2 cmd 0x170 ctl 0x376 bmdma 0xc008 irq 15
20:55:44,645 INFO kernel:cryptd: max_cpu_qlen set to 1000
20:55:44,664 INFO kernel:AVX version of gcm_enc/dec engaged.
20:55:44,664 INFO kernel:AES CTR mode by8 optimization enabled
20:55:44,726 INFO kernel:alg: No test for __gcm-aes-aesni (__driver-gcm-aes-aesni)
20:55:44,733 INFO kernel:alg: No test for __generic-gcm-aes-aesni (__driver-generic-gcm-aes-aesni)
20:55:44,834 DEBUG kernel:virtio-pci 0000:00:03.0: irq 24 for MSI/MSI-X
20:55:44,834 DEBUG kernel:virtio-pci 0000:00:03.0: irq 25 for MSI/MSI-X
20:55:44,834 DEBUG kernel:virtio-pci 0000:00:03.0: irq 26 for MSI/MSI-X
20:55:44,862 DEBUG kernel:virtio-pci 0000:00:05.0: irq 27 for MSI/MSI-X
20:55:44,862 DEBUG kernel:virtio-pci 0000:00:05.0: irq 28 for MSI/MSI-X
20:55:44,872 NOTICE kernel:virtio_blk virtio1: [vda] 16777216 512-byte logical blocks (8.58 GB/8.00 GiB)
20:55:44,893 INFO kernel:8021q: 802.1Q VLAN Support v1.8
20:55:44,967 INFO kernel:IPv6: ADDRCONF(NETDEV_UP): eth0: link is not ready
20:55:44,967 INFO kernel:8021q: adding VLAN 0 to HW filter on device eth0
20:55:45,036 INFO dracut-initqueue:dhcp: PREINIT eth0 up
20:55:45,050 INFO dhclient:DHCPDISCOVER on eth0 to 255.255.255.255 port 67 interval 6 (xid=0x1c9ce0ae)
20:55:45,050 INFO dhclient:DHCPREQUEST on eth0 to 255.255.255.255 port 67 (xid=0x1c9ce0ae)
20:55:45,051 INFO dhclient:DHCPOFFER from 10.0.2.2
20:55:45,051 INFO dhclient:DHCPACK from 10.0.2.2 (xid=0x1c9ce0ae)
20:55:45,069 INFO dracut-initqueue:dhcp: BOND setting eth0
20:55:45,192 ERR iscsid:iSCSI daemon with pid=936 started!
20:55:45,192 ERR iscsid:can't open InitiatorName configuration file /etc/iscsi/initiatorname.iscsi
20:55:45,193 ERR iscsid:Warning: InitiatorName file /etc/iscsi/initiatorname.iscsi does not exist or does not contain a properly formatted InitiatorName. If using software iscsi (iscsi_tcp or ib_iser) or partial offload (bnx2i or cxgbi iscsi), you may not be able to log into or
20:55:45,193 ERR iscsid:can't open InitiatorAlias configuration file /etc/iscsi/initiatorname.iscsi
20:55:45,193 ERR iscsid:can't open iscsid.safe_logout configuration file /etc/iscsi/iscsid.conf
20:55:45,855 INFO kernel:IPv6: ADDRCONF(NETDEV_CHANGE): eth0: link becomes ready
20:55:47,081 INFO dhclient:bound to 10.0.2.15 -- renewal in 32457 seconds.
20:55:47,099 INFO dracut-initqueue:RTNETLINK answers: File exists
20:55:47,782 INFO dracut-initqueue:% Total    % Received % Xferd  Average Speed   Time    Time     Time  Current
20:55:47,783 INFO dracut-initqueue:Dload  Upload   Total   Spent    Left  Speed
20:55:48,511 NOTICE kernel:random: crng init done
20:55:52,057 INFO dracut-initqueue:0     0    0     0    0     0      0      0 --:--:-- --:--:-- --:--:--     0#015 15  432M   15 69.0M    0     0  93.9M      0  0:00:04 --:--:--  0:00:04 93.9M#015 38  432M   38  168M    0     0  97.1M      0  0:00:04  0:00:01  0:00:03 97.1M#015 62  432M   62  271M    0     0  99.3M      0  0:00:04  0:00:02  0:00:02 99.3M#015 86  432M   86  376M    0     0   100M      0  0:00:04  0:00:03  0:00:01  100M#015100  432M  100  432M    0     0   101M      0  0:00:04  0:00:04 --:--:--  101M
20:55:52,241 INFO kernel:loop: module loaded
20:55:52,345 INFO systemd:Started dracut initqueue hook.
20:55:52,347 INFO systemd:Starting dracut pre-mount hook...
20:55:52,348 INFO systemd:Reached target Remote File Systems (Pre).
20:55:52,348 INFO systemd:Reached target Remote File Systems.
20:55:52,361 INFO systemd:Started dracut pre-mount hook.
20:55:52,361 INFO systemd:Reached target Initrd Root File System.
20:55:52,362 INFO systemd:Starting Reload Configuration from the Real Root...
20:55:52,398 INFO systemd:Reloading.
20:55:52,496 INFO systemd:Started Reload Configuration from the Real Root.
20:55:52,498 INFO systemd:Starting dracut mount hook...
20:55:52,498 INFO systemd:Reached target Initrd File Systems.
20:55:52,568 INFO kernel:EXT4-fs (dm-0): mounted filesystem with ordered data mode. Opts: (null)
20:55:52,589 INFO systemd:Started dracut mount hook.
20:55:52,589 INFO systemd:Reached target Initrd Default Target.
20:55:52,590 INFO systemd:Starting dracut pre-pivot and cleanup hook...
20:55:54,517 ERR rpcbind:cannot open file = /run/rpcbind/rpcbind.xdr for writing
20:55:54,518 ERR rpcbind:cannot save any registration
20:55:54,518 ERR rpcbind:cannot open file = /run/rpcbind/portmap.xdr for writing
20:55:54,518 ERR rpcbind:cannot save any registration
20:55:54,542 INFO systemd:Started dracut pre-pivot and cleanup hook.
20:55:54,542 INFO systemd:Starting Cleaning Up and Shutting Down Daemons...
20:55:54,578 INFO systemd:Starting Plymouth switch root service...
20:55:54,579 INFO systemd:Stopped target Timers.
20:55:54,580 INFO systemd:Stopped Cleaning Up and Shutting Down Daemons.
20:55:54,582 INFO systemd:Stopped dracut pre-pivot and cleanup hook.
20:55:54,583 INFO systemd:Stopped target Remote File Systems.
20:55:54,584 INFO systemd:Stopped target Remote File Systems (Pre).
20:55:54,584 INFO systemd:Stopped target Initrd Default Target.
20:55:54,585 INFO systemd:Stopped dracut mount hook.
20:55:54,586 INFO systemd:Stopped dracut pre-mount hook.
20:55:54,587 INFO systemd:Stopped dracut initqueue hook.
20:55:54,587 INFO systemd:Stopping Open-iSCSI...
20:55:54,588 INFO systemd:Stopped target Basic System.
20:55:54,588 INFO systemd:Stopped target Paths.
20:55:54,588 INFO systemd:Stopped target Sockets.
20:55:54,588 INFO systemd:Closed Open-iSCSI iscsiuio Socket.
20:55:54,589 INFO systemd:Stopped target Slices.
20:55:54,594 WARNING iscsid:iscsid shutting down.
20:55:54,594 INFO systemd:Stopped target System Initialization.
20:55:54,595 INFO systemd:Stopped target Local Encrypted Volumes.
20:55:54,597 INFO systemd:Stopped Apply Kernel Variables.
20:55:54,598 INFO systemd:Stopped target Swap.
20:55:54,599 INFO systemd:Stopped target Local File Systems.
20:55:54,600 INFO systemd:Started Plymouth switch root service.
20:55:54,601 INFO systemd:Stopped Open-iSCSI.
20:55:54,602 NOTICE multipathd:path checkers start up
20:55:54,602 NOTICE multipathd:--------shut down-------
20:55:54,603 INFO systemd:Stopping Device-Mapper Multipath Device Controller...
20:55:54,607 INFO systemd:Stopped Device-Mapper Multipath Device Controller.
20:55:54,608 INFO systemd:Stopped udev Coldplug all Devices.
20:55:54,612 INFO systemd:Stopped dracut pre-trigger hook.
20:55:54,612 INFO systemd:Stopping udev Kernel Device Manager...
20:55:54,613 INFO systemd:Stopped udev Kernel Device Manager.
20:55:54,614 INFO systemd:Stopped dracut pre-udev hook.
20:55:54,614 INFO systemd:Stopped dracut cmdline hook.
20:55:54,614 INFO systemd:Stopped Create Static Device Nodes in /dev.
20:55:54,615 INFO systemd:Stopped Create list of required static device nodes for the current kernel.
20:55:54,615 INFO systemd:Closed udev Kernel Socket.
20:55:54,615 INFO systemd:Closed udev Control Socket.
20:55:54,615 INFO systemd:Starting Cleanup udevd DB...
20:55:54,619 INFO systemd:Started Cleanup udevd DB.
20:55:54,620 INFO systemd:Reached target Switch Root.
20:55:54,620 INFO systemd:Starting Switch Root...
20:55:54,662 NOTICE systemd:Switching root.
20:55:54,668 INFO journal:Journal stopped
20:55:55,795 INFO journal:Runtime journal is using 8.0M (max allowed 99.9M, trying to leave 149.9M free of 954.1M available → current limit 99.9M).
20:55:55,796 INFO systemd-journald:Received SIGTERM from PID 1 (systemd).
20:55:55,796 DEBUG kernel:SELinux: 2048 avtab hash slots, 111767 rules.
20:55:55,796 DEBUG kernel:SELinux: 2048 avtab hash slots, 111767 rules.
20:55:55,796 DEBUG kernel:SELinux:  8 users, 14 roles, 5032 types, 315 bools, 1 sens, 1024 cats
20:55:55,796 DEBUG kernel:SELinux:  129 classes, 111767 rules
20:55:55,796 INFO kernel:SELinux:  Class bpf not defined in policy.
20:55:55,796 INFO kernel:SELinux: the above unknown classes and permissions will be allowed
20:55:55,796 DEBUG kernel:SELinux:  Completing initialization.
20:55:55,796 DEBUG kernel:SELinux:  Setting up existing superblocks.
20:55:55,796 NOTICE kernel:type=1403 audit(1548708955.161:2): policy loaded auid=4294967295 ses=4294967295
20:55:55,796 INFO systemd:Successfully loaded SELinux policy in 196.007ms.
20:55:55,796 INFO systemd:Relabelled /dev, /run and /sys/fs/cgroup in 19.727ms.
20:55:55,796 INFO journal:Journal started
20:55:55,858 INFO systemd:systemd 219 running in system mode. (+PAM +AUDIT +SELINUX +IMA -APPARMOR +SMACK +SYSVINIT +UTMP +LIBCRYPTSETUP +GCRYPT +GNUTLS +ACL +XZ +LZ4 -SECCOMP +BLKID +ELFUTILS +KMOD +IDN)
20:55:55,858 INFO rhel-domainname:/usr/lib/systemd/rhel-domainname: line 2: /etc/sysconfig/network: No such file or directory
20:55:55,858 INFO systemd:Detected virtualization kvm.
20:55:55,859 INFO systemd:Detected architecture x86-64.
20:55:55,859 WARNING systemd:Cannot add dependency job for unit rhel-loadmodules.service, ignoring: Unit is masked.
20:55:55,859 WARNING systemd:Cannot add dependency job for unit rhel-autorelabel.service, ignoring: Unit is masked.
20:55:55,860 WARNING systemd:Cannot add dependency job for unit systemd-tmpfiles-clean.timer, ignoring: Unit is masked.
20:55:55,865 INFO systemd-udevd:starting version 219
20:55:55,865 INFO systemd:Starting Flush Journal to Persistent Storage...
20:55:55,868 INFO systemd:Started Configure read-only root support.
20:55:55,869 INFO systemd:Starting Load/Save Random Seed...
20:55:55,869 INFO systemd:Started Load/Save Random Seed.
20:55:55,871 INFO systemd:Started udev Kernel Device Manager.
20:55:55,928 INFO systemd:Started Flush Journal to Persistent Storage.
20:55:56,199 INFO systemd:Started Rebuild Hardware Database.
20:55:56,200 INFO systemd:Starting udev Coldplug all Devices...
20:55:56,257 INFO systemd:Started udev Coldplug all Devices.
20:55:56,258 INFO systemd:Starting udev Wait for Complete Device Initialization...
20:55:56,260 INFO systemd:Starting Device-Mapper Multipath Device Controller...
20:55:56,499 INFO systemd:Started Device-Mapper Multipath Device Controller.
20:55:56,525 NOTICE multipathd:path checkers start up
20:55:56,727 INFO kernel:piix4_smbus 0000:00:01.3: SMBus Host Controller at 0xb100, revision 0
20:55:56,939 INFO kernel:input: PC Speaker as /devices/platform/pcspkr/input/input5
20:55:57,376 INFO systemd:Started udev Wait for Complete Device Initialization.
20:55:57,376 INFO systemd:Starting Activation of DM RAID sets...
20:55:57,427 INFO systemd:Started Activation of DM RAID sets.
20:55:57,427 INFO systemd:Reached target Local Encrypted Volumes.
20:55:57,428 INFO systemd:Reached target Local File Systems.
20:55:57,428 INFO systemd:Starting Import network configuration from initramfs...
20:55:57,428 INFO systemd:Starting Tell Plymouth To Write Out Runtime Data...
20:55:57,429 INFO systemd:Starting Rebuild Journal Catalog...
20:55:57,438 INFO systemd:Starting Migrate local SELinux policy changes from the old store structure to the new structure...
20:55:57,475 INFO systemd:Started Tell Plymouth To Write Out Runtime Data.
20:55:57,483 INFO systemd:Started Rebuild Journal Catalog.
20:55:57,483 INFO systemd:Starting Update is Completed...
20:55:57,492 INFO systemd:Started Update is Completed.
20:55:57,494 INFO systemd:Started Migrate local SELinux policy changes from the old store structure to the new structure.
20:55:57,517 INFO systemd:Started Import network configuration from initramfs.
20:55:57,518 INFO systemd:Starting Create Volatile Files and Directories...
20:55:57,546 INFO systemd:Started Create Volatile Files and Directories.
20:55:57,546 INFO systemd:Starting Update UTMP about System Boot/Shutdown...
20:55:57,559 INFO systemd:Started Update UTMP about System Boot/Shutdown.
20:55:57,560 INFO systemd:Reached target System Initialization.
20:55:57,561 INFO systemd:Listening on Open-iSCSI iscsiuio Socket.
20:55:57,561 INFO systemd:Listening on Open-iSCSI iscsid Socket.
20:55:57,563 INFO systemd:Listening on D-Bus System Message Bus Socket.
20:55:57,564 INFO systemd:Reached target Sockets.
20:55:57,564 INFO systemd:Reached target Basic System.
20:55:57,565 INFO systemd:Starting Service enabling compressing RAM with zRam...
20:55:57,565 INFO systemd:Starting Login Service...
20:55:57,566 INFO systemd:Starting pre-anaconda logging service...
20:55:57,568 INFO systemd:Started Hardware RNG Entropy Gatherer Daemon.
20:55:57,570 INFO systemd:Starting Wait for Plymouth Boot Screen to Quit...
20:55:57,571 INFO systemd:Starting Dump dmesg to /var/log/dmesg...
20:55:57,572 INFO systemd:Starting Terminate Plymouth Boot Screen...
20:55:57,577 INFO zramswapon:+ MAX_RAM_ON=2097152
20:55:57,578 INFO systemd:Started Anaconda NetworkManager configuration.
20:55:57,580 INFO systemd:Starting Network Manager...
20:55:57,592 INFO zramswapon:++ grep -E --only-matching '[[:digit:]]+'
20:55:57,593 INFO zramswapon:++ grep MemTotal /proc/meminfo
20:55:57,595 INFO zramswapon:+ mem_total_kb=2047060
20:55:57,595 INFO zramswapon:+ mem_total=2096189440
20:55:57,595 INFO zramswapon:+ grep -E 'inst\.zram=(on|1)' /proc/cmdline
20:55:57,598 INFO zramswapon:+ force=1
20:55:57,598 INFO zramswapon:+ '[' '(' 2047060 -gt 2097152 ')' -a '(' 1 '!=' 0 ')' ']'
20:55:57,598 INFO zramswapon:++ getconf _NPROCESSORS_ONLN
20:55:57,603 INFO systemd:Started pre-anaconda logging service.
20:55:57,635 INFO systemd:Received SIGRTMIN+21 from PID 872 (plymouthd).
20:55:57,648 INFO systemd:Started Wait for Plymouth Boot Screen to Quit.
20:55:57,648 INFO systemd:Started Terminate Plymouth Boot Screen.
20:55:57,686 INFO zramswapon:+ num_cpus=2
20:55:57,687 INFO zramswapon:+ decr_num_cpus=1
20:55:57,687 INFO zramswapon:+ modprobe zram num_devices=2
20:55:57,689 INFO systemd:Started Dump dmesg to /var/log/dmesg.
20:55:57,706 WARNING systemd:Cannot add dependency job for unit rhel-loadmodules.service, ignoring: Unit is masked.
20:55:57,706 WARNING systemd:Cannot add dependency job for unit rhel-autorelabel.service, ignoring: Unit is masked.
20:55:57,706 WARNING systemd:Cannot add dependency job for unit systemd-tmpfiles-clean.timer, ignoring: Unit is masked.
20:55:57,706 INFO systemd:Started D-Bus System Message Bus.
20:55:57,728 INFO kernel:zram: Added device: zram0
20:55:57,732 INFO kernel:zram: Added device: zram1
20:55:57,737 INFO zramswapon:++ seq 0 1
20:55:57,748 NOTICE multipathd:zram0: add path (uevent)
20:55:57,749 NOTICE multipathd:zram0: HDIO_GETGEO failed with 25
20:55:57,749 ERR multipathd:zram0: failed to get path uid
20:55:57,758 ERR multipathd:uevent trigger error
20:55:57,759 NOTICE multipathd:zram1: add path (uevent)
20:55:57,759 NOTICE multipathd:zram1: HDIO_GETGEO failed with 25
20:55:57,759 ERR multipathd:zram1: failed to get path uid
20:55:57,766 ERR multipathd:uevent trigger error
20:55:57,778 INFO kernel:zram0: detected capacity change from 0 to 1048096768
20:55:57,778 INFO kernel:zram1: detected capacity change from 0 to 1048096768
20:55:57,778 INFO zramswapon:+ for i in '$(seq 0 $decr_num_cpus)'
20:55:57,779 INFO zramswapon:+ echo 1048094720
20:55:57,779 INFO zramswapon:+ for i in '$(seq 0 $decr_num_cpus)'
20:55:57,779 INFO zramswapon:+ echo 1048094720
20:55:57,779 INFO zramswapon:++ seq 0 1
20:55:57,781 INFO zramswapon:+ for i in '$(seq 0 $decr_num_cpus)'
20:55:57,781 INFO zramswapon:+ mkswap /dev/zram0
20:55:57,823 INFO zramswapon:Setting up swapspace version 1, size = 1023528 KiB
20:55:57,823 INFO zramswapon:no label, UUID=c610a4af-e1fc-4acc-b769-03fe82630032
20:55:57,823 INFO zramswapon:+ for i in '$(seq 0 $decr_num_cpus)'
20:55:57,824 INFO zramswapon:+ mkswap /dev/zram1
20:55:57,827 INFO zramswapon:Setting up swapspace version 1, size = 1023528 KiB
20:55:57,827 INFO zramswapon:no label, UUID=a6d05ce5-95a1-49cb-9120-3420d8116bcc
20:55:57,828 INFO zramswapon:++ seq 0 1
20:55:57,829 INFO zramswapon:+ for i in '$(seq 0 $decr_num_cpus)'
20:55:57,829 INFO zramswapon:+ swapon -p 100 /dev/zram0
20:55:57,848 INFO kernel:Adding 1023528k swap on /dev/zram0.  Priority:100 extents:1 across:1023528k SSFS
20:55:57,849 INFO zramswapon:+ for i in '$(seq 0 $decr_num_cpus)'
20:55:57,849 INFO zramswapon:+ swapon -p 100 /dev/zram1
20:55:57,851 INFO zramswapon:+ '[' 2047060 -le 1048576 ']'
20:55:57,851 INFO kernel:Adding 1023528k swap on /dev/zram1.  Priority:100 extents:1 across:1023528k SSFS
20:55:58,099 INFO systemd:Started Service enabling compressing RAM with zRam.
20:55:58,102 INFO systemd:Started Login Service.
20:55:58,104 INFO systemd-logind:Watching system buttons on /dev/input/event0 (Power Button)
20:55:58,107 INFO systemd-logind:New seat seat0.
20:55:58,178 INFO rngd:Initalizing available sources
20:55:58,178 INFO rngd:Failed to init entropy source 0: Hardware RNG Device
20:55:58,178 INFO rngd:Failed to init entropy source 2: Intel RDRAND Instruction RNG
20:55:58,450 INFO NetworkManager:<info>  [1548708958.4490] NetworkManager (version 1.12.0-6.el7) is starting... (for the first time)
20:55:58,450 INFO NetworkManager:<info>  [1548708958.4495] Read config: /etc/NetworkManager/NetworkManager.conf (lib: 10-slaves-order.conf) (etc: 80-anaconda-no-ibft.conf, 90-anaconda-no-auto-default.conf, 91-anaconda-autoconnect-slaves.conf, 92-anaconda-loglevel-debug.conf)
20:55:58,451 DEBUG NetworkManager:<debug> [1548708958.4495] CONFIG: config-data[0x562fef376820]: 3 groups
20:55:58,451 DEBUG NetworkManager:<debug> [1548708958.4496] CONFIG:
20:55:58,451 DEBUG NetworkManager:<debug> [1548708958.4496] CONFIG: [main]
20:55:58,451 DEBUG NetworkManager:<debug> [1548708958.4496] CONFIG:   slaves-order=index
20:55:58,452 DEBUG NetworkManager:<debug> [1548708958.4496] CONFIG:   plugins=ifcfg-rh,ibft,no-ibft
20:55:58,452 DEBUG NetworkManager:<debug> [1548708958.4496] CONFIG:   no-auto-default=*
20:55:58,452 DEBUG NetworkManager:<debug> [1548708958.4496] CONFIG:
20:55:58,452 DEBUG NetworkManager:<debug> [1548708958.4496] CONFIG: [logging]
20:55:58,452 DEBUG NetworkManager:<debug> [1548708958.4496] CONFIG:   level=DEBUG
20:55:58,453 DEBUG NetworkManager:<debug> [1548708958.4496] CONFIG:
20:55:58,453 DEBUG NetworkManager:<debug> [1548708958.4496] CONFIG: [connection]
20:55:58,453 DEBUG NetworkManager:<debug> [1548708958.4496] CONFIG:   connection.autoconnect-slaves=1
20:55:58,453 DEBUG NetworkManager:<debug> [1548708958.4496] config: state: missing state file "/var/lib/NetworkManager/NetworkManager.state": No such file or directory
20:55:58,456 DEBUG NetworkManager:<debug> [1548708958.4496] WEXT support is disabled
20:55:58,457 DEBUG NetworkManager:<debug> [1548708958.4546] platform-linux: create (ignore netns, initial netns, use udev)
20:55:58,457 DEBUG NetworkManager:<debug> [1548708958.4549] platform-linux: could not enable extended acks on netlink socket
20:55:58,457 DEBUG NetworkManager:<debug> [1548708958.4549] platform-linux: Netlink socket for events established: port=3811, fd=8
20:55:58,458 DEBUG NetworkManager:<debug> [1548708958.4549] platform-linux: populate platform cache
20:55:58,458 DEBUG NetworkManager:<debug> [1548708958.4550] monotonic timestamp started counting 1.939285495 seconds ago with an offset of 18.0 seconds to CLOCK_BOOTTIME (local time is 2019-01-28 20:55:58)
20:55:58,458 DEBUG NetworkManager:<debug> [1548708958.4550] platform-linux: kernel-support: IFLA_INET6_ADDR_GEN_MODE: detected
20:55:58,458 DEBUG NetworkManager:<debug> [1548708958.4556] platform: signal: link   added: 1: lo <UP,LOWER_UP;loopback,up,running,lowerup> mtu 65536 arp 772 loopback? not-init addrgenmode eui64 addr 00:00:00:00:00:00 driver unknown rx:6,416 tx:6,416
20:55:58,459 DEBUG NetworkManager:<debug> [1548708958.4559] platform: signal: link   added: 2: eth0 <UP,LOWER_UP;broadcast,multicast,up,running,lowerup> mtu 1500 arp 1 ethernet? not-init addrgenmode eui64 addr 52:54:00:7C:C2:1E driver virtio_net rx:310557,470139042 tx:51927,2805820
20:55:58,459 DEBUG NetworkManager:<debug> [1548708958.4560] platform: signal: address 4   added: 127.0.0.1/8 lft forever pref forever lifetime 1-0[4294967295,4294967295] dev 1 flags permanent src kernel
20:55:58,459 DEBUG NetworkManager:<debug> [1548708958.4560] platform: signal: address 4   added: 10.0.2.15/24 lft 86389sec pref 86389sec lifetime 1-1[86389,86389] dev 2 src kernel
20:55:58,460 DEBUG NetworkManager:<debug> [1548708958.4560] platform: signal: address 6   added: ::1/128 lft forever pref forever lifetime 1-0[4294967295,4294967295] dev 1 flags permanent src kernel
20:55:58,461 DEBUG NetworkManager:<debug> [1548708958.4561] platform: signal: address 6   added: fe80::5054:ff:fe7c:c21e/64 lft forever pref forever lifetime 1-0[4294967295,4294967295] dev 2 flags permanent src kernel
20:55:58,461 DEBUG NetworkManager:<debug> [1548708958.4561] platform: signal: route   4   added: 0.0.0.0/0 via 10.0.2.2 dev 2 metric 0 mss 0 rt-src rt-boot scope global
20:55:58,461 DEBUG NetworkManager:<debug> [1548708958.4561] platform: signal: route   4   added: 10.0.2.0/24 via 0.0.0.0 dev 2 metric 0 mss 0 rt-src rt-kernel scope link pref-src 10.0.2.15
20:55:58,461 DEBUG NetworkManager:<debug> [1548708958.4562] platform-linux: kernel-support: RTA_PREF: ability to set router preference for IPv6 routes: detected
20:55:58,461 DEBUG NetworkManager:<debug> [1548708958.4562] platform: signal: route   6   added: fe80::/64 via :: dev 2 metric 256 mss 0 rt-src rt-kernel
20:55:58,462 DEBUG NetworkManager:<debug> [1548708958.4562] platform: signal: route   6   added: table 255 ff00::/8 via :: dev 2 metric 256 mss 0 rt-src rt-boot
20:55:58,462 DEBUG NetworkManager:<debug> [1548708958.4562] platform: signal: qdisc   added: noqueue dev 1 family 0 handle 0 parent ffffffff info 2
20:55:58,462 DEBUG NetworkManager:<debug> [1548708958.4562] platform: signal: qdisc   added: pfifo_fast dev 2 family 0 handle 0 parent ffffffff info 2
20:55:58,464 DEBUG NetworkManager:<debug> [1548708958.4579] platform: signal: link changed: 2: eth0 <UP,LOWER_UP;broadcast,multicast,up,running,lowerup> mtu 1500 arp 1 ethernet? init addrgenmode eui64 addr 52:54:00:7C:C2:1E driver virtio_net rx:310557,470139042 tx:51927,2805820
20:55:58,465 INFO systemd:Started Network Manager.
20:55:58,467 DEBUG NetworkManager:<debug> [1548708958.4580] platform: signal: link changed: 1: lo <UP,LOWER_UP;loopback,up,running,lowerup> mtu 65536 arp 772 loopback? init addrgenmode eui64 addr 00:00:00:00:00:00 driver unknown rx:6,416 tx:6,416
20:55:58,468 INFO systemd:Starting Network Manager Wait Online...
20:55:58,468 DEBUG NetworkManager:<debug> [1548708958.4581] setup NMPlatform singleton (0x562fef35e920, NMLinuxPlatform)
20:55:58,469 INFO systemd:Reached target Network.
20:55:58,469 DEBUG NetworkManager:<debug> [1548708958.4581] create NMNetns singleton (0x562fef361990)
20:55:58,469 INFO systemd:Starting Logout off all iSCSI sessions on shutdown...
20:55:58,470 DEBUG NetworkManager:<debug> [1548708958.4581] auth[0x562fef378140]: create auth-manager: polkit enabled
20:55:58,470 DEBUG NetworkManager:<debug> [1548708958.4592] auth[0x562fef378140]: set instance
20:55:58,470 DEBUG NetworkManager:<debug> [1548708958.4593] setup NMAuthManager singleton (0x562fef378140)
20:55:58,470 DEBUG NetworkManager:<debug> [1548708958.4594] create NMDBusManager singleton (0x562fef35c410)
20:55:58,471 INFO NetworkManager:<info>  [1548708958.4686] bus-manager: acquired D-Bus service "org.freedesktop.NetworkManager"
20:55:58,479 INFO NetworkManager:<info>  [1548708958.4787] manager[0x562fef38c040]: monitoring kernel firmware directory '/lib/firmware'.
20:55:58,485 INFO systemd:Started Logout off all iSCSI sessions on shutdown.
20:55:58,486 INFO systemd:Reached target Remote File Systems (Pre).
20:55:58,486 INFO systemd:Starting Availability of block devices...
20:55:58,497 INFO systemd:Started Availability of block devices.
20:55:58,514 DEBUG NetworkManager:<debug> [1548708958.5140] session-monitor: using systemd-logind session tracking
20:55:58,514 DEBUG NetworkManager:<debug> [1548708958.5141] create NMSessionMonitor singleton (0x562fef362b60)
20:55:58,515 DEBUG NetworkManager:<debug> [1548708958.5141] create NMAgentManager singleton (0x562fef37c5c0)
20:55:58,518 WARNING systemd:Cannot add dependency job for unit rhel-loadmodules.service, ignoring: Unit is masked.
20:55:58,519 NOTICE dbus:[system] Activating via systemd: service name='org.freedesktop.hostname1' unit='dbus-org.freedesktop.hostname1.service'
20:55:58,519 WARNING systemd:Cannot add dependency job for unit rhel-autorelabel.service, ignoring: Unit is masked.
20:55:58,519 WARNING systemd:Cannot add dependency job for unit systemd-tmpfiles-clean.timer, ignoring: Unit is masked.
20:55:58,519 INFO systemd:Starting Hostname Service...
20:55:58,552 NOTICE dbus:[system] Successfully activated service 'org.freedesktop.hostname1'
20:55:58,560 INFO NetworkManager:<info>  [1548708958.5600] hostname: hostname: using hostnamed
20:55:58,560 DEBUG NetworkManager:<debug> [1548708958.5600] create NMHostnameManager singleton (0x562fef378590)
20:55:58,561 DEBUG NetworkManager:<debug> [1548708958.5601] create NMFirewallManager singleton (0x562fef390c00)
20:55:58,561 INFO NetworkManager:<info>  [1548708958.5604] dns-mgr[0x562fef396110]: init: dns=default, rc-manager=file
20:55:58,562 DEBUG NetworkManager:<debug> [1548708958.5605] create NMDnsManager singleton (0x562fef396110)
20:55:58,563 DEBUG NetworkManager:<debug> [1548708958.5605] policy: hostname-mode: full
20:55:58,563 DEBUG NetworkManager:<debug> [1548708958.5607] manager: setup NMManager singleton (0x562fef38c040)
20:55:58,563 DEBUG NetworkManager:<debug> [1548708958.5612] create NMConnectivity singleton (0x562fef39b4c0)
20:55:58,563 DEBUG NetworkManager:<debug> [1548708958.5616] dispatcher: default script directory '/etc/NetworkManager/dispatcher.d' has scripts
20:55:58,564 INFO systemd:Started Hostname Service.
20:55:58,564 DEBUG NetworkManager:<debug> [1548708958.5617] dispatcher: pre-up script directory '/etc/NetworkManager/dispatcher.d/pre-up.d' has no scripts
20:55:58,564 DEBUG NetworkManager:<debug> [1548708958.5618] dispatcher: pre-down script directory '/etc/NetworkManager/dispatcher.d/pre-down.d' has no scripts
20:55:58,564 NOTICE dbus:[system] Activating via systemd: service name='org.freedesktop.nm_dispatcher' unit='dbus-org.freedesktop.nm-dispatcher.service'
20:55:58,565 WARNING systemd:Cannot add dependency job for unit rhel-loadmodules.service, ignoring: Unit is masked.
20:55:58,565 WARNING systemd:Cannot add dependency job for unit rhel-autorelabel.service, ignoring: Unit is masked.
20:55:58,565 WARNING systemd:Cannot add dependency job for unit systemd-tmpfiles-clean.timer, ignoring: Unit is masked.
20:55:58,565 INFO systemd:Starting Network Manager Script Dispatcher Service...
20:55:58,580 NOTICE dbus:[system] Successfully activated service 'org.freedesktop.nm_dispatcher'
20:55:58,581 INFO systemd:Started Network Manager Script Dispatcher Service.
20:55:58,595 DEBUG NetworkManager:<debug> [1548708958.5944] create SettingsPluginIfcfg singleton (0x562fef39b9e0)
20:55:58,595 INFO NetworkManager:<info>  [1548708958.5944] settings: Loaded settings plugin: SettingsPluginIfcfg (/usr/lib64/NetworkManager/1.12.0-6.el7/libnm-settings-plugin-ifcfg-rh.so)
20:55:58,595 INFO NetworkManager:<info>  [1548708958.5944] settings: Loaded settings plugin: NMSKeyfilePlugin (internal)
20:55:58,595 DEBUG NetworkManager:<debug> [1548708958.5946] ifcfg-rh: loading from file "/etc/sysconfig/network-scripts/ifcfg-eth0"...
20:55:58,595 DEBUG NetworkManager:<debug> [1548708958.5952] settings-connection[0x562fef3bc0d0]: constructed (NMIfcfgConnection)
20:55:58,596 INFO NetworkManager:<info>  [1548708958.5957] ifcfg-rh: new connection /etc/sysconfig/network-scripts/ifcfg-eth0 (a73f4f9a-0239-4ed2-8fac-687592416846,"eth0")
20:55:58,596 DEBUG NetworkManager:<debug> [1548708958.5957] ifcfg-rh: loading from file "/etc/sysconfig/network-scripts/ifcfg-lo"...
20:55:58,596 DEBUG NetworkManager:<debug> [1548708958.5957] ifcfg-rh: loading "/etc/sysconfig/network-scripts/ifcfg-lo" fails: Ignoring loopback device config.
20:55:58,598 DEBUG NetworkManager:<debug> [1548708958.5959] settings-connection[0x562fef3bc0d0,a73f4f9a-0239-4ed2-8fac-687592416846]: failed to read connection timestamp: No such file or directory
20:55:58,604 DEBUG NetworkManager:<debug> [1548708958.5961] ++ connection 'new connection' (0x562fef3bc0d0/NMIfcfgConnection/"802-3-ethernet"): [/org/freedesktop/NetworkManager/Settings/1]
20:55:58,604 DEBUG NetworkManager:<debug> [1548708958.5961] ++ connection                [ 0x562fef376980 ]
20:55:58,604 DEBUG NetworkManager:<debug> [1548708958.5962] ++ connection.id             = 'eth0'
20:55:58,604 DEBUG NetworkManager:<debug> [1548708958.5962] ++ connection.permissions    = []
20:55:58,613 DEBUG NetworkManager:<debug> [1548708958.5962] ++ connection.type           = '802-3-ethernet'
20:55:58,613 DEBUG NetworkManager:<debug> [1548708958.5962] ++ connection.uuid           = 'a73f4f9a-0239-4ed2-8fac-687592416846'
20:55:58,613 DEBUG NetworkManager:<debug> [1548708958.5962] ++ 802-3-ethernet            [ 0x562fef380450 ]
20:55:58,613 DEBUG NetworkManager:<debug> [1548708958.5962] ++ 802-3-ethernet.mac-address = '52:54:00:7C:C2:1E'
20:55:58,614 DEBUG NetworkManager:<debug> [1548708958.5962] ++ 802-3-ethernet.mac-address-blacklist = []
20:55:58,614 DEBUG NetworkManager:<debug> [1548708958.5962] ++ 802-3-ethernet.s390-options = ((GHashTable*) 0x562fef3be460)
20:55:58,616 DEBUG NetworkManager:<debug> [1548708958.5963] ++ ipv4                      [ 0x562fef376e00 ]
20:55:58,616 DEBUG NetworkManager:<debug> [1548708958.5963] ++ ipv4.addresses            = ((GPtrArray*) 0x562fef3bb8a0)
20:55:58,616 DEBUG NetworkManager:<debug> [1548708958.5963] ++ ipv4.dns                  = []
20:55:58,616 DEBUG NetworkManager:<debug> [1548708958.5963] ++ ipv4.dns-search           = []
20:55:58,616 DEBUG NetworkManager:<debug> [1548708958.5963] ++ ipv4.method               = 'auto'
20:55:58,617 DEBUG NetworkManager:<debug> [1548708958.5963] ++ ipv4.routes               = ((GPtrArray*) 0x562fef3bb860)
20:55:58,620 DEBUG NetworkManager:<debug> [1548708958.5963] ++ ipv6                      [ 0x562fef38afa0 ]
20:55:58,622 DEBUG NetworkManager:<debug> [1548708958.5964] ++ ipv6.addr-gen-mode        = 0
20:55:58,622 DEBUG NetworkManager:<debug> [1548708958.5964] ++ ipv6.addresses            = ((GPtrArray*) 0x562fef393780)
20:55:58,623 DEBUG NetworkManager:<debug> [1548708958.5964] ++ ipv6.dns                  = []
20:55:58,623 DEBUG NetworkManager:<debug> [1548708958.5964] ++ ipv6.dns-search           = []
20:55:58,623 DEBUG NetworkManager:<debug> [1548708958.5964] ++ ipv6.method               = 'auto'
20:55:58,623 DEBUG NetworkManager:<debug> [1548708958.5964] ++ ipv6.routes               = ((GPtrArray*) 0x562fef3937a0)
20:55:58,624 INFO NetworkManager:<info>  [1548708958.5967] manager: rfkill: WiFi enabled by radio killswitch; enabled by state file
20:55:58,624 INFO NetworkManager:<info>  [1548708958.5969] manager: rfkill: WWAN enabled by radio killswitch; enabled by state file
20:55:58,624 INFO NetworkManager:<info>  [1548708958.5970] manager: Networking is enabled by state file
20:55:58,624 DEBUG NetworkManager:<debug> [1548708958.5971] dispatcher: (1) dispatching action 'hostname'
20:55:58,624 DEBUG NetworkManager:<debug> [1548708958.5975] dhcp-init: enabled DHCP client 'dhclient' (NMDhcpDhclient)
20:55:58,625 DEBUG NetworkManager:<debug> [1548708958.5975] dhcp-init: enabled DHCP client 'internal' (NMDhcpSystemd)
20:55:58,625 INFO NetworkManager:<info>  [1548708958.5975] dhcp-init: Using DHCP client 'dhclient'
20:55:58,625 DEBUG NetworkManager:<debug> [1548708958.5975] create NMDhcpManager singleton (0x562fef399380)
20:55:58,625 DEBUG NetworkManager:<debug> [1548708958.5978] Loaded device plugin: NMBondDeviceFactory (internal)
20:55:58,625 DEBUG NetworkManager:<debug> [1548708958.5978] Loaded device plugin: NMBridgeDeviceFactory (internal)
20:55:58,626 DEBUG NetworkManager:<debug> [1548708958.5978] Loaded device plugin: NMDummyDeviceFactory (internal)
20:55:58,626 DEBUG NetworkManager:<debug> [1548708958.5978] Loaded device plugin: NMEthernetDeviceFactory (internal)
20:55:58,626 DEBUG NetworkManager:<debug> [1548708958.5978] Loaded device plugin: NMInfinibandDeviceFactory (internal)
20:55:58,626 DEBUG NetworkManager:<debug> [1548708958.5979] Loaded device plugin: NMIPTunnelDeviceFactory (internal)
20:55:58,626 DEBUG NetworkManager:<debug> [1548708958.5979] Loaded device plugin: NMMacsecDeviceFactory (internal)
20:55:58,627 DEBUG NetworkManager:<debug> [1548708958.5979] Loaded device plugin: NMMacvlanDeviceFactory (internal)
20:55:58,627 DEBUG NetworkManager:<debug> [1548708958.5979] Loaded device plugin: NMPppDeviceFactory (internal)
20:55:58,627 DEBUG NetworkManager:<debug> [1548708958.5979] Loaded device plugin: NMTunDeviceFactory (internal)
20:55:58,628 DEBUG NetworkManager:<debug> [1548708958.5979] Loaded device plugin: NMVethDeviceFactory (internal)
20:55:58,628 DEBUG NetworkManager:<debug> [1548708958.5980] Loaded device plugin: NMVlanDeviceFactory (internal)
20:55:58,629 DEBUG NetworkManager:<debug> [1548708958.5980] Loaded device plugin: NMVxlanDeviceFactory (internal)
20:55:58,629 INFO NetworkManager:<info>  [1548708958.6049] Loaded device plugin: NMTeamFactory (/usr/lib64/NetworkManager/1.12.0-6.el7/libnm-device-plugin-team.so)
20:55:58,630 INFO NetworkManager:<info>  [1548708958.6128] Loaded device plugin: NMWifiFactory (/usr/lib64/NetworkManager/1.12.0-6.el7/libnm-device-plugin-wifi.so)
20:55:58,631 DEBUG NetworkManager:<debug> [1548708958.6131] device[0x562fef3c8d50] (lo): unmanaged: flags set to [platform-init,by-default=0x110/0x110/unmanaged/unrealized], set-unmanaged [by-default=0x100])
20:55:58,638 WARNING systemd:Cannot add dependency job for unit rhel-loadmodules.service, ignoring: Unit is masked.
20:55:58,639 DEBUG NetworkManager:<debug> [1548708958.6131] device[0x562fef3c8d50] (lo): constructed (NMDeviceGeneric)
20:55:58,639 WARNING systemd:Cannot add dependency job for unit rhel-autorelabel.service, ignoring: Unit is masked.
20:55:58,639 DEBUG NetworkManager:<debug> [1548708958.6132] device[0x562fef3c8d50] (lo): start setup of NMDeviceGeneric, kernel ifindex 1
20:55:58,640 WARNING systemd:Cannot add dependency job for unit systemd-tmpfiles-clean.timer, ignoring: Unit is masked.
20:55:58,640 DEBUG NetworkManager:<debug> [1548708958.6132] device[0x562fef3c8d50] (lo): assume-state: set guess-assume=1, connection=(null)
20:55:58,640 INFO systemd:Starting Authorization Manager...
20:55:58,643 DEBUG NetworkManager:<debug> [1548708958.6133] platform-linux: error reading net:/sys/class/net/lo/phys_port_id: error reading 4096 bytes from file descriptor: Operation not supported
20:55:58,643 DEBUG NetworkManager:<debug> [1548708958.6133] platform-linux: sysctl: reading 'net:/sys/class/net/lo/dev_id': '0x0'
20:55:58,643 DEBUG NetworkManager:<debug> [1548708958.6134] platform-linux: error reading net:/sys/class/net/lo/device/sriov_totalvfs: Failed to open file "device/sriov_totalvfs" with openat: No such file or directory
20:55:58,643 DEBUG NetworkManager:<debug> [1548708958.6134] device[0x562fef3c8d50] (lo): hw-addr: hardware address now 00:00:00:00:00:00
20:55:58,643 DEBUG NetworkManager:<debug> [1548708958.6135] device[0x562fef3c8d50] (lo): hw-addr: update initial MAC address 00:00:00:00:00:00
20:55:58,644 DEBUG NetworkManager:<debug> [1548708958.6135] device[0x562fef3c8d50] (lo): hw-addr: unable to read permanent MAC address (use current: 00:00:00:00:00:00)
20:55:58,644 INFO NetworkManager:<info>  [1548708958.6135] device (lo): carrier: link connected
20:55:58,644 DEBUG NetworkManager:<debug> [1548708958.6135] device[0x562fef3c8d50] (lo): unmanaged: flags set to [platform-init,by-default,!external-down=0x110/0x910/unmanaged/unrealized], set-managed [external-down=0x800])
20:55:58,649 DEBUG NetworkManager:<debug> [1548708958.6135] device[0x562fef3c8d50] (lo): unmanaged: flags set to [loopback,platform-init,by-default,!external-down=0x118/0x918/unmanaged/unrealized], set-unmanaged [loopback=0x8])
20:55:58,650 DEBUG NetworkManager:<debug> [1548708958.6135] device[0x562fef3c8d50] (lo): unmanaged: flags set to [loopback,platform-init,by-default,!user-settings,!external-down=0x118/0x958/unmanaged/unrealized], set-managed [user-settings=0x40])
20:55:58,650 DEBUG NetworkManager:<debug> [1548708958.6136] device[0x562fef3c8d50] (lo): unmanaged: flags set to [loopback,by-default,!platform-init,!user-settings,!external-down=0x108/0x958/unmanaged/unrealized], set-managed [platform-init=0x10])
20:55:58,651 DEBUG NetworkManager:<debug> [1548708958.6136] device[0x562fef3c8d50] (lo): unmanaged: flags set to [loopback,by-default,!sleeping,!platform-init,!user-settings,!external-down=0x108/0x959/unmanaged/unrealized], set-managed [sleeping=0x1])
20:55:58,651 INFO NetworkManager:<info>  [1548708958.6138] manager: (lo): new Generic device (/org/freedesktop/NetworkManager/Devices/1)
20:55:58,651 DEBUG NetworkManager:<debug> [1548708958.6142] device[0x562fef3c8d50] (lo): assume-state: set guess-assume=0, connection=(null)
20:55:58,661 DEBUG NetworkManager:<debug> [1548708958.6143] device[0x562fef395320] (eth0): constructed (NMDeviceEthernet)
20:55:58,661 DEBUG NetworkManager:<debug> [1548708958.6145] device[0x562fef395320] (eth0): start setup of NMDeviceEthernet, kernel ifindex 2
20:55:58,662 DEBUG NetworkManager:<debug> [1548708958.6145] device[0x562fef395320] (eth0): assume-state: set guess-assume=1, connection=(null)
20:55:58,662 DEBUG NetworkManager:<debug> [1548708958.6146] platform-linux: error reading net:/sys/class/net/eth0/phys_port_id: error reading 4096 bytes from file descriptor: Operation not supported
20:55:58,662 DEBUG NetworkManager:<debug> [1548708958.6146] platform-linux: sysctl: reading 'net:/sys/class/net/eth0/dev_id': '0x0'
20:55:58,666 DEBUG NetworkManager:<debug> [1548708958.6147] platform-linux: error reading net:/sys/class/net/eth0/device/sriov_totalvfs: Failed to open file "device/sriov_totalvfs" with openat: No such file or directory
20:55:58,669 DEBUG NetworkManager:<debug> [1548708958.6147] device[0x562fef395320] (eth0): hw-addr: hardware address now 52:54:00:7C:C2:1E
20:55:58,694 DEBUG NetworkManager:<debug> [1548708958.6147] device[0x562fef395320] (eth0): hw-addr: update initial MAC address 52:54:00:7C:C2:1E
20:55:58,694 DEBUG NetworkManager:<debug> [1548708958.6148] device[0x562fef395320] (eth0): hw-addr: read permanent MAC address '52:54:00:7C:C2:1E'
20:55:58,694 INFO NetworkManager:<info>  [1548708958.6148] device (eth0): carrier: link connected
20:55:58,695 DEBUG NetworkManager:<debug> [1548708958.6149] device[0x562fef395320] (eth0): unmanaged: flags set to [platform-init,!loopback=0x10/0x18/unmanaged/unrealized], set-managed [loopback=0x8])
20:55:58,695 DEBUG NetworkManager:<debug> [1548708958.6149] device[0x562fef395320] (eth0): unmanaged: flags set to [platform-init,!loopback,!user-settings=0x10/0x58/unmanaged/unrealized], set-managed [user-settings=0x40])
20:55:58,695 DEBUG NetworkManager:<debug> [1548708958.6149] device[0x562fef395320] (eth0): unmanaged: flags set to [!loopback,!platform-init,!user-settings=0x0/0x58/managed/unrealized], set-managed [platform-init=0x10])
20:55:58,695 DEBUG NetworkManager:<debug> [1548708958.6149] device[0x562fef395320] (eth0): unmanaged: flags set to [!sleeping,!loopback,!platform-init,!user-settings=0x0/0x59/managed/unrealized], set-managed [sleeping=0x1])
20:55:58,695 INFO nm-dispatcher:req:1 'hostname': new request (4 scripts)
20:55:58,696 DEBUG nm-dispatcher:req:1 'hostname': environment: PATH=/usr/local/sbin:/usr/local/bin:/usr/sbin:/usr/bin
20:55:58,696 DEBUG nm-dispatcher:req:1 'hostname': environment: NM_DISPATCHER_ACTION=hostname
20:55:58,696 INFO nm-dispatcher:req:1 'hostname': start running ordered scripts...
20:55:58,696 DEBUG nm-dispatcher:req:1 'hostname', "/etc/NetworkManager/dispatcher.d/00-netreport": run script
20:55:58,696 INFO NetworkManager:<info>  [1548708958.6151] manager: (eth0): new Ethernet device (/org/freedesktop/NetworkManager/Devices/2)
20:55:58,697 DEBUG NetworkManager:<debug> [1548708958.6156] device[0x562fef395320] (eth0): ip4-config: update (commit=0, new-config=0x562fef398280)
20:55:58,697 DEBUG NetworkManager:<debug> [1548708958.6158] device[0x562fef395320] (eth0): ip4-config: set IP Config instance (/org/freedesktop/NetworkManager/IP4Config/1)
20:55:58,697 DEBUG NetworkManager:<debug> [1548708958.6159] dns-mgr: (device_ip_config_changed): queueing DNS updates (1)
20:55:58,697 DEBUG NetworkManager:<debug> [1548708958.6159] dns-mgr: (device_ip_config_changed): DNS configuration did not change
20:55:58,698 DEBUG NetworkManager:<debug> [1548708958.6159] dns-mgr: (device_ip_config_changed): no DNS changes to commit (0)
20:55:58,698 DEBUG NetworkManager:<debug> [1548708958.6160] device[0x562fef395320] (eth0): ip6-config: update (commit=0, new-config=0x562fef3f0220)
20:55:58,698 DEBUG NetworkManager:<debug> [1548708958.6162] device[0x562fef395320] (eth0): ip6-config: set IP Config instance (/org/freedesktop/NetworkManager/IP6Config/1)
20:55:58,698 DEBUG NetworkManager:<debug> [1548708958.6162] dns-mgr: (device_ip_config_changed): queueing DNS updates (1)
20:55:58,704 DEBUG NetworkManager:<debug> [1548708958.6163] dns-mgr: (device_ip_config_changed): DNS configuration did not change
20:55:58,704 DEBUG NetworkManager:<debug> [1548708958.6163] dns-mgr: (device_ip_config_changed): no DNS changes to commit (0)
20:55:58,704 INFO NetworkManager:<info>  [1548708958.6166] manager: (eth0): assume: will attempt to assume matching connection 'eth0' (a73f4f9a-0239-4ed2-8fac-687592416846) (guessed)
20:55:58,723 DEBUG NetworkManager:<debug> [1548708958.6182] device[0x562fef395320] (eth0): assume-state: set guess-assume=0, connection=(null)
20:55:58,723 INFO NetworkManager:<info>  [1548708958.6183] device (eth0): state change: unmanaged -> unavailable (reason 'connection-assumed', sys-iface-state: 'assume')
20:55:58,723 DEBUG NetworkManager:<debug> [1548708958.6188] platform-linux: sysctl: reading '/proc/sys/net/ipv6/conf/eth0/accept_ra': '1'
20:55:58,737 DEBUG NetworkManager:<debug> [1548708958.6188] platform-linux: sysctl: reading '/proc/sys/net/ipv6/conf/eth0/accept_ra_defrtr': '1'
20:55:58,737 DEBUG NetworkManager:<debug> [1548708958.6189] platform-linux: sysctl: reading '/proc/sys/net/ipv6/conf/eth0/accept_ra_pinfo': '1'
20:55:58,738 DEBUG NetworkManager:<debug> [1548708958.6189] platform-linux: sysctl: reading '/proc/sys/net/ipv6/conf/eth0/accept_ra_rtr_pref': '1'
20:55:58,738 DEBUG NetworkManager:<debug> [1548708958.6189] platform-linux: sysctl: reading '/proc/sys/net/ipv6/conf/eth0/forwarding': '0'
20:55:58,738 DEBUG NetworkManager:<debug> [1548708958.6189] platform-linux: sysctl: reading '/proc/sys/net/ipv6/conf/eth0/disable_ipv6': '0'
20:55:58,778 DEBUG NetworkManager:<debug> [1548708958.6190] platform-linux: sysctl: reading '/proc/sys/net/ipv6/conf/eth0/hop_limit': '64'
20:55:58,778 DEBUG NetworkManager:<debug> [1548708958.6190] platform-linux: sysctl: reading '/proc/sys/net/ipv6/conf/eth0/use_tempaddr': '0'
20:55:58,778 DEBUG NetworkManager:<debug> [1548708958.6200] device[0x562fef395320] (eth0): add_pending_action (1): 'recheck-available'
20:55:58,779 DEBUG NetworkManager:<debug> [1548708958.6215] device[0x562fef395320] (eth0): connectivity state changed from UNKNOWN to NONE
20:55:58,779 DEBUG NetworkManager:<debug> [1548708958.6215] manager: connectivity checking indicates NONE
20:55:58,779 DEBUG NetworkManager:<debug> [1548708958.6219] dispatcher: (2) dispatching action 'connectivity-change'
20:55:58,779 INFO NetworkManager:<info>  [1548708958.6224] device (eth0): state change: unavailable -> disconnected (reason 'connection-assumed', sys-iface-state: 'assume')
20:55:58,780 DEBUG NetworkManager:<debug> [1548708958.6287] device[0x562fef395320] (eth0): add_pending_action (2): 'autoactivate'
20:55:58,780 DEBUG NetworkManager:<debug> [1548708958.6288] active-connection[0x562fef398580]: set device "eth0" [0x562fef395320]
20:55:58,780 DEBUG NetworkManager:<debug> [1548708958.6288] device[0x562fef395320] (eth0): add_pending_action (3): 'activation-0x562fef398580'
20:55:58,780 DEBUG NetworkManager:<debug> [1548708958.6290] active-connection[0x562fef398580]: constructed (NMActRequest, version-id 1, type assume)
20:55:58,786 INFO NetworkManager:<info>  [1548708958.6299] device (eth0): Activation: starting connection 'eth0' (a73f4f9a-0239-4ed2-8fac-687592416846)
20:55:58,786 DEBUG NetworkManager:<debug> [1548708958.6300] device[0x562fef395320] (eth0): activation-stage: schedule activate_stage1_device_prepare,v4 (id 31)
20:55:58,786 DEBUG NetworkManager:<debug> [1548708958.6301] create NMVpnManager singleton (0x562fef3e24f0)
20:55:58,786 DEBUG NetworkManager:<debug> [1548708958.6301] manager: creating virtual devices...
20:55:58,787 DEBUG NetworkManager:<debug> [1548708958.6301] setting up local loopback
20:55:58,787 DEBUG NetworkManager:<debug> [1548708958.6301] platform: link: setting up "lo" (1)
20:55:58,787 DEBUG NetworkManager:<debug> [1548708958.6301] platform-linux: link: change 1: flags: set 0x1/0x1 ([up] / [up])
20:55:58,790 DEBUG NetworkManager:<debug> [1548708958.6302] platform-linux: do-request-link: 1
20:55:58,791 DEBUG NetworkManager:<debug> [1548708958.6302] platform-linux: do-change-link[1]: success changing link: success
20:55:58,791 NOTICE dbus:[system] Activating via systemd: service name='org.freedesktop.PolicyKit1' unit='polkit.service'
20:55:58,791 DEBUG NetworkManager:<debug> [1548708958.6336] sleep-monitor-sd: inhibit: taking sleep inhibitor...
20:55:58,792 DEBUG NetworkManager:<debug> [1548708958.6342] ifcfg-rh: dbus: acquired D-Bus service com.redhat.ifcfgrh1 and exported /com/redhat/ifcfgrh1 object
20:55:58,792 DEBUG NetworkManager:<debug> [1548708958.6342] firewall: firewall initialized (not running)
20:55:58,792 DEBUG NetworkManager:<debug> [1548708958.6343] device[0x562fef3c8d50] (lo): ip4-config: update (commit=0, new-config=0x562fef398020)
20:55:58,792 DEBUG NetworkManager:<debug> [1548708958.6345] device[0x562fef3c8d50] (lo): ip4-config: set IP Config instance (/org/freedesktop/NetworkManager/IP4Config/2)
20:55:58,792 DEBUG NetworkManager:<debug> [1548708958.6351] dns-mgr: (device_ip_config_changed): queueing DNS updates (1)
20:55:58,793 DEBUG NetworkManager:<debug> [1548708958.6351] dns-mgr: (device_ip_config_changed): DNS configuration did not change
20:55:58,793 DEBUG NetworkManager:<debug> [1548708958.6351] dns-mgr: (device_ip_config_changed): no DNS changes to commit (0)
20:55:58,793 DEBUG NetworkManager:<debug> [1548708958.6351] device[0x562fef3c8d50] (lo): ip6-config: update (commit=0, new-config=0x562fef3f0550)
20:55:58,797 DEBUG NetworkManager:<debug> [1548708958.6354] device[0x562fef3c8d50] (lo): ip6-config: set IP Config instance (/org/freedesktop/NetworkManager/IP6Config/2)
20:55:58,797 DEBUG NetworkManager:<debug> [1548708958.6362] dns-mgr: (device_ip_config_changed): queueing DNS updates (1)
20:55:58,797 DEBUG NetworkManager:<debug> [1548708958.6362] dns-mgr: (device_ip_config_changed): DNS configuration did not change
20:55:58,797 DEBUG NetworkManager:<debug> [1548708958.6363] dns-mgr: (device_ip_config_changed): no DNS changes to commit (0)
20:55:58,798 DEBUG NetworkManager:<debug> [1548708958.6363] device[0x562fef395320] (eth0): ip4-config: update (commit=0, new-config=0x562fef3989a0)
20:55:58,798 DEBUG NetworkManager:<debug> [1548708958.6364] device[0x562fef395320] (eth0): ip6-config: update (commit=0, new-config=0x562fef3f0660)
20:55:58,798 DEBUG NetworkManager:<debug> [1548708958.6364] device[0x562fef395320] (eth0): remove_pending_action (2): 'recheck-available'
20:55:58,798 DEBUG NetworkManager:<debug> [1548708958.6364] device[0x562fef395320] (eth0): remove_pending_action (1): 'autoactivate'
20:55:58,799 DEBUG NetworkManager:<debug> [1548708958.6364] device[0x562fef395320] (eth0): activation-stage: invoke activate_stage1_device_prepare,v4 (id 31)
20:55:58,799 INFO NetworkManager:<info>  [1548708958.6367] device (eth0): state change: disconnected -> prepare (reason 'none', sys-iface-state: 'assume')
20:55:58,799 DEBUG NetworkManager:<debug> [1548708958.6383] active-connection[0x562fef398580]: set state activating (was unknown)
20:55:58,803 DEBUG NetworkManager:<debug> [1548708958.6388] active-connection[0x562fef398580]: check-master-ready: not signalling (state activating, no master)
20:55:58,803 DEBUG NetworkManager:<debug> [1548708958.6388] manager: ActivatingConnection now eth0
20:55:58,806 DEBUG NetworkManager:<debug> [1548708958.6391] device[0x562fef395320] (eth0): activation-stage: schedule activate_stage2_device_config,v4 (id 49)
20:55:58,807 DEBUG NetworkManager:<debug> [1548708958.6392] device[0x562fef395320] (eth0): activation-stage: complete activate_stage1_device_prepare,v4 (id 31)
20:55:58,807 INFO nm-dispatcher:req:2 'connectivity-change': new request (4 scripts)
20:55:58,807 DEBUG nm-dispatcher:req:2 'connectivity-change': environment: CONNECTIVITY_STATE=NONE
20:55:58,807 DEBUG nm-dispatcher:req:2 'connectivity-change': environment: PATH=/usr/local/sbin:/usr/local/bin:/usr/sbin:/usr/bin
20:55:58,807 DEBUG nm-dispatcher:req:2 'connectivity-change': environment: NM_DISPATCHER_ACTION=connectivity-change
20:55:58,808 DEBUG NetworkManager:<debug> [1548708958.6464] sleep-monitor-sd: inhibit: inhibitor fd is 17
20:55:58,808 DEBUG NetworkManager:<debug> [1548708958.6465] manager: (lo): assume: don't assume because not managed
20:55:58,808 DEBUG NetworkManager:<debug> [1548708958.6465] device[0x562fef395320] (eth0): activation-stage: invoke activate_stage2_device_config,v4 (id 49)
20:55:58,808 INFO NetworkManager:<info>  [1548708958.6465] device (eth0): state change: prepare -> config (reason 'none', sys-iface-state: 'assume')
20:55:58,809 DEBUG NetworkManager:<debug> [1548708958.6473] firewall: [0x562fef378450,change*:"eth0"]: firewall zone change eth0:default (not running, simulate success)
20:55:58,809 DEBUG NetworkManager:<debug> [1548708958.6473] device[0x562fef395320] (eth0): activation-stage: complete activate_stage2_device_config,v4 (id 49)
20:55:58,812 DEBUG NetworkManager:<debug> [1548708958.6475] firewall: [0x562fef378450,change*:"eth0"]: complete: fake success
20:55:58,813 DEBUG NetworkManager:<debug> [1548708958.6476] device[0x562fef395320] (eth0): activation-stage: schedule activate_stage3_ip_config_start,v4 (id 67)
20:55:58,813 DEBUG NetworkManager:<debug> [1548708958.6476] device[0x562fef395320] (eth0): activation-stage: invoke activate_stage3_ip_config_start,v4 (id 67)
20:55:58,813 DEBUG NetworkManager:<debug> [1548708958.6476] active-connection[0x562fef398580]: set state-flags layer2-ready (was none)
20:55:58,813 INFO NetworkManager:<info>  [1548708958.6479] device (eth0): state change: config -> ip-config (reason 'none', sys-iface-state: 'assume')
20:55:58,815 DEBUG NetworkManager:<debug> [1548708958.6489] device[0x562fef395320] (eth0): ipv4.dhcp-client-id: no explicity client-id configured
20:55:58,815 DEBUG NetworkManager:<debug> [1548708958.6491] bus-manager: (dhcp) creating private socket unix:path=/var/run/NetworkManager/private-dhcp
20:55:58,816 DEBUG NetworkManager:<debug> [1548708958.6494] create NMDhcpListener singleton (0x562fef3f5840)
20:55:58,816 INFO NetworkManager:<info>  [1548708958.6494] dhcp4 (eth0): activation: beginning transaction (timeout in 45 seconds)
20:55:58,816 DEBUG NetworkManager:<debug> [1548708958.6494] dhcp4 (eth0): creating composite dhclient config /var/lib/NetworkManager/dhclient-eth0.conf
20:55:58,818 DEBUG NetworkManager:<debug> [1548708958.6494] dhcp4 (eth0): looking for existing config /etc/NetworkManager/dhclient-a73f4f9a-0239-4ed2-8fac-687592416846.conf
20:55:58,819 DEBUG NetworkManager:<debug> [1548708958.6495] dhcp4 (eth0): looking for existing config /etc/NetworkManager/dhclient-eth0.conf
20:55:58,819 DEBUG NetworkManager:<debug> [1548708958.6495] dhcp4 (eth0): looking for existing config /etc/NetworkManager/dhclient.conf
20:55:58,819 DEBUG NetworkManager:<debug> [1548708958.6495] dhcp4 (eth0): looking for existing config /etc/dhcp/dhclient-eth0.conf
20:55:58,819 DEBUG NetworkManager:<debug> [1548708958.6504] dhcp4 (eth0): looking for existing config /etc/dhclient-eth0.conf
20:55:58,820 DEBUG NetworkManager:<debug> [1548708958.6504] dhcp4 (eth0): looking for existing config /etc/dhcp/dhclient.conf
20:55:58,820 DEBUG NetworkManager:<debug> [1548708958.6504] dhcp4 (eth0): looking for existing config /etc/dhclient.conf
20:55:58,820 DEBUG NetworkManager:<debug> [1548708958.6504] dhcp4 (eth0): merging existing dhclient config /etc/dhclient.conf
20:55:58,820 DEBUG NetworkManager:<debug> [1548708958.6510] dhcp4 (eth0): running: /sbin/dhclient -d -q -sf /usr/libexec/nm-dhcp-helper -pf /var/run/dhclient-eth0.pid -lf /var/lib/NetworkManager/dhclient-a73f4f9a-0239-4ed2-8fac-687592416846-eth0.lease -cf /var/lib/NetworkManager/dhclient-eth0.conf eth0
20:55:58,821 INFO NetworkManager:<info>  [1548708958.7195] dhcp4 (eth0): dhclient started with pid 3884
20:55:58,821 DEBUG NetworkManager:<debug> [1548708958.7198] device[0x562fef395320] (eth0): add_pending_action (2): 'dhcp4'
20:55:58,821 DEBUG NetworkManager:<debug> [1548708958.7201] platform-linux: sysctl: setting '/proc/sys/net/ipv6/conf/eth0/disable_ipv6' to '0' (current value is identical)
20:55:58,830 DEBUG NetworkManager:<debug> [1548708958.7202] platform-linux: sysctl: reading '/proc/sys/net/ipv6/conf/default/use_tempaddr': '0'
20:55:58,831 DEBUG NetworkManager:<debug> [1548708958.7203] platform-linux: sysctl: reading '/proc/sys/net/ipv6/conf/eth0/router_solicitation_interval': '4'
20:55:58,831 DEBUG NetworkManager:<debug> [1548708958.7203] platform-linux: sysctl: reading '/proc/sys/net/ipv6/conf/eth0/router_solicitations': '3'
20:55:58,831 DEBUG NetworkManager:<debug> [1548708958.7204] platform-linux: sysctl: reading '/proc/sys/net/ipv6/conf/eth0/max_addresses': '16'
20:55:58,831 DEBUG NetworkManager:<debug> [1548708958.7206] device[0x562fef395320] (eth0): addrconf6: using the device EUI-64 identifier
20:55:58,831 DEBUG NetworkManager:<debug> [1548708958.7207] device[0x562fef395320] (eth0): ip6-config: update (commit=1, new-config=0x562fef3f0880)
20:55:58,832 DEBUG NetworkManager:<debug> [1548708958.7207] platform-linux: kernel-support: extended-ifa-flags: unable to detect kernel support for handling IPv6 temporary addresses. Assume support
20:55:58,832 DEBUG NetworkManager:<debug> [1548708958.7207] platform: address: adding or updating IPv6 address: fe80::5054:ff:fe7c:c21e/64 lft forever pref forever lifetime 2-0[4294967295,4294967295] dev 2 flags permanent,noprefixroute src unknown
20:55:58,832 DEBUG NetworkManager:<debug> [1548708958.7208] platform: signal: address 6 changed: fe80::5054:ff:fe7c:c21e/64 lft forever pref forever lifetime 2-0[4294967295,4294967295] dev 2 flags permanent,noprefixroute src kernel
20:55:58,832 DEBUG NetworkManager:<debug> [1548708958.7208] device[0x562fef395320] (eth0): queued IP6 config change
20:55:58,832 DEBUG NetworkManager:<debug> [1548708958.7208] platform: signal: route   6 removed: fe80::/64 via :: dev 2 metric 256 mss 0 rt-src rt-kernel
20:55:58,833 DEBUG NetworkManager:<debug> [1548708958.7209] platform-linux: do-add-ip6-address[2: fe80::5054:ff:fe7c:c21e]: success
20:55:58,833 DEBUG NetworkManager:<debug> [1548708958.7209] platform: route: append     IPv6 route: fe80::/64 via :: dev 2 metric 256 mss 0 rt-src rt-kernel
20:55:58,833 DEBUG NetworkManager:<debug> [1548708958.7209] platform: signal: route   6   added: fe80::/64 via :: dev 2 metric 256 mss 0 rt-src rt-kernel
20:55:58,842 DEBUG NetworkManager:<debug> [1548708958.7209] platform-linux: do-add-ip6-route[fe80::/64 via :: dev 2 metric 256 mss 0 rt-src rt-kernel]: success
20:55:58,843 DEBUG NetworkManager:<debug> [1548708958.7209] platform: route: append     IPv6 route: fe80::/64 via :: dev 2 metric 100 mss 0 rt-src rt-kernel
20:55:58,843 DEBUG NetworkManager:<debug> [1548708958.7210] platform: signal: route   6   added: fe80::/64 via :: dev 2 metric 100 mss 0 rt-src rt-kernel
20:55:58,844 DEBUG NetworkManager:<debug> [1548708958.7210] platform-linux: do-add-ip6-route[fe80::/64 via :: dev 2 metric 100 mss 0 rt-src rt-kernel]: success
20:55:58,844 DEBUG NetworkManager:<debug> [1548708958.7212] device[0x562fef395320] (eth0): ip6-config: update IP Config instance (/org/freedesktop/NetworkManager/IP6Config/1)
20:55:58,844 DEBUG NetworkManager:<debug> [1548708958.7212] dns-mgr: (device_ip_config_changed): queueing DNS updates (1)
20:55:58,844 DEBUG NetworkManager:<debug> [1548708958.7212] dns-mgr: (device_ip_config_changed): DNS configuration did not change
20:55:58,845 DEBUG NetworkManager:<debug> [1548708958.7213] dns-mgr: (device_ip_config_changed): no DNS changes to commit (0)
20:55:58,845 DEBUG NetworkManager:<debug> [1548708958.7213] platform-linux: sysctl: setting '/proc/sys/net/ipv6/conf/eth0/accept_ra' to '1' (current value is identical)
20:55:58,845 DEBUG NetworkManager:<debug> [1548708958.7213] platform-linux: sysctl: setting '/proc/sys/net/ipv6/conf/eth0/accept_ra_defrtr' to '0' (current value is '1')
20:55:58,845 DEBUG NetworkManager:<debug> [1548708958.7214] platform-linux: sysctl: setting '/proc/sys/net/ipv6/conf/eth0/accept_ra_pinfo' to '0' (current value is '1')
20:55:58,845 DEBUG NetworkManager:<debug> [1548708958.7214] platform-linux: sysctl: setting '/proc/sys/net/ipv6/conf/eth0/accept_ra_rtr_pref' to '0' (current value is '1')
20:55:58,846 DEBUG NetworkManager:<debug> [1548708958.7214] ndisc[0x562fef3ff0e0,"eth0"]: starting neighbor discovery: 2
20:55:58,846 DEBUG NetworkManager:<debug> [1548708958.7214] ndisc-lndp[0x562fef3ff0e0,"eth0"]: processing libndp events
20:55:58,846 DEBUG NetworkManager:<debug> [1548708958.7214] ndisc[0x562fef3ff0e0,"eth0"]: scheduling RA timeout in 30 seconds
20:55:58,852 DEBUG NetworkManager:<debug> [1548708958.7215] ndisc[0x562fef3ff0e0,"eth0"]: scheduling explicit router solicitation request in 0 seconds.
20:55:58,853 DEBUG NetworkManager:<debug> [1548708958.7215] device[0x562fef395320] (eth0): activation-stage: complete activate_stage3_ip_config_start,v4 (id 67)
20:55:58,853 DEBUG NetworkManager:<debug> [1548708958.7222] ndisc[0x562fef3ff0e0,"eth0"]: router solicitation sent
20:55:58,853 DEBUG NetworkManager:<debug> [1548708958.7222] ndisc[0x562fef3ff0e0,"eth0"]: scheduling router solicitation retry in 4 seconds.
20:55:58,856 DEBUG NetworkManager:<debug> [1548708958.7223] device[0x562fef395320] (eth0): ip6-config: update (commit=0, new-config=0x562fef3f0770)
20:55:58,857 DEBUG NetworkManager:<debug> [1548708958.7225] device[0x562fef395320] (eth0): ip6-config: update IP Config instance (/org/freedesktop/NetworkManager/IP6Config/1)
20:55:58,857 DEBUG NetworkManager:<debug> [1548708958.7225] dns-mgr: (device_ip_config_changed): queueing DNS updates (1)
20:55:58,857 DEBUG NetworkManager:<debug> [1548708958.7225] dns-mgr: (device_ip_config_changed): DNS configuration did not change
20:55:58,857 DEBUG NetworkManager:<debug> [1548708958.7225] dns-mgr: (device_ip_config_changed): no DNS changes to commit (0)
20:55:58,857 DEBUG NetworkManager:<debug> [1548708958.7226] manager: check_if_startup_complete returns FALSE because of eth0
20:55:58,858 INFO polkitd:Started polkitd version 0.112
20:55:58,858 DEBUG nm-dispatcher:req:1 'hostname', "/etc/NetworkManager/dispatcher.d/00-netreport": complete
20:55:58,862 DEBUG nm-dispatcher:req:1 'hostname', "/etc/NetworkManager/dispatcher.d/04-iscsi": run script
20:55:58,863 DEBUG nm-dispatcher:req:1 'hostname', "/etc/NetworkManager/dispatcher.d/04-iscsi": complete
20:55:58,863 DEBUG nm-dispatcher:req:1 'hostname', "/etc/NetworkManager/dispatcher.d/11-dhclient": run script
20:55:58,889 DEBUG nm-dispatcher:req:1 'hostname', "/etc/NetworkManager/dispatcher.d/11-dhclient": complete
20:55:58,890 DEBUG nm-dispatcher:req:1 'hostname', "/etc/NetworkManager/dispatcher.d/20-chrony": run script
20:55:58,897 INFO systemd:Started Authorization Manager.
20:55:58,897 NOTICE dbus:[system] Successfully activated service 'org.freedesktop.PolicyKit1'
20:55:58,898 DEBUG NetworkManager:<debug> [1548708958.8978] auth: dbus name owner: ':1.7'
20:55:58,898 DEBUG NetworkManager:<debug> [1548708958.8978] auth: emit changed signal
20:55:58,961 DEBUG NetworkManager:<debug> [1548708958.9610] ndisc-lndp[0x562fef3ff0e0,"eth0"]: processing libndp events
20:55:58,961 DEBUG NetworkManager:<debug> [1548708958.9611] ndisc-lndp[0x562fef3ff0e0,"eth0"]: processing libndp events
20:55:58,961 DEBUG NetworkManager:<debug> [1548708958.9612] ndisc-lndp[0x562fef3ff0e0,"eth0"]: processing libndp events
20:55:58,962 DEBUG nm-dispatcher:req:1 'hostname', "/etc/NetworkManager/dispatcher.d/20-chrony": complete
20:55:58,962 DEBUG nm-dispatcher:req:1 'hostname': completed (4 scripts)
20:55:58,962 INFO nm-dispatcher:req:2 'connectivity-change': start running ordered scripts...
